Microchip MPLAB XC8 Compiler V1.42 ()

Linker command line:

-W-3 --edf=/Applications/microchip/xc8/v1.42/dat/en_msgs.txt -cs \
  -h+dist/C18_18F87K22/debug/cronometro.X.debug.sym \
  --cmf=dist/C18_18F87K22/debug/cronometro.X.debug.cmf -z -Q18F2550 \
  -o/tmp/xcKEFIZZh -Mdist/C18_18F87K22/debug/cronometro.X.debug.map -E1 \
  -ver=XC8 -ASTACK=0400h-07ffh -pstack=STACK -ACODE=00h-07CFFh \
  -ACONST=00h-07CFFh -ASMALLCONST=0800h-08FFhx117 \
  -AMEDIUMCONST=0800h-07CFFh -ACOMRAM=01h-05Fh -AABS1=00h-03EEh,0400h-07FFh \
  -ABIGRAM=01h-03EEh,0400h-07FFh \
  -ARAM=060h-0FFh,0100h-01FFhx2,0300h-03EEh,0400h-04FFhx4 -ABANK0=060h-0FFh \
  -ABANK1=0100h-01FFh -ABANK2=0200h-02FFh -ABANK3=0300h-03EEh \
  -ABANK4=0400h-04FFh -ABANK5=0500h-05FFh -ABANK6=0600h-06FFh \
  -ABANK7=0700h-07FFh \
  -ASFR=0F60h-0F9Bh,0F9Dh-0FD3h,0FD5h-0FDAh,0FE0h-0FE2h,0FE8h-0FEAh,0FF0h-0FFBh \
  -preset_vec=00h,intcode=08h,intcodelo,powerup,init -pramtop=0800h \
  -psmallconst=SMALLCONST -pmediumconst=MEDIUMCONST -pconst=CONST \
  -AFARRAM=00h-00h -ACONFIG=0300000h-030000Dh -pconfig=CONFIG \
  -AIDLOC=0200000h-0200007h -pidloc=IDLOC -AEEDATA=0F00000h-0F000FFh \
  -peeprom_data=EEDATA \
  -prdata=COMRAM,nvrram=COMRAM,nvbit=COMRAM,rbss=COMRAM,rbit=COMRAM \
  -pfarbss=FARRAM,fardata=FARRAM,nvFARRAM=FARRAM \
  -pintsave_regs=BIGRAM,bigbss=BIGRAM,bigdata=BIGRAM -pbss=RAM \
  -pidata=CODE,irdata=CODE,ibigdata=CODE,ifardata=CODE -prparam=COMRAM \
  /tmp/xcTxeIJaY.obj dist/C18_18F87K22/debug/cronometro.X.debug.obj 

Object code version is 3.11

Machine type is 18F2550

Call graph: (short form)




                Name                               Link     Load   Length Selector   Space Scale
/tmp/xcTxeIJaY.obj
                init                                  E        E        4        4       0
                reset_vec                             0        0        6        0       0
                idloc                            200000   200000        8   200000       0
                config                           300000   300000        E   300000       0
dist/C18_18F87K22/debug/cronometro.X.debug.obj
                intcode                               8        8        6        4       0
                temp                                 3A       3A        1        1       1
                text42                             174A     174A        6        4       0
                text41                             1774     1774        4        4       0
                text40                             1770     1770        4        4       0
                text39                             13C6     13C6       5A        4       0
                text38                             1714     1714       18        4       0
                text37                             16C2     16C2       2C        4       0
                text36                             1524     1524       56        4       0
                text35                             1652     1652       3A        4       0
                text34                             176C     176C        4        4       0
                text33                               12       12      46A        4       0
                text32                              DC0      DC0      12E        4       0
                text31                              EEE      EEE       AC        4       0
                text30                             1420     1420       58        4       0
                text29                             168C     168C       36        4       0
                text28                             173C     173C        8        4       0
                text27                             1734     1734        8        4       0
                text26                             160A     160A       48        4       0
                text25                             1768     1768        4        4       0
                text24                             1764     1764        4        4       0
                text23                             15C2     15C2       48        4       0
                text22                              B1C      B1C      172        4       0
                intcode_body                        7FE      7FE      31E        4       0
                text20                             1778     1778        2        4       0
                text19                             1308     1308       64        4       0
                text18                             172C     172C        8        4       0
                text17                             1744     1744        6        4       0
                text16                             1760     1760        4        4       0
                text15                             175C     175C        4        4       0
                text14                             1758     1758        4        4       0
                text13                             136C     136C       5A        4       0
                text12                             129A     129A       6E        4       0
                text11                              C8E      C8E      132        4       0
                text10                             14CE     14CE       56        4       0
                text9                              120A     120A       90        4       0
                text8                              117A     117A       90        4       0
                text7                              1040     1040       A6        4       0
                text6                              10E6     10E6       94        4       0
                text5                              157A     157A       48        4       0
                text4                               F9A      F9A       A6        4       0
                text3                              1478     1478       56        4       0
                text2                              1754     1754        4        4       0
                text1                              1750     1750        4        4       0
                text0                               47C      47C      382        4       0
                cstackCOMRAM                          1        1       30        1       1
                cstackBANK0                          60       60       48       60       1
                bssBANK0                             A8       A8       10       60       1
                bssCOMRAM                            31       31        7        1       1
                cinit                              16EE     16EE       26        4       0
                nvBANK0                              B8       B8        2       60       1
                nvCOMRAM                             38       38        2        1       1

TOTAL           Name                               Link     Load   Length     Space
        CLASS   STACK          

        CLASS   CODE           
                intcode                               8        8        6         0
                init                                  E        E        4         0
                reset_vec                             0        0        6         0
                text42                             174A     174A        6         0
                text41                             1774     1774        4         0
                text40                             1770     1770        4         0
                text39                             13C6     13C6       5A         0
                text38                             1714     1714       18         0
                text37                             16C2     16C2       2C         0
                text36                             1524     1524       56         0
                text35                             1652     1652       3A         0
                text34                             176C     176C        4         0
                text33                               12       12      46A         0
                text32                              DC0      DC0      12E         0
                text31                              EEE      EEE       AC         0
                text30                             1420     1420       58         0
                text29                             168C     168C       36         0
                text28                             173C     173C        8         0
                text27                             1734     1734        8         0
                text26                             160A     160A       48         0
                text25                             1768     1768        4         0
                text24                             1764     1764        4         0
                text23                             15C2     15C2       48         0
                text22                              B1C      B1C      172         0
                intcode_body                        7FE      7FE      31E         0
                text20                             1778     1778        2         0
                text19                             1308     1308       64         0
                text18                             172C     172C        8         0
                text17                             1744     1744        6         0
                text16                             1760     1760        4         0
                text15                             175C     175C        4         0
                text14                             1758     1758        4         0
                text13                             136C     136C       5A         0
                text12                             129A     129A       6E         0
                text11                              C8E      C8E      132         0
                text10                             14CE     14CE       56         0
                text9                              120A     120A       90         0
                text8                              117A     117A       90         0
                text7                              1040     1040       A6         0
                text6                              10E6     10E6       94         0
                text5                              157A     157A       48         0
                text4                               F9A      F9A       A6         0
                text3                              1478     1478       56         0
                text2                              1754     1754        4         0
                text1                              1750     1750        4         0
                text0                               47C      47C      382         0
                cinit                              16EE     16EE       26         0

        CLASS   CONST          

        CLASS   SMALLCONST     

        CLASS   MEDIUMCONST    

        CLASS   COMRAM         
                temp                                 3A       3A        1         1
                cstackCOMRAM                          1        1       30         1
                bssCOMRAM                            31       31        7         1
                nvCOMRAM                             38       38        2         1

        CLASS   ABS1           

        CLASS   BIGRAM         

        CLASS   RAM            

        CLASS   BANK0          
                cstackBANK0                          60       60       48         1
                bssBANK0                             A8       A8       10         1
                nvBANK0                              B8       B8        2         1

        CLASS   BANK1          

        CLASS   BANK2          

        CLASS   BANK3          

        CLASS   BANK4          

        CLASS   BANK5          

        CLASS   BANK6          

        CLASS   BANK7          

        CLASS   SFR            

        CLASS   FARRAM         

        CLASS   CONFIG         
                config                           300000   300000        E         0

        CLASS   IDLOC          
                idloc                            200000   200000        8         0

        CLASS   EEDATA         



SEGMENTS        Name                           Load    Length   Top    Selector   Space  Class

                reset_vec                      000000  000006  000006         0       0  CODE    
                cstackCOMRAM                   000001  00003A  00003B         1       1  COMRAM  
                intcode                        000008  001772  00177A         4       0  CODE    
                cstackBANK0                    000060  00005A  0000BA        60       1  BANK0   
                idloc                          200000  000008  200008    200000       0  IDLOC   
                config                         300000  00000E  30000E    300000       0  CONFIG  


UNUSED ADDRESS RANGES

        Name                Unused          Largest block    Delta
        BANK0            0000BA-0000FF               46
        BANK1            000100-0001FF              100
        BANK2            000200-0002FF              100
        BANK3            000300-0003EE               EF
        BANK4            000400-0004FF              100
        BANK5            000500-0005FF              100
        BANK6            000600-0006FF              100
        BANK7            000700-0007FF              100
        BIGRAM           00003B-00005F               25
                         0000BA-0003EE              335
                         000400-0007FF              400
        CODE             000006-000007                2
                         00177A-007CFF             6586
        COMRAM           00003B-00005F               25
        CONST            000006-000007                2
                         00177A-007CFF             6586
        EEDATA           F00000-F000FF              100
        MEDIUMCONST      00177A-007CFF             6586
        RAM              0000BA-0003EE              100
                         000400-0007FF              100
        SFR              000F60-000F9B               3C
                         000F9D-000FD3               37
                         000FD5-000FDA                6
                         000FE0-000FE2                3
                         000FE8-000FEA                3
                         000FF0-000FFB                C
        SMALLCONST       00177A-007CFF              100
        STACK            000400-0007FF              400

                                  Symbol Table

?___awdiv                          cstackBANK0  00009C
?___awmod                          cstackBANK0  00009C
?_get_next_state                   cstackCOMRAM 00000E
_ADCON1                            (abs)        000FC1
_CCP2CON                           (abs)        000FBA
_ConfigureOscillator               text20       001778
_INTCON                            (abs)        000FF2
_INTCON2                           (abs)        000FF1
_INTCONbits                        (abs)        000FF2
_InitApp                           text19       001308
_PIE1                              (abs)        000F9D
_RA2                               (abs)        007C02
_RA3                               (abs)        007C03
_RA5                               (abs)        007C05
_RB0                               (abs)        007C08
_RB1                               (abs)        007C09
_RB3                               (abs)        007C0B
_RB4                               (abs)        007C0C
_RB5                               (abs)        007C0D
_RBIF                              (abs)        007F90
_SSPCON1                           (abs)        000FC6
_T0CON                             (abs)        000FD5
_T1CON                             (abs)        000FCD
_TMR0IF                            (abs)        007F92
_TMR1IF                            (abs)        007CF0
_TRISA2                            (abs)        007C92
_TRISA3                            (abs)        007C93
_TRISA5                            (abs)        007C95
_TRISB1                            (abs)        007C99
_TRISB3                            (abs)        007C9B
_TRISB4                            (abs)        007C9C
__CFG_BOR$ON                       (abs)        000000
__CFG_BORV$3                       (abs)        000000
__CFG_CCP2MX$ON                    (abs)        000000
__CFG_CP0$OFF                      (abs)        000000
__CFG_CP1$OFF                      (abs)        000000
__CFG_CP2$OFF                      (abs)        000000
__CFG_CP3$OFF                      (abs)        000000
__CFG_CPB$OFF                      (abs)        000000
__CFG_CPD$OFF                      (abs)        000000
__CFG_CPUDIV$OSC1_PLL2             (abs)        000000
__CFG_EBTR0$OFF                    (abs)        000000
__CFG_EBTR1$OFF                    (abs)        000000
__CFG_EBTR2$OFF                    (abs)        000000
__CFG_EBTR3$OFF                    (abs)        000000
__CFG_EBTRB$OFF                    (abs)        000000
__CFG_FCMEN$OFF                    (abs)        000000
__CFG_FOSC$HS                      (abs)        000000
__CFG_IESO$OFF                     (abs)        000000
__CFG_LPT1OSC$OFF                  (abs)        000000
__CFG_LVP$ON                       (abs)        000000
__CFG_MCLRE$ON                     (abs)        000000
__CFG_PBADEN$OFF                   (abs)        000000
__CFG_PLLDIV$1                     (abs)        000000
__CFG_PWRT$OFF                     (abs)        000000
__CFG_STVREN$ON                    (abs)        000000
__CFG_USBDIV$1                     (abs)        000000
__CFG_VREGEN$OFF                   (abs)        000000
__CFG_WDT$ON                       (abs)        000000
__CFG_WDTPS$32768                  (abs)        000000
__CFG_WRT0$OFF                     (abs)        000000
__CFG_WRT1$OFF                     (abs)        000000
__CFG_WRT2$OFF                     (abs)        000000
__CFG_WRT3$OFF                     (abs)        000000
__CFG_WRTB$OFF                     (abs)        000000
__CFG_WRTC$OFF                     (abs)        000000
__CFG_WRTD$OFF                     (abs)        000000
__CFG_XINST$OFF                    (abs)        000000
__HRAM                             (abs)        000000
__Habs1                            abs1         000000
__Hbank0                           bank0        000000
__Hbank1                           bank1        000000
__Hbank2                           bank2        000000
__Hbank3                           bank3        000000
__Hbank4                           bank4        000000
__Hbank5                           bank5        000000
__Hbank6                           bank6        000000
__Hbank7                           bank7        000000
__Hbigbss                          bigbss       000000
__Hbigdata                         bigdata      000000
__Hbigram                          bigram       000000
__Hbss                             bss          000000
__HbssBANK0                        bssBANK0     000000
__HbssCOMRAM                       bssCOMRAM    000000
__Hcinit                           cinit        000000
__Hclrtext                         clrtext      000000
__Hcomram                          comram       000000
__Hconfig                          config       30000E
__Hconst                           const        000000
__HcstackBANK0                     cstackBANK0  000000
__HcstackCOMRAM                    cstackCOMRAM 000000
__Hdata                            data         000000
__Heeprom_data                     eeprom_data  000000
__Hfarbss                          farbss       000000
__Hfardata                         fardata      000000
__Hibigdata                        ibigdata     000000
__Hidata                           idata        000000
__Hidloc                           idloc        200008
__Hifardata                        ifardata     000000
__Hinit                            init         000012
__Hintcode                         intcode      00000E
__Hintcode_body                    intcode_body 000000
__Hintcodelo                       intcodelo    00000E
__Hintentry                        intentry     000000
__Hintret                          intret       000000
__Hintsave_regs                    intsave_regs 000000
__Hirdata                          irdata       000000
__Hmediumconst                     mediumconst  000000
__HnvBANK0                         nvBANK0      000000
__HnvCOMRAM                        nvCOMRAM     000000
__HnvFARRAM                        nvFARRAM     000000
__Hnvbit                           nvbit        000000
__Hnvrram                          nvrram       000000
__Hparam                           rparam       000000
__Hpowerup                         powerup      00000E
__Hram                             ram          000000
__Hramtop                          ramtop       000800
__Hrbit                            rbit         000000
__Hrbss                            rbss         000000
__Hrdata                           rdata        000000
__Hreset_vec                       reset_vec    000006
__Hrparam                          rparam       000000
__Hsfr                             sfr          000000
__Hsmallconst                      smallconst   000000
__Hspace_0                         (abs)        30000E
__Hspace_1                         (abs)        0000BA
__Hspace_2                         (abs)        000000
__Hstack                           stack        000000
__Hstruct                          struct       000000
__Htemp                            temp         00003B
__Htext                            text         000000
__Htext0                           text0        000000
__Htext1                           text1        000000
__Htext10                          text10       000000
__Htext11                          text11       000000
__Htext12                          text12       000000
__Htext13                          text13       000000
__Htext14                          text14       000000
__Htext15                          text15       000000
__Htext16                          text16       000000
__Htext17                          text17       000000
__Htext18                          text18       000000
__Htext19                          text19       000000
__Htext2                           text2        000000
__Htext20                          text20       000000
__Htext22                          text22       000000
__Htext23                          text23       000000
__Htext24                          text24       000000
__Htext25                          text25       000000
__Htext26                          text26       000000
__Htext27                          text27       000000
__Htext28                          text28       000000
__Htext29                          text29       000000
__Htext3                           text3        000000
__Htext30                          text30       000000
__Htext31                          text31       000000
__Htext32                          text32       000000
__Htext33                          text33       000000
__Htext34                          text34       000000
__Htext35                          text35       000000
__Htext36                          text36       000000
__Htext37                          text37       000000
__Htext38                          text38       000000
__Htext39                          text39       000000
__Htext4                           text4        000000
__Htext40                          text40       000000
__Htext41                          text41       000000
__Htext42                          text42       000000
__Htext5                           text5        000000
__Htext6                           text6        000000
__Htext7                           text7        000000
__Htext8                           text8        000000
__Htext9                           text9        000000
__LRAM                             (abs)        000001
__Labs1                            abs1         000000
__Lbank0                           bank0        000000
__Lbank1                           bank1        000000
__Lbank2                           bank2        000000
__Lbank3                           bank3        000000
__Lbank4                           bank4        000000
__Lbank5                           bank5        000000
__Lbank6                           bank6        000000
__Lbank7                           bank7        000000
__Lbigbss                          bigbss       000000
__Lbigdata                         bigdata      000000
__Lbigram                          bigram       000000
__Lbss                             bss          000000
__LbssBANK0                        bssBANK0     000000
__LbssCOMRAM                       bssCOMRAM    000000
__Lcinit                           cinit        000000
__Lclrtext                         clrtext      000000
__Lcomram                          comram       000000
__Lconfig                          config       300000
__Lconst                           const        000000
__LcstackBANK0                     cstackBANK0  000000
__LcstackCOMRAM                    cstackCOMRAM 000000
__Ldata                            data         000000
__Leeprom_data                     eeprom_data  000000
__Lfarbss                          farbss       000000
__Lfardata                         fardata      000000
__Libigdata                        ibigdata     000000
__Lidata                           idata        000000
__Lidloc                           idloc        200000
__Lifardata                        ifardata     000000
__Linit                            init         00000E
__Lintcode                         intcode      000008
__Lintcode_body                    intcode_body 000000
__Lintcodelo                       intcodelo    00000E
__Lintentry                        intentry     000000
__Lintret                          intret       000000
__Lintsave_regs                    intsave_regs 000000
__Lirdata                          irdata       000000
__Lmediumconst                     mediumconst  000000
__LnvBANK0                         nvBANK0      000000
__LnvCOMRAM                        nvCOMRAM     000000
__LnvFARRAM                        nvFARRAM     000000
__Lnvbit                           nvbit        000000
__Lnvrram                          nvrram       000000
__Lparam                           rparam       000000
__Lpowerup                         powerup      00000E
__Lram                             ram          000000
__Lramtop                          ramtop       000800
__Lrbit                            rbit         000000
__Lrbss                            rbss         000000
__Lrdata                           rdata        000000
__Lreset_vec                       reset_vec    000000
__Lrparam                          rparam       000000
__Lsfr                             sfr          000000
__Lsmallconst                      smallconst   000000
__Lspace_0                         (abs)        000000
__Lspace_1                         (abs)        000000
__Lspace_2                         (abs)        000000
__Lstack                           stack        000000
__Lstruct                          struct       000000
__Ltemp                            temp         00003A
__Ltext                            text         000000
__Ltext0                           text0        000000
__Ltext1                           text1        000000
__Ltext10                          text10       000000
__Ltext11                          text11       000000
__Ltext12                          text12       000000
__Ltext13                          text13       000000
__Ltext14                          text14       000000
__Ltext15                          text15       000000
__Ltext16                          text16       000000
__Ltext17                          text17       000000
__Ltext18                          text18       000000
__Ltext19                          text19       000000
__Ltext2                           text2        000000
__Ltext20                          text20       000000
__Ltext22                          text22       000000
__Ltext23                          text23       000000
__Ltext24                          text24       000000
__Ltext25                          text25       000000
__Ltext26                          text26       000000
__Ltext27                          text27       000000
__Ltext28                          text28       000000
__Ltext29                          text29       000000
__Ltext3                           text3        000000
__Ltext30                          text30       000000
__Ltext31                          text31       000000
__Ltext32                          text32       000000
__Ltext33                          text33       000000
__Ltext34                          text34       000000
__Ltext35                          text35       000000
__Ltext36                          text36       000000
__Ltext37                          text37       000000
__Ltext38                          text38       000000
__Ltext39                          text39       000000
__Ltext4                           text4        000000
__Ltext40                          text40       000000
__Ltext41                          text41       000000
__Ltext42                          text42       000000
__Ltext5                           text5        000000
__Ltext6                           text6        000000
__Ltext7                           text7        000000
__Ltext8                           text8        000000
__Ltext9                           text9        000000
__S0                               (abs)        30000E
__S1                               (abs)        0000BA
__S2                               (abs)        000000
___awdiv                           text7        001040
___awdiv@counter                   cstackCOMRAM 000026
___awdiv@dividend                  cstackBANK0  00009C
___awdiv@divisor                   cstackBANK0  00009E
___awdiv@quotient                  cstackCOMRAM 000028
___awdiv@sign                      cstackCOMRAM 000027
___awmod                           text6        0010E6
___awmod@counter                   cstackCOMRAM 000026
___awmod@dividend                  cstackBANK0  00009C
___awmod@divisor                   cstackBANK0  00009E
___awmod@sign                      cstackCOMRAM 000027
___inthi_sp                        stack        000000
___intlo_sp                        stack        000000
___param_bank                      (abs)        000000
___rparam_used                     (abs)        000001
___sp                              stack        000000
__accesstop                        (abs)        000060
__activetblptr                     (abs)        000002
__end_of_ConfigureOscillator       text20       00177A
__end_of_InitApp                   text19       00136C
__end_of___awdiv                   text7        0010E6
__end_of___awmod                   text6        00117A
__end_of__initialization           cinit        001706
__end_of_buzzer_disable            text18       001734
__end_of_buzzer_enable             text28       001744
__end_of_byte_read                 text12       001308
__end_of_byte_write                text38       00172C
__end_of_ce_disable                text17       00174A
__end_of_ce_enable                 text16       001764
__end_of_get_cents_reg             text5        0015C2
__end_of_get_hour_reg              text37       0016EE
__end_of_get_next_state            text33       00047C
__end_of_get_num                   text31       000F9A
__end_of_get_seconds_reg           text10       001524
__end_of_get_time                  text11       000DC0
__end_of_get_timer1_counter        text9        00129A
__end_of_get_timer1_counter_down   text8        00120A
__end_of_get_timer1_counter_speed  text4        001040
__end_of_high_isr                  intcode_body 000B1C
__end_of_io_as_input               text15       001760
__end_of_io_as_output              text14       00175C
__end_of_ir_get_human_code         text32       000EEE
__end_of_ir_is_code_number         text3        0014CE
__end_of_main                      text0        0007FE
__end_of_point_disable             text25       00176C
__end_of_point_enable              text24       001768
__end_of_put_num                   text30       001478
__end_of_put_nums                  text29       0016C2
__end_of_send_command              text13       0013C6
__end_of_set_time                  text35       00168C
__end_of_timer1_disable            text2        001758
__end_of_timer1_enable             text1        001754
__end_of_update_buzzer             text26       001652
__end_of_update_point              text23       00160A
__end_of_update_timer1_counter_10  text22       000C8E
__end_ofi2_buzzer_disable          text27       00173C
__end_ofi2_ce_disable              text42       001750
__end_ofi2_ce_enable               text41       001778
__end_ofi2_get_seconds_reg         text36       00157A
__end_ofi2_io_as_output            text40       001774
__end_ofi2_send_command            text39       001420
__end_ofi2_timer1_enable           text34       001770
__initialization                   cinit        0016EE
__mediumconst                      mediumconst  000000
__pbssBANK0                        bssBANK0     0000A8
__pbssCOMRAM                       bssCOMRAM    000031
__pcinit                           cinit        0016EE
__pcstackBANK0                     cstackBANK0  000060
__pcstackCOMRAM                    cstackCOMRAM 000001
__pintcode                         intcode      000008
__pintcode_body                    intcode_body 0007FE
__pnvBANK0                         nvBANK0      0000B8
__pnvCOMRAM                        nvCOMRAM     000038
__ptext0                           text0        00047C
__ptext1                           text1        001750
__ptext10                          text10       0014CE
__ptext11                          text11       000C8E
__ptext12                          text12       00129A
__ptext13                          text13       00136C
__ptext14                          text14       001758
__ptext15                          text15       00175C
__ptext16                          text16       001760
__ptext17                          text17       001744
__ptext18                          text18       00172C
__ptext19                          text19       001308
__ptext2                           text2        001754
__ptext20                          text20       001778
__ptext22                          text22       000B1C
__ptext23                          text23       0015C2
__ptext24                          text24       001764
__ptext25                          text25       001768
__ptext26                          text26       00160A
__ptext27                          text27       001734
__ptext28                          text28       00173C
__ptext29                          text29       00168C
__ptext3                           text3        001478
__ptext30                          text30       001420
__ptext31                          text31       000EEE
__ptext32                          text32       000DC0
__ptext33                          text33       000012
__ptext34                          text34       00176C
__ptext35                          text35       001652
__ptext36                          text36       001524
__ptext37                          text37       0016C2
__ptext38                          text38       001714
__ptext39                          text39       0013C6
__ptext4                           text4        000F9A
__ptext40                          text40       001770
__ptext41                          text41       001774
__ptext42                          text42       00174A
__ptext5                           text5        00157A
__ptext6                           text6        0010E6
__ptext7                           text7        001040
__ptext8                           text8        00117A
__ptext9                           text9        00120A
__ramtop                           ramtop       000800
__size_of_ConfigureOscillator      (abs)        000000
__size_of_InitApp                  (abs)        000000
__size_of___awdiv                  (abs)        000000
__size_of___awmod                  (abs)        000000
__size_of_buzzer_disable           (abs)        000000
__size_of_buzzer_enable            (abs)        000000
__size_of_byte_read                (abs)        000000
__size_of_byte_write               (abs)        000000
__size_of_ce_disable               (abs)        000000
__size_of_ce_enable                (abs)        000000
__size_of_get_cents_reg            (abs)        000000
__size_of_get_hour_reg             (abs)        000000
__size_of_get_next_state           (abs)        000000
__size_of_get_num                  (abs)        000000
__size_of_get_seconds_reg          (abs)        000000
__size_of_get_time                 (abs)        000000
__size_of_get_timer1_counter       (abs)        000000
__size_of_get_timer1_counter_down  (abs)        000000
__size_of_get_timer1_counter_speed (abs)        000000
__size_of_high_isr                 (abs)        000000
__size_of_io_as_input              (abs)        000000
__size_of_io_as_output             (abs)        000000
__size_of_ir_get_human_code        (abs)        000000
__size_of_ir_is_code_number        (abs)        000000
__size_of_main                     (abs)        000000
__size_of_point_disable            (abs)        000000
__size_of_point_enable             (abs)        000000
__size_of_put_num                  (abs)        000000
__size_of_put_nums                 (abs)        000000
__size_of_send_command             (abs)        000000
__size_of_set_time                 (abs)        000000
__size_of_timer1_disable           (abs)        000000
__size_of_timer1_enable            (abs)        000000
__size_of_update_buzzer            (abs)        000000
__size_of_update_point             (abs)        000000
__size_of_update_timer1_counter_10 (abs)        000000
__size_ofi2_buzzer_disable         (abs)        000000
__size_ofi2_ce_disable             (abs)        000000
__size_ofi2_ce_enable              (abs)        000000
__size_ofi2_get_seconds_reg        (abs)        000000
__size_ofi2_io_as_output           (abs)        000000
__size_ofi2_send_command           (abs)        000000
__size_ofi2_timer1_enable          (abs)        000000
__smallconst                       smallconst   000000
_aux1                              bssBANK0     0000B1
_buzzer_disable                    text18       00172C
_buzzer_enable                     text28       00173C
_buzzer_status                     bssBANK0     0000AA
_byte_read                         text12       00129A
_byte_write                        text38       001714
_ce_disable                        text17       001744
_ce_enable                         text16       001760
_counter                           bssBANK0     0000A8
_get_cents_reg                     text5        00157A
_get_hour_reg                      text37       0016C2
_get_next_state                    text33       000012
_get_num                           text31       000EEE
_get_seconds_reg                   text10       0014CE
_get_time                          text11       000C8E
_get_timer1_counter                text9        00120A
_get_timer1_counter_down           text8        00117A
_get_timer1_counter_speed          text4        000F9A
_high_isr                          intcode      000008
_human_code                        bssCOMRAM    000037
_io_as_input                       text15       00175C
_io_as_output                      text14       001758
_ir_get_human_code                 text32       000DC0
_ir_is_code_number                 text3        001478
_main                              text0        00047C
_masked_digits                     bssBANK0     0000AB
_next                              bssCOMRAM    000031
_point_disable                     text25       001768
_point_enable                      text24       001764
_put_num                           text30       001420
_put_num$939                       cstackCOMRAM 000005
_put_nums                          text29       00168C
_send_command                      text13       00136C
_set_time                          text35       001652
_state                             nvBANK0      0000B8
_timer1_counter                    bssBANK0     0000A9
_timer1_counter_10                 bssBANK0     0000B7
_timer1_counter_min                bssCOMRAM    000036
_timer1_disable                    text2        001754
_timer1_down_init_min              bssCOMRAM    000035
_timer1_down_init_sec              bssCOMRAM    000034
_timer1_enable                     text1        001750
_timer1_speed_cents                bssCOMRAM    000033
_timer1_up_limit_min               nvCOMRAM     000038
_timer1_up_limit_sec               nvCOMRAM     000039
_update_buzzer                     text26       00160A
_update_point                      text23       0015C2
_update_timer1_counter_10          text22       000B1C
btemp                              temp         00003A
byte_read@address                  cstackCOMRAM 00002D
byte_read@i                        cstackCOMRAM 00002F
byte_read@res                      cstackCOMRAM 00002E
byte_write@address                 cstackCOMRAM 000007
byte_write@value                   cstackCOMRAM 000006
end_of_initialization              cinit        001706
get_cents_reg@cents                cstackCOMRAM 00002D
get_cents_reg@res                  cstackCOMRAM 00002C
get_hour_reg@hour                  cstackCOMRAM 000002
get_hour_reg@res                   cstackCOMRAM 000001
get_next_state@code                cstackCOMRAM 000010
get_next_state@hour                cstackCOMRAM 000014
get_next_state@minutes             cstackCOMRAM 000013
get_next_state@seconds             cstackCOMRAM 000012
get_next_state@state               cstackCOMRAM 00000E
get_num@num                        cstackCOMRAM 000001
get_seconds_reg@res                cstackCOMRAM 000026
get_seconds_reg@seconds            cstackCOMRAM 000027
get_time@aux                       cstackBANK0  0000A3
get_time@aux_hour                  cstackBANK0  0000A1
get_time@data                      cstackBANK0  00009C
get_time@format                    cstackBANK0  00009E
get_time@hours                     cstackBANK0  0000A4
get_time@minutes                   cstackBANK0  0000A2
get_time@seconds                   cstackBANK0  0000A0
get_timer1_counter@data            cstackBANK0  00009C
get_timer1_counter_down@data       cstackBANK0  00009C
get_timer1_counter_speed@data      cstackBANK0  0000A0
high_isr@aux                       cstackBANK0  000095
high_isr@code                      cstackBANK0  000060
high_isr@digits                    cstackBANK0  00008F
high_isr@final_code                cstackBANK0  000096
high_isr@i                         cstackBANK0  000098
high_isr@i_156                     cstackBANK0  00009A
i2_buzzer_disable                  text27       001734
i2_ce_disable                      text42       00174A
i2_ce_enable                       text41       001774
i2_get_seconds_reg                 text36       001524
i2_io_as_output                    text40       001770
i2_send_command                    text39       0013C6
i2_timer1_enable                   text34       00176C
i2get_seconds_reg@res              cstackCOMRAM 000001
i2get_seconds_reg@seconds          cstackCOMRAM 000002
i2send_command@command             cstackCOMRAM 000003
i2send_command@i                   cstackCOMRAM 000004
int$flags                          temp         00003A
int_func                           intcode_body 0007FE
intlevel0                          text         000000
intlevel1                          text         000000
intlevel2                          text         000000
intlevel3                          text         000000
ir_get_human_code@code             cstackCOMRAM 000001
ir_get_human_code@human_read_code  cstackCOMRAM 000005
ir_is_code_number@human_code       cstackCOMRAM 000026
main@format                        cstackBANK0  0000A7
put_num@i                          cstackCOMRAM 000006
put_num@mask                       cstackCOMRAM 000004
put_num@num                        cstackCOMRAM 000003
put_nums@i                         cstackCOMRAM 00000A
put_nums@nums                      cstackCOMRAM 000008
send_command@command               cstackCOMRAM 000028
send_command@i                     cstackCOMRAM 000029
set_time@hour                      cstackCOMRAM 000009
set_time@hour_reg                  cstackCOMRAM 00000D
set_time@min_reg                   cstackCOMRAM 00000C
set_time@minutes                   cstackCOMRAM 000008
set_time@sec_reg                   cstackCOMRAM 00000B
set_time@seconds                   cstackCOMRAM 00000A
stackhi                            (abs)        0007FF
stacklo                            (abs)        000400
start                              init         00000E
start_initialization               cinit        0016EE
update_buzzer@counter              cstackCOMRAM 000003
update_buzzer@state                cstackCOMRAM 000001
update_point@counter               cstackCOMRAM 000003
update_point@state                 cstackCOMRAM 000001
update_timer1_counter_10@counter   cstackCOMRAM 000001
update_timer1_counter_10@state     cstackCOMRAM 000004


FUNCTION INFORMATION:

 *************** function _main *****************
 Defined at:
		line 37 in file "main.c"
 Parameters:    Size  Location     Type
		None
 Auto vars:     Size  Location     Type
  format          1   71[BANK0 ] unsigned char 
  temp            1    0        unsigned char 
 Return value:  Size  Location     Type
                  1    wreg      void 
 Registers used:
		wreg, fsr2l, fsr2h, status,2, status,0, prodl, prodh, cstack
 Tracked objects:
		On entry : 
		On exit  : 
		Unchanged: 
 Data sizes:     COMRAM   BANK0   BANK1   BANK2   BANK3   BANK4   BANK5   BANK6   BANK7
      Params:         0       0       0       0       0       0       0       0       0
      Locals:         0       1       0       0       0       0       0       0       0
      Temps:          0       2       0       0       0       0       0       0       0
      Totals:         0       3       0       0       0       0       0       0       0
Total ram usage:        3 bytes
 Hardware stack levels required when called:   10
 This function calls:
		_ConfigureOscillator
		_InitApp
		_buzzer_disable
		_get_time
		_get_timer1_counter
		_get_timer1_counter_down
		_get_timer1_counter_speed
		_ir_is_code_number
		_timer1_disable
		_timer1_enable
 This function is called by:
		Startup code after reset
 This function uses a non-reentrant model


 *************** function _timer1_enable *****************
 Defined at:
		line 628 in file "user.c"
 Parameters:    Size  Location     Type
		None
 Auto vars:     Size  Location     Type
		None
 Return value:  Size  Location     Type
                  1    wreg      void 
 Registers used:
		status,2, status,0
 Tracked objects:
		On entry : 
		On exit  : 
		Unchanged: 
 Data sizes:     COMRAM   BANK0   BANK1   BANK2   BANK3   BANK4   BANK5   BANK6   BANK7
      Params:         0       0       0       0       0       0       0       0       0
      Locals:         0       0       0       0       0       0       0       0       0
      Temps:          0       0       0       0       0       0       0       0       0
      Totals:         0       0       0       0       0       0       0       0       0
Total ram usage:        0 bytes
 Hardware stack levels used:    1
 Hardware stack levels required when called:    6
 This function calls:
		Nothing
 This function is called by:
		_main
 This function uses a non-reentrant model


 *************** function _timer1_disable *****************
 Defined at:
		line 633 in file "user.c"
 Parameters:    Size  Location     Type
		None
 Auto vars:     Size  Location     Type
		None
 Return value:  Size  Location     Type
                  1    wreg      void 
 Registers used:
		status,2, status,0
 Tracked objects:
		On entry : 
		On exit  : 
		Unchanged: 
 Data sizes:     COMRAM   BANK0   BANK1   BANK2   BANK3   BANK4   BANK5   BANK6   BANK7
      Params:         0       0       0       0       0       0       0       0       0
      Locals:         0       0       0       0       0       0       0       0       0
      Temps:          0       0       0       0       0       0       0       0       0
      Totals:         0       0       0       0       0       0       0       0       0
Total ram usage:        0 bytes
 Hardware stack levels used:    1
 Hardware stack levels required when called:    6
 This function calls:
		Nothing
 This function is called by:
		_main
 This function uses a non-reentrant model


 *************** function _ir_is_code_number *****************
 Defined at:
		line 497 in file "user.c"
 Parameters:    Size  Location     Type
  human_code      1    wreg     unsigned char 
 Auto vars:     Size  Location     Type
  human_code      1   37[COMRAM] unsigned char 
 Return value:  Size  Location     Type
                  1    wreg      unsigned char 
 Registers used:
		wreg, status,2, status,0
 Tracked objects:
		On entry : 
		On exit  : 
		Unchanged: 
 Data sizes:     COMRAM   BANK0   BANK1   BANK2   BANK3   BANK4   BANK5   BANK6   BANK7
      Params:         0       0       0       0       0       0       0       0       0
      Locals:         1       0       0       0       0       0       0       0       0
      Temps:          0       0       0       0       0       0       0       0       0
      Totals:         1       0       0       0       0       0       0       0       0
Total ram usage:        1 bytes
 Hardware stack levels used:    1
 Hardware stack levels required when called:    6
 This function calls:
		Nothing
 This function is called by:
		_main
 This function uses a non-reentrant model


 *************** function _get_timer1_counter_speed *****************
 Defined at:
		line 617 in file "user.c"
 Parameters:    Size  Location     Type
  data            2   64[BANK0 ] PTR unsigned char 
		 -> aux1(6), 
 Auto vars:     Size  Location     Type
		None
 Return value:  Size  Location     Type
                  1    wreg      void 
 Registers used:
		wreg, fsr2l, fsr2h, status,2, status,0, cstack
 Tracked objects:
		On entry : 
		On exit  : 
		Unchanged: 
 Data sizes:     COMRAM   BANK0   BANK1   BANK2   BANK3   BANK4   BANK5   BANK6   BANK7
      Params:         0       2       0       0       0       0       0       0       0
      Locals:         0       0       0       0       0       0       0       0       0
      Temps:          1       0       0       0       0       0       0       0       0
      Totals:         1       2       0       0       0       0       0       0       0
Total ram usage:        3 bytes
 Hardware stack levels used:    1
 Hardware stack levels required when called:    8
 This function calls:
		_get_cents_reg
		_get_seconds_reg
 This function is called by:
		_main
 This function uses a non-reentrant model


 *************** function _get_cents_reg *****************
 Defined at:
		line 323 in file "user.c"
 Parameters:    Size  Location     Type
  cents           1    wreg     unsigned char 
 Auto vars:     Size  Location     Type
  cents           1   44[COMRAM] unsigned char 
  res             1   43[COMRAM] unsigned char 
 Return value:  Size  Location     Type
                  1    wreg      unsigned char 
 Registers used:
		wreg, status,2, status,0, cstack
 Tracked objects:
		On entry : 
		On exit  : 
		Unchanged: 
 Data sizes:     COMRAM   BANK0   BANK1   BANK2   BANK3   BANK4   BANK5   BANK6   BANK7
      Params:         0       0       0       0       0       0       0       0       0
      Locals:         2       0       0       0       0       0       0       0       0
      Temps:          2       0       0       0       0       0       0       0       0
      Totals:         4       0       0       0       0       0       0       0       0
Total ram usage:        4 bytes
 Hardware stack levels used:    1
 Hardware stack levels required when called:    7
 This function calls:
		___awdiv
		___awmod
 This function is called by:
		_get_timer1_counter_speed
 This function uses a non-reentrant model


 *************** function ___awmod *****************
 Defined at:
		line 8 in file "/Applications/microchip/xc8/v1.42/sources/common/awmod.c"
 Parameters:    Size  Location     Type
  dividend        2   60[BANK0 ] int 
  divisor         2   62[BANK0 ] int 
 Auto vars:     Size  Location     Type
  sign            1   38[COMRAM] unsigned char 
  counter         1   37[COMRAM] unsigned char 
 Return value:  Size  Location     Type
                  2   60[BANK0 ] int 
 Registers used:
		wreg, status,2, status,0
 Tracked objects:
		On entry : 
		On exit  : 
		Unchanged: 
 Data sizes:     COMRAM   BANK0   BANK1   BANK2   BANK3   BANK4   BANK5   BANK6   BANK7
      Params:         0       4       0       0       0       0       0       0       0
      Locals:         2       0       0       0       0       0       0       0       0
      Temps:          0       0       0       0       0       0       0       0       0
      Totals:         2       4       0       0       0       0       0       0       0
Total ram usage:        6 bytes
 Hardware stack levels used:    1
 Hardware stack levels required when called:    6
 This function calls:
		Nothing
 This function is called by:
		_get_cents_reg
 This function uses a non-reentrant model


 *************** function ___awdiv *****************
 Defined at:
		line 8 in file "/Applications/microchip/xc8/v1.42/sources/common/awdiv.c"
 Parameters:    Size  Location     Type
  dividend        2   60[BANK0 ] int 
  divisor         2   62[BANK0 ] int 
 Auto vars:     Size  Location     Type
  quotient        2   39[COMRAM] int 
  sign            1   38[COMRAM] unsigned char 
  counter         1   37[COMRAM] unsigned char 
 Return value:  Size  Location     Type
                  2   60[BANK0 ] int 
 Registers used:
		wreg, status,2, status,0
 Tracked objects:
		On entry : 
		On exit  : 
		Unchanged: 
 Data sizes:     COMRAM   BANK0   BANK1   BANK2   BANK3   BANK4   BANK5   BANK6   BANK7
      Params:         0       4       0       0       0       0       0       0       0
      Locals:         4       0       0       0       0       0       0       0       0
      Temps:          0       0       0       0       0       0       0       0       0
      Totals:         4       4       0       0       0       0       0       0       0
Total ram usage:        8 bytes
 Hardware stack levels used:    1
 Hardware stack levels required when called:    6
 This function calls:
		Nothing
 This function is called by:
		_get_cents_reg
 This function uses a non-reentrant model


 *************** function _get_timer1_counter_down *****************
 Defined at:
		line 607 in file "user.c"
 Parameters:    Size  Location     Type
  data            2   60[BANK0 ] PTR unsigned char 
		 -> aux1(6), 
 Auto vars:     Size  Location     Type
		None
 Return value:  Size  Location     Type
                  1    wreg      void 
 Registers used:
		wreg, fsr2l, fsr2h, status,2, status,0, cstack
 Tracked objects:
		On entry : 
		On exit  : 
		Unchanged: 
 Data sizes:     COMRAM   BANK0   BANK1   BANK2   BANK3   BANK4   BANK5   BANK6   BANK7
      Params:         0       2       0       0       0       0       0       0       0
      Locals:         0       0       0       0       0       0       0       0       0
      Temps:          1       0       0       0       0       0       0       0       0
      Totals:         1       2       0       0       0       0       0       0       0
Total ram usage:        3 bytes
 Hardware stack levels used:    1
 Hardware stack levels required when called:    7
 This function calls:
		_get_seconds_reg
 This function is called by:
		_main
 This function uses a non-reentrant model


 *************** function _get_timer1_counter *****************
 Defined at:
		line 596 in file "user.c"
 Parameters:    Size  Location     Type
  data            2   60[BANK0 ] PTR unsigned char 
		 -> aux1(6), 
 Auto vars:     Size  Location     Type
		None
 Return value:  Size  Location     Type
                  1    wreg      void 
 Registers used:
		wreg, fsr2l, fsr2h, status,2, status,0, cstack
 Tracked objects:
		On entry : 
		On exit  : 
		Unchanged: 
 Data sizes:     COMRAM   BANK0   BANK1   BANK2   BANK3   BANK4   BANK5   BANK6   BANK7
      Params:         0       2       0       0       0       0       0       0       0
      Locals:         0       0       0       0       0       0       0       0       0
      Temps:          1       0       0       0       0       0       0       0       0
      Totals:         1       2       0       0       0       0       0       0       0
Total ram usage:        3 bytes
 Hardware stack levels used:    1
 Hardware stack levels required when called:    7
 This function calls:
		_get_seconds_reg
 This function is called by:
		_main
 This function uses a non-reentrant model


 *************** function _get_seconds_reg *****************
 Defined at:
		line 292 in file "user.c"
 Parameters:    Size  Location     Type
  seconds         1    wreg     unsigned char 
 Auto vars:     Size  Location     Type
  seconds         1   38[COMRAM] unsigned char 
  res             1   37[COMRAM] unsigned char 
 Return value:  Size  Location     Type
                  1    wreg      unsigned char 
 Registers used:
		wreg, status,2, status,0
 Tracked objects:
		On entry : 
		On exit  : 
		Unchanged: 
 Data sizes:     COMRAM   BANK0   BANK1   BANK2   BANK3   BANK4   BANK5   BANK6   BANK7
      Params:         0       0       0       0       0       0       0       0       0
      Locals:         2       0       0       0       0       0       0       0       0
      Temps:          0       0       0       0       0       0       0       0       0
      Totals:         2       0       0       0       0       0       0       0       0
Total ram usage:        2 bytes
 Hardware stack levels used:    1
 Hardware stack levels required when called:    6
 This function calls:
		Nothing
 This function is called by:
		_get_timer1_counter
		_get_timer1_counter_down
		_get_timer1_counter_speed
 This function uses a non-reentrant model


 *************** function _get_time *****************
 Defined at:
		line 248 in file "user.c"
 Parameters:    Size  Location     Type
  data            2   60[BANK0 ] PTR unsigned char 
		 -> aux1(6), 
  format          1   62[BANK0 ] unsigned char 
 Auto vars:     Size  Location     Type
  aux_hour        1   65[BANK0 ] unsigned char 
  hours           1   68[BANK0 ] unsigned char 
  aux             1   67[BANK0 ] unsigned char 
  minutes         1   66[BANK0 ] unsigned char 
  seconds         1   64[BANK0 ] unsigned char 
 Return value:  Size  Location     Type
                  1    wreg      void 
 Registers used:
		wreg, fsr2l, fsr2h, status,2, status,0, prodl, prodh, cstack
 Tracked objects:
		On entry : 
		On exit  : 
		Unchanged: 
 Data sizes:     COMRAM   BANK0   BANK1   BANK2   BANK3   BANK4   BANK5   BANK6   BANK7
      Params:         0       3       0       0       0       0       0       0       0
      Locals:         0       5       0       0       0       0       0       0       0
      Temps:          0       1       0       0       0       0       0       0       0
      Totals:         0       9       0       0       0       0       0       0       0
Total ram usage:        9 bytes
 Hardware stack levels used:    1
 Hardware stack levels required when called:    9
 This function calls:
		_byte_read
 This function is called by:
		_main
 This function uses a non-reentrant model


 *************** function _byte_read *****************
 Defined at:
		line 192 in file "user.c"
 Parameters:    Size  Location     Type
  address         1    wreg     unsigned char 
 Auto vars:     Size  Location     Type
  address         1   44[COMRAM] unsigned char 
  i               2   46[COMRAM] int 
  res             1   45[COMRAM] unsigned char 
 Return value:  Size  Location     Type
                  1    wreg      unsigned char 
 Registers used:
		wreg, status,2, status,0, cstack
 Tracked objects:
		On entry : 
		On exit  : 
		Unchanged: 
 Data sizes:     COMRAM   BANK0   BANK1   BANK2   BANK3   BANK4   BANK5   BANK6   BANK7
      Params:         0       0       0       0       0       0       0       0       0
      Locals:         4       0       0       0       0       0       0       0       0
      Temps:          2       0       0       0       0       0       0       0       0
      Totals:         6       0       0       0       0       0       0       0       0
Total ram usage:        6 bytes
 Hardware stack levels used:    1
 Hardware stack levels required when called:    8
 This function calls:
		_ce_disable
		_ce_enable
		_io_as_input
		_send_command
 This function is called by:
		_get_time
 This function uses a non-reentrant model


 *************** function _send_command *****************
 Defined at:
		line 352 in file "user.c"
 Parameters:    Size  Location     Type
  command         1    wreg     unsigned char 
 Auto vars:     Size  Location     Type
  command         1   39[COMRAM] unsigned char 
  i               2   40[COMRAM] int 
 Return value:  Size  Location     Type
                  1    wreg      void 
 Registers used:
		wreg, status,2, status,0, cstack
 Tracked objects:
		On entry : 
		On exit  : 
		Unchanged: 
 Data sizes:     COMRAM   BANK0   BANK1   BANK2   BANK3   BANK4   BANK5   BANK6   BANK7
      Params:         0       0       0       0       0       0       0       0       0
      Locals:         3       0       0       0       0       0       0       0       0
      Temps:          2       0       0       0       0       0       0       0       0
      Totals:         5       0       0       0       0       0       0       0       0
Total ram usage:        5 bytes
 Hardware stack levels used:    1
 Hardware stack levels required when called:    7
 This function calls:
		_io_as_output
 This function is called by:
		_byte_read
 This function uses a non-reentrant model


 *************** function _io_as_output *****************
 Defined at:
		line 374 in file "user.c"
 Parameters:    Size  Location     Type
		None
 Auto vars:     Size  Location     Type
		None
 Return value:  Size  Location     Type
                  1    wreg      void 
 Registers used:
		None
 Tracked objects:
		On entry : 
		On exit  : 
		Unchanged: 
 Data sizes:     COMRAM   BANK0   BANK1   BANK2   BANK3   BANK4   BANK5   BANK6   BANK7
      Params:         0       0       0       0       0       0       0       0       0
      Locals:         0       0       0       0       0       0       0       0       0
      Temps:          0       0       0       0       0       0       0       0       0
      Totals:         0       0       0       0       0       0       0       0       0
Total ram usage:        0 bytes
 Hardware stack levels used:    1
 Hardware stack levels required when called:    6
 This function calls:
		Nothing
 This function is called by:
		_send_command
 This function uses a non-reentrant model


 *************** function _io_as_input *****************
 Defined at:
		line 368 in file "user.c"
 Parameters:    Size  Location     Type
		None
 Auto vars:     Size  Location     Type
		None
 Return value:  Size  Location     Type
                  1    wreg      void 
 Registers used:
		None
 Tracked objects:
		On entry : 
		On exit  : 
		Unchanged: 
 Data sizes:     COMRAM   BANK0   BANK1   BANK2   BANK3   BANK4   BANK5   BANK6   BANK7
      Params:         0       0       0       0       0       0       0       0       0
      Locals:         0       0       0       0       0       0       0       0       0
      Temps:          0       0       0       0       0       0       0       0       0
      Totals:         0       0       0       0       0       0       0       0       0
Total ram usage:        0 bytes
 Hardware stack levels used:    1
 Hardware stack levels required when called:    6
 This function calls:
		Nothing
 This function is called by:
		_byte_read
 This function uses a non-reentrant model


 *************** function _ce_enable *****************
 Defined at:
		line 178 in file "user.c"
 Parameters:    Size  Location     Type
		None
 Auto vars:     Size  Location     Type
		None
 Return value:  Size  Location     Type
                  1    wreg      void 
 Registers used:
		None
 Tracked objects:
		On entry : 
		On exit  : 
		Unchanged: 
 Data sizes:     COMRAM   BANK0   BANK1   BANK2   BANK3   BANK4   BANK5   BANK6   BANK7
      Params:         0       0       0       0       0       0       0       0       0
      Locals:         0       0       0       0       0       0       0       0       0
      Temps:          0       0       0       0       0       0       0       0       0
      Totals:         0       0       0       0       0       0       0       0       0
Total ram usage:        0 bytes
 Hardware stack levels used:    1
 Hardware stack levels required when called:    6
 This function calls:
		Nothing
 This function is called by:
		_byte_read
 This function uses a non-reentrant model


 *************** function _ce_disable *****************
 Defined at:
		line 185 in file "user.c"
 Parameters:    Size  Location     Type
		None
 Auto vars:     Size  Location     Type
		None
 Return value:  Size  Location     Type
                  1    wreg      void 
 Registers used:
		None
 Tracked objects:
		On entry : 
		On exit  : 
		Unchanged: 
 Data sizes:     COMRAM   BANK0   BANK1   BANK2   BANK3   BANK4   BANK5   BANK6   BANK7
      Params:         0       0       0       0       0       0       0       0       0
      Locals:         0       0       0       0       0       0       0       0       0
      Temps:          0       0       0       0       0       0       0       0       0
      Totals:         0       0       0       0       0       0       0       0       0
Total ram usage:        0 bytes
 Hardware stack levels used:    1
 Hardware stack levels required when called:    6
 This function calls:
		Nothing
 This function is called by:
		_byte_read
 This function uses a non-reentrant model


 *************** function _buzzer_disable *****************
 Defined at:
		line 164 in file "user.c"
 Parameters:    Size  Location     Type
		None
 Auto vars:     Size  Location     Type
		None
 Return value:  Size  Location     Type
                  1    wreg      void 
 Registers used:
		wreg, status,2
 Tracked objects:
		On entry : 
		On exit  : 
		Unchanged: 
 Data sizes:     COMRAM   BANK0   BANK1   BANK2   BANK3   BANK4   BANK5   BANK6   BANK7
      Params:         0       0       0       0       0       0       0       0       0
      Locals:         0       0       0       0       0       0       0       0       0
      Temps:          0       0       0       0       0       0       0       0       0
      Totals:         0       0       0       0       0       0       0       0       0
Total ram usage:        0 bytes
 Hardware stack levels used:    1
 Hardware stack levels required when called:    6
 This function calls:
		Nothing
 This function is called by:
		_main
		_buzzer_toggle
 This function uses a non-reentrant model


 *************** function _InitApp *****************
 Defined at:
		line 28 in file "user.c"
 Parameters:    Size  Location     Type
		None
 Auto vars:     Size  Location     Type
		None
 Return value:  Size  Location     Type
                  1    wreg      void 
 Registers used:
		wreg, status,2, status,0
 Tracked objects:
		On entry : 
		On exit  : 
		Unchanged: 
 Data sizes:     COMRAM   BANK0   BANK1   BANK2   BANK3   BANK4   BANK5   BANK6   BANK7
      Params:         0       0       0       0       0       0       0       0       0
      Locals:         0       0       0       0       0       0       0       0       0
      Temps:          0       0       0       0       0       0       0       0       0
      Totals:         0       0       0       0       0       0       0       0       0
Total ram usage:        0 bytes
 Hardware stack levels used:    1
 Hardware stack levels required when called:    6
 This function calls:
		Nothing
 This function is called by:
		_main
 This function uses a non-reentrant model


 *************** function _ConfigureOscillator *****************
 Defined at:
		line 24 in file "system.c"
 Parameters:    Size  Location     Type
		None
 Auto vars:     Size  Location     Type
		None
 Return value:  Size  Location     Type
                  1    wreg      void 
 Registers used:
		None
 Tracked objects:
		On entry : 
		On exit  : 
		Unchanged: 
 Data sizes:     COMRAM   BANK0   BANK1   BANK2   BANK3   BANK4   BANK5   BANK6   BANK7
      Params:         0       0       0       0       0       0       0       0       0
      Locals:         0       0       0       0       0       0       0       0       0
      Temps:          0       0       0       0       0       0       0       0       0
      Totals:         0       0       0       0       0       0       0       0       0
Total ram usage:        0 bytes
 Hardware stack levels used:    1
 Hardware stack levels required when called:    6
 This function calls:
		Nothing
 This function is called by:
		_main
 This function uses a non-reentrant model


 *************** function _high_isr *****************
 Defined at:
		line 32 in file "interrupts.c"
 Parameters:    Size  Location     Type
		None
 Auto vars:     Size  Location     Type
  digits          6   47[BANK0 ] unsigned char [6]
  i               2   58[BANK0 ] int 
  code           47    0[BANK0 ] unsigned char [47]
  i               2   56[BANK0 ] int 
  final_code      2   54[BANK0 ] int 
  aux             1   53[BANK0 ] unsigned char 
 Return value:  Size  Location     Type
                  1    wreg      void 
 Registers used:
		wreg, fsr1l, fsr1h, fsr2l, fsr2h, status,2, status,0, prodl, prodh, cstack
 Tracked objects:
		On entry : 
		On exit  : 
		Unchanged: 
 Data sizes:     COMRAM   BANK0   BANK1   BANK2   BANK3   BANK4   BANK5   BANK6   BANK7
      Params:         0       0       0       0       0       0       0       0       0
      Locals:         0      60       0       0       0       0       0       0       0
      Temps:         17       0       0       0       0       0       0       0       0
      Totals:        17      60       0       0       0       0       0       0       0
Total ram usage:       77 bytes
 Hardware stack levels used:    1
 Hardware stack levels required when called:    5
 This function calls:
		_get_next_state
		_ir_get_human_code
		_point_disable
		_point_enable
		_put_nums
		_update_buzzer
		_update_point
		_update_timer1_counter_10
 This function is called by:
		Interrupt level 2
 This function uses a non-reentrant model


 *************** function _update_timer1_counter_10 *****************
 Defined at:
		line 638 in file "user.c"
 Parameters:    Size  Location     Type
  state           1    wreg     unsigned char 
  counter         2    0[COMRAM] PTR unsigned char 
		 -> timer1_counter_10(1), 
 Auto vars:     Size  Location     Type
  state           1    3[COMRAM] unsigned char 
 Return value:  Size  Location     Type
                  1    wreg      void 
 Registers used:
		wreg, fsr2l, fsr2h, status,2, status,0
 Tracked objects:
		On entry : 
		On exit  : 
		Unchanged: 
 Data sizes:     COMRAM   BANK0   BANK1   BANK2   BANK3   BANK4   BANK5   BANK6   BANK7
      Params:         2       0       0       0       0       0       0       0       0
      Locals:         1       0       0       0       0       0       0       0       0
      Temps:          1       0       0       0       0       0       0       0       0
      Totals:         4       0       0       0       0       0       0       0       0
Total ram usage:        4 bytes
 Hardware stack levels used:    1
 This function calls:
		Nothing
 This function is called by:
		_high_isr
 This function uses a non-reentrant model


 *************** function _update_point *****************
 Defined at:
		line 571 in file "user.c"
 Parameters:    Size  Location     Type
  state           2    0[COMRAM] int 
  counter         1    2[COMRAM] unsigned char 
 Auto vars:     Size  Location     Type
		None
 Return value:  Size  Location     Type
                  1    wreg      void 
 Registers used:
		wreg, status,2, status,0, cstack
 Tracked objects:
		On entry : 
		On exit  : 
		Unchanged: 
 Data sizes:     COMRAM   BANK0   BANK1   BANK2   BANK3   BANK4   BANK5   BANK6   BANK7
      Params:         3       0       0       0       0       0       0       0       0
      Locals:         0       0       0       0       0       0       0       0       0
      Temps:          0       0       0       0       0       0       0       0       0
      Totals:         3       0       0       0       0       0       0       0       0
Total ram usage:        3 bytes
 Hardware stack levels used:    1
 Hardware stack levels required when called:    1
 This function calls:
		_point_disable
		_point_enable
 This function is called by:
		_high_isr
 This function uses a non-reentrant model


 *************** function _point_enable *****************
 Defined at:
		line 138 in file "user.c"
 Parameters:    Size  Location     Type
		None
 Auto vars:     Size  Location     Type
		None
 Return value:  Size  Location     Type
                  1    wreg      void 
 Registers used:
		None
 Tracked objects:
		On entry : 
		On exit  : 
		Unchanged: 
 Data sizes:     COMRAM   BANK0   BANK1   BANK2   BANK3   BANK4   BANK5   BANK6   BANK7
      Params:         0       0       0       0       0       0       0       0       0
      Locals:         0       0       0       0       0       0       0       0       0
      Temps:          0       0       0       0       0       0       0       0       0
      Totals:         0       0       0       0       0       0       0       0       0
Total ram usage:        0 bytes
 Hardware stack levels used:    1
 This function calls:
		Nothing
 This function is called by:
		_high_isr
		_update_point
		_point_toggle
 This function uses a non-reentrant model


 *************** function _point_disable *****************
 Defined at:
		line 144 in file "user.c"
 Parameters:    Size  Location     Type
		None
 Auto vars:     Size  Location     Type
		None
 Return value:  Size  Location     Type
                  1    wreg      void 
 Registers used:
		None
 Tracked objects:
		On entry : 
		On exit  : 
		Unchanged: 
 Data sizes:     COMRAM   BANK0   BANK1   BANK2   BANK3   BANK4   BANK5   BANK6   BANK7
      Params:         0       0       0       0       0       0       0       0       0
      Locals:         0       0       0       0       0       0       0       0       0
      Temps:          0       0       0       0       0       0       0       0       0
      Totals:         0       0       0       0       0       0       0       0       0
Total ram usage:        0 bytes
 Hardware stack levels used:    1
 This function calls:
		Nothing
 This function is called by:
		_high_isr
		_update_point
		_point_toggle
 This function uses a non-reentrant model


 *************** function _update_buzzer *****************
 Defined at:
		line 584 in file "user.c"
 Parameters:    Size  Location     Type
  state           2    0[COMRAM] int 
  counter         1    2[COMRAM] unsigned char 
 Auto vars:     Size  Location     Type
		None
 Return value:  Size  Location     Type
                  1    wreg      void 
 Registers used:
		wreg, status,2, status,0, cstack
 Tracked objects:
		On entry : 
		On exit  : 
		Unchanged: 
 Data sizes:     COMRAM   BANK0   BANK1   BANK2   BANK3   BANK4   BANK5   BANK6   BANK7
      Params:         3       0       0       0       0       0       0       0       0
      Locals:         0       0       0       0       0       0       0       0       0
      Temps:          0       0       0       0       0       0       0       0       0
      Totals:         3       0       0       0       0       0       0       0       0
Total ram usage:        3 bytes
 Hardware stack levels used:    1
 Hardware stack levels required when called:    1
 This function calls:
		_buzzer_enable
		i2_buzzer_disable
 This function is called by:
		_high_isr
 This function uses a non-reentrant model


 *************** function i2_buzzer_disable *****************
 Defined at:
		line 164 in file "user.c"
 Parameters:    Size  Location     Type
		None
 Auto vars:     Size  Location     Type
		None
 Return value:  Size  Location     Type
                  1    wreg      void 
 Registers used:
		wreg, status,2
 Tracked objects:
		On entry : 
		On exit  : 
		Unchanged: 
 Data sizes:     COMRAM   BANK0   BANK1   BANK2   BANK3   BANK4   BANK5   BANK6   BANK7
      Params:         0       0       0       0       0       0       0       0       0
      Locals:         0       0       0       0       0       0       0       0       0
      Temps:          0       0       0       0       0       0       0       0       0
      Totals:         0       0       0       0       0       0       0       0       0
Total ram usage:        0 bytes
 Hardware stack levels used:    1
 This function calls:
		Nothing
 This function is called by:
		_update_buzzer
 This function uses a non-reentrant model


 *************** function _buzzer_enable *****************
 Defined at:
		line 159 in file "user.c"
 Parameters:    Size  Location     Type
		None
 Auto vars:     Size  Location     Type
		None
 Return value:  Size  Location     Type
                  1    wreg      void 
 Registers used:
		wreg, status,2
 Tracked objects:
		On entry : 
		On exit  : 
		Unchanged: 
 Data sizes:     COMRAM   BANK0   BANK1   BANK2   BANK3   BANK4   BANK5   BANK6   BANK7
      Params:         0       0       0       0       0       0       0       0       0
      Locals:         0       0       0       0       0       0       0       0       0
      Temps:          0       0       0       0       0       0       0       0       0
      Totals:         0       0       0       0       0       0       0       0       0
Total ram usage:        0 bytes
 Hardware stack levels used:    1
 This function calls:
		Nothing
 This function is called by:
		_update_buzzer
		_buzzer_toggle
 This function uses a non-reentrant model


 *************** function _put_nums *****************
 Defined at:
		line 93 in file "user.c"
 Parameters:    Size  Location     Type
  nums            2    7[COMRAM] PTR unsigned char 
		 -> masked_digits(6), 
 Auto vars:     Size  Location     Type
  i               2    9[COMRAM] int 
 Return value:  Size  Location     Type
                  1    wreg      void 
 Registers used:
		wreg, fsr2l, fsr2h, status,2, status,0, cstack
 Tracked objects:
		On entry : 
		On exit  : 
		Unchanged: 
 Data sizes:     COMRAM   BANK0   BANK1   BANK2   BANK3   BANK4   BANK5   BANK6   BANK7
      Params:         2       0       0       0       0       0       0       0       0
      Locals:         2       0       0       0       0       0       0       0       0
      Temps:          0       0       0       0       0       0       0       0       0
      Totals:         4       0       0       0       0       0       0       0       0
Total ram usage:        4 bytes
 Hardware stack levels used:    1
 Hardware stack levels required when called:    1
 This function calls:
		_get_num
		_put_num
 This function is called by:
		_high_isr
 This function uses a non-reentrant model


 *************** function _put_num *****************
 Defined at:
		line 80 in file "user.c"
 Parameters:    Size  Location     Type
  num             1    wreg     unsigned char 
 Auto vars:     Size  Location     Type
  num             1    2[COMRAM] unsigned char 
  i               2    5[COMRAM] int 
  mask            1    3[COMRAM] unsigned char 
 Return value:  Size  Location     Type
                  1    wreg      void 
 Registers used:
		wreg, status,2, status,0
 Tracked objects:
		On entry : 
		On exit  : 
		Unchanged: 
 Data sizes:     COMRAM   BANK0   BANK1   BANK2   BANK3   BANK4   BANK5   BANK6   BANK7
      Params:         0       0       0       0       0       0       0       0       0
      Locals:         5       0       0       0       0       0       0       0       0
      Temps:          2       0       0       0       0       0       0       0       0
      Totals:         7       0       0       0       0       0       0       0       0
Total ram usage:        7 bytes
 Hardware stack levels used:    1
 This function calls:
		Nothing
 This function is called by:
		_put_nums
		_put_nums_individual
 This function uses a non-reentrant model


 *************** function _get_num *****************
 Defined at:
		line 113 in file "user.c"
 Parameters:    Size  Location     Type
  num             1    wreg     unsigned char 
 Auto vars:     Size  Location     Type
  num             1    0[COMRAM] unsigned char 
 Return value:  Size  Location     Type
                  1    wreg      unsigned char 
 Registers used:
		wreg, status,2, status,0
 Tracked objects:
		On entry : 
		On exit  : 
		Unchanged: 
 Data sizes:     COMRAM   BANK0   BANK1   BANK2   BANK3   BANK4   BANK5   BANK6   BANK7
      Params:         0       0       0       0       0       0       0       0       0
      Locals:         1       0       0       0       0       0       0       0       0
      Temps:          0       0       0       0       0       0       0       0       0
      Totals:         1       0       0       0       0       0       0       0       0
Total ram usage:        1 bytes
 Hardware stack levels used:    1
 This function calls:
		Nothing
 This function is called by:
		_put_nums
		_put_nums_individual
 This function uses a non-reentrant model


 *************** function _ir_get_human_code *****************
 Defined at:
		line 507 in file "user.c"
 Parameters:    Size  Location     Type
  code            2    0[COMRAM] int 
 Auto vars:     Size  Location     Type
  human_read_c    1    4[COMRAM] unsigned char 
 Return value:  Size  Location     Type
                  1    wreg      unsigned char 
 Registers used:
		wreg, status,2, status,0
 Tracked objects:
		On entry : 
		On exit  : 
		Unchanged: 
 Data sizes:     COMRAM   BANK0   BANK1   BANK2   BANK3   BANK4   BANK5   BANK6   BANK7
      Params:         2       0       0       0       0       0       0       0       0
      Locals:         1       0       0       0       0       0       0       0       0
      Temps:          2       0       0       0       0       0       0       0       0
      Totals:         5       0       0       0       0       0       0       0       0
Total ram usage:        5 bytes
 Hardware stack levels used:    1
 This function calls:
		Nothing
 This function is called by:
		_high_isr
 This function uses a non-reentrant model


 *************** function _get_next_state *****************
 Defined at:
		line 381 in file "user.c"
 Parameters:    Size  Location     Type
  state           2   13[COMRAM] int 
  code            2   15[COMRAM] int 
 Auto vars:     Size  Location     Type
  hour            1   19[COMRAM] unsigned char 
  minutes         1   18[COMRAM] unsigned char 
  seconds         1   17[COMRAM] unsigned char 
 Return value:  Size  Location     Type
                  2   13[COMRAM] int 
 Registers used:
		wreg, status,2, status,0, prodl, prodh, cstack
 Tracked objects:
		On entry : 
		On exit  : 
		Unchanged: 
 Data sizes:     COMRAM   BANK0   BANK1   BANK2   BANK3   BANK4   BANK5   BANK6   BANK7
      Params:         4       0       0       0       0       0       0       0       0
      Locals:         3       0       0       0       0       0       0       0       0
      Temps:          0       0       0       0       0       0       0       0       0
      Totals:         7       0       0       0       0       0       0       0       0
Total ram usage:        7 bytes
 Hardware stack levels used:    1
 Hardware stack levels required when called:    4
 This function calls:
		_set_time
		i2_timer1_enable
 This function is called by:
		_high_isr
 This function uses a non-reentrant model


 *************** function i2_timer1_enable *****************
 Defined at:
		line 628 in file "user.c"
 Parameters:    Size  Location     Type
		None
 Auto vars:     Size  Location     Type
		None
 Return value:  Size  Location     Type
                  1    wreg      void 
 Registers used:
		status,2, status,0
 Tracked objects:
		On entry : 
		On exit  : 
		Unchanged: 
 Data sizes:     COMRAM   BANK0   BANK1   BANK2   BANK3   BANK4   BANK5   BANK6   BANK7
      Params:         0       0       0       0       0       0       0       0       0
      Locals:         0       0       0       0       0       0       0       0       0
      Temps:          0       0       0       0       0       0       0       0       0
      Totals:         0       0       0       0       0       0       0       0       0
Total ram usage:        0 bytes
 Hardware stack levels used:    1
 This function calls:
		Nothing
 This function is called by:
		_get_next_state
 This function uses a non-reentrant model


 *************** function _set_time *****************
 Defined at:
		line 231 in file "user.c"
 Parameters:    Size  Location     Type
  seconds         1    wreg     unsigned char 
  minutes         1    7[COMRAM] unsigned char 
  hour            1    8[COMRAM] unsigned char 
 Auto vars:     Size  Location     Type
  seconds         1    9[COMRAM] unsigned char 
  hour_reg        1   12[COMRAM] unsigned char 
  min_reg         1   11[COMRAM] unsigned char 
  sec_reg         1   10[COMRAM] unsigned char 
 Return value:  Size  Location     Type
                  1    wreg      void 
 Registers used:
		wreg, status,2, status,0, cstack
 Tracked objects:
		On entry : 
		On exit  : 
		Unchanged: 
 Data sizes:     COMRAM   BANK0   BANK1   BANK2   BANK3   BANK4   BANK5   BANK6   BANK7
      Params:         2       0       0       0       0       0       0       0       0
      Locals:         4       0       0       0       0       0       0       0       0
      Temps:          0       0       0       0       0       0       0       0       0
      Totals:         6       0       0       0       0       0       0       0       0
Total ram usage:        6 bytes
 Hardware stack levels used:    1
 Hardware stack levels required when called:    3
 This function calls:
		_byte_write
		_get_hour_reg
		i2_get_seconds_reg
 This function is called by:
		_get_next_state
 This function uses a non-reentrant model


 *************** function i2_get_seconds_reg *****************
 Defined at:
		line 292 in file "user.c"
 Parameters:    Size  Location     Type
  seconds         1    wreg     unsigned char 
 Auto vars:     Size  Location     Type
  seconds         1    1[COMRAM] unsigned char 
  get_seconds_    1    0[COMRAM] unsigned char 
 Return value:  Size  Location     Type
                  1    wreg      unsigned char 
 Registers used:
		wreg, status,2, status,0
 Tracked objects:
		On entry : 
		On exit  : 
		Unchanged: 
 Data sizes:     COMRAM   BANK0   BANK1   BANK2   BANK3   BANK4   BANK5   BANK6   BANK7
      Params:         0       0       0       0       0       0       0       0       0
      Locals:         2       0       0       0       0       0       0       0       0
      Temps:          0       0       0       0       0       0       0       0       0
      Totals:         2       0       0       0       0       0       0       0       0
Total ram usage:        2 bytes
 Hardware stack levels used:    1
 This function calls:
		Nothing
 This function is called by:
		_set_time
 This function uses a non-reentrant model


 *************** function _get_hour_reg *****************
 Defined at:
		line 331 in file "user.c"
 Parameters:    Size  Location     Type
  hour            1    wreg     unsigned char 
 Auto vars:     Size  Location     Type
  hour            1    1[COMRAM] unsigned char 
  res             1    0[COMRAM] unsigned char 
 Return value:  Size  Location     Type
                  1    wreg      unsigned char 
 Registers used:
		wreg, status,2, status,0
 Tracked objects:
		On entry : 
		On exit  : 
		Unchanged: 
 Data sizes:     COMRAM   BANK0   BANK1   BANK2   BANK3   BANK4   BANK5   BANK6   BANK7
      Params:         0       0       0       0       0       0       0       0       0
      Locals:         2       0       0       0       0       0       0       0       0
      Temps:          0       0       0       0       0       0       0       0       0
      Totals:         2       0       0       0       0       0       0       0       0
Total ram usage:        2 bytes
 Hardware stack levels used:    1
 This function calls:
		Nothing
 This function is called by:
		_set_time
 This function uses a non-reentrant model


 *************** function _byte_write *****************
 Defined at:
		line 219 in file "user.c"
 Parameters:    Size  Location     Type
  address         1    wreg     unsigned char 
  value           1    5[COMRAM] unsigned char 
 Auto vars:     Size  Location     Type
  address         1    6[COMRAM] unsigned char 
 Return value:  Size  Location     Type
                  1    wreg      void 
 Registers used:
		wreg, status,2, status,0, cstack
 Tracked objects:
		On entry : 
		On exit  : 
		Unchanged: 
 Data sizes:     COMRAM   BANK0   BANK1   BANK2   BANK3   BANK4   BANK5   BANK6   BANK7
      Params:         1       0       0       0       0       0       0       0       0
      Locals:         1       0       0       0       0       0       0       0       0
      Temps:          0       0       0       0       0       0       0       0       0
      Totals:         2       0       0       0       0       0       0       0       0
Total ram usage:        2 bytes
 Hardware stack levels used:    1
 Hardware stack levels required when called:    2
 This function calls:
		i2_ce_disable
		i2_ce_enable
		i2_send_command
 This function is called by:
		_set_time
 This function uses a non-reentrant model


 *************** function i2_send_command *****************
 Defined at:
		line 352 in file "user.c"
 Parameters:    Size  Location     Type
  command         1    wreg     unsigned char 
 Auto vars:     Size  Location     Type
  command         1    2[COMRAM] unsigned char 
  send_command    2    3[COMRAM] int 
 Return value:  Size  Location     Type
                  1    wreg      void 
 Registers used:
		wreg, status,2, status,0, cstack
 Tracked objects:
		On entry : 
		On exit  : 
		Unchanged: 
 Data sizes:     COMRAM   BANK0   BANK1   BANK2   BANK3   BANK4   BANK5   BANK6   BANK7
      Params:         0       0       0       0       0       0       0       0       0
      Locals:         3       0       0       0       0       0       0       0       0
      Temps:          2       0       0       0       0       0       0       0       0
      Totals:         5       0       0       0       0       0       0       0       0
Total ram usage:        5 bytes
 Hardware stack levels used:    1
 Hardware stack levels required when called:    1
 This function calls:
		i2_io_as_output
 This function is called by:
		_byte_write
 This function uses a non-reentrant model


 *************** function i2_io_as_output *****************
 Defined at:
		line 374 in file "user.c"
 Parameters:    Size  Location     Type
		None
 Auto vars:     Size  Location     Type
		None
 Return value:  Size  Location     Type
                  1    wreg      void 
 Registers used:
		None
 Tracked objects:
		On entry : 
		On exit  : 
		Unchanged: 
 Data sizes:     COMRAM   BANK0   BANK1   BANK2   BANK3   BANK4   BANK5   BANK6   BANK7
      Params:         0       0       0       0       0       0       0       0       0
      Locals:         0       0       0       0       0       0       0       0       0
      Temps:          0       0       0       0       0       0       0       0       0
      Totals:         0       0       0       0       0       0       0       0       0
Total ram usage:        0 bytes
 Hardware stack levels used:    1
 This function calls:
		Nothing
 This function is called by:
		i2_send_command
 This function uses a non-reentrant model


 *************** function i2_ce_enable *****************
 Defined at:
		line 178 in file "user.c"
 Parameters:    Size  Location     Type
		None
 Auto vars:     Size  Location     Type
		None
 Return value:  Size  Location     Type
                  1    wreg      void 
 Registers used:
		None
 Tracked objects:
		On entry : 
		On exit  : 
		Unchanged: 
 Data sizes:     COMRAM   BANK0   BANK1   BANK2   BANK3   BANK4   BANK5   BANK6   BANK7
      Params:         0       0       0       0       0       0       0       0       0
      Locals:         0       0       0       0       0       0       0       0       0
      Temps:          0       0       0       0       0       0       0       0       0
      Totals:         0       0       0       0       0       0       0       0       0
Total ram usage:        0 bytes
 Hardware stack levels used:    1
 This function calls:
		Nothing
 This function is called by:
		_byte_write
 This function uses a non-reentrant model


 *************** function i2_ce_disable *****************
 Defined at:
		line 185 in file "user.c"
 Parameters:    Size  Location     Type
		None
 Auto vars:     Size  Location     Type
		None
 Return value:  Size  Location     Type
                  1    wreg      void 
 Registers used:
		None
 Tracked objects:
		On entry : 
		On exit  : 
		Unchanged: 
 Data sizes:     COMRAM   BANK0   BANK1   BANK2   BANK3   BANK4   BANK5   BANK6   BANK7
      Params:         0       0       0       0       0       0       0       0       0
      Locals:         0       0       0       0       0       0       0       0       0
      Temps:          0       0       0       0       0       0       0       0       0
      Totals:         0       0       0       0       0       0       0       0       0
Total ram usage:        0 bytes
 Hardware stack levels used:    1
 This function calls:
		Nothing
 This function is called by:
		_byte_write
 This function uses a non-reentrant model



MODULE INFORMATION

Module		Function		Class		Link	Load	Size
interrupts.c
		_high_isr      		CODE           	0008	0000	805

interrupts.c estimated size: 805

/Applications/microchip/xc8/v1.42/sources/common/awmod.c
		___awmod       		CODE           	10E6	0000	149

/Applications/microchip/xc8/v1.42/sources/common/awmod.c estimated size: 149

shared
		i2_timer1_enable		CODE           	176C	0000	5
		i2_send_command		CODE           	13C6	0000	91
		i2_ce_enable   		CODE           	1774	0000	5
		__initialization		CODE           	16EE	0000	25
		i2_buzzer_disable		CODE           	1734	0000	9
		i2_ce_disable  		CODE           	174A	0000	7
		i2_get_seconds_reg		CODE           	1524	0000	87
		i2_io_as_output		CODE           	1770	0000	5

shared estimated size: 234

user.c
		_get_next_state		CODE           	0012	0000	1131
		_timer1_disable		CODE           	1754	0000	5
		_get_cents_reg 		CODE           	157A	0000	73
		_put_num       		CODE           	1420	0000	89
		_put_nums      		CODE           	168C	0000	55
		_byte_write    		CODE           	1714	0000	25
		_get_hour_reg  		CODE           	16C2	0000	45
		_point_disable 		CODE           	1768	0000	5
		_get_timer1_counter		CODE           	120A	0000	145
		_ce_disable    		CODE           	1744	0000	7
		_ir_get_human_code		CODE           	0DC0	0000	303
		_byte_read     		CODE           	129A	0000	111
		_buzzer_enable 		CODE           	173C	0000	9
		_InitApp       		CODE           	1308	0000	101
		_update_point  		CODE           	15C2	0000	73
		_get_time      		CODE           	0C8E	0000	307
		_update_buzzer 		CODE           	160A	0000	73
		_buzzer_disable		CODE           	172C	0000	9
		_send_command  		CODE           	136C	0000	91
		_ir_is_code_number		CODE           	1478	0000	87
		_get_num       		CODE           	0EEE	0000	173
		_get_seconds_reg		CODE           	14CE	0000	87
		_set_time      		CODE           	1652	0000	59
		_get_timer1_counter_down		CODE           	117A	0000	145
		_io_as_input   		CODE           	175C	0000	5
		_get_timer1_counter_speed		CODE           	0F9A	0000	167
		_ce_enable     		CODE           	1760	0000	5
		_point_enable  		CODE           	1764	0000	5
		_update_timer1_counter_10		CODE           	0B1C	0000	371
		_timer1_enable 		CODE           	1750	0000	5
		_io_as_output  		CODE           	1758	0000	5

user.c estimated size: 3771

/Applications/microchip/xc8/v1.42/sources/common/awdiv.c
		___awdiv       		CODE           	1040	0000	167

/Applications/microchip/xc8/v1.42/sources/common/awdiv.c estimated size: 167

main.c
		_main          		CODE           	047C	0000	899

main.c estimated size: 899

system.c
		_ConfigureOscillator		CODE           	1778	0000	3

system.c estimated size: 3

