Microchip MPLAB XC8 Compiler V1.42 ()

Linker command line:

-W-3 --edf=/Applications/microchip/xc8/v1.42/dat/en_msgs.txt -cs \
  -h+dist/C18_18F87K22/debug/cronometro.X.debug.sym \
  --cmf=dist/C18_18F87K22/debug/cronometro.X.debug.cmf -z -Q18F2550 \
  -o/tmp/xci83HRQe -Mdist/C18_18F87K22/debug/cronometro.X.debug.map -E1 \
  -ver=XC8 -ASTACK=0400h-07ffh -pstack=STACK -ACODE=00h-07CFFh \
  -ACONST=00h-07CFFh -ASMALLCONST=0800h-08FFhx117 \
  -AMEDIUMCONST=0800h-07CFFh -ACOMRAM=01h-05Fh -AABS1=00h-03EEh,0400h-07FFh \
  -ABIGRAM=01h-03EEh,0400h-07FFh \
  -ARAM=060h-0FFh,0100h-01FFhx2,0300h-03EEh,0400h-04FFhx4 -ABANK0=060h-0FFh \
  -ABANK1=0100h-01FFh -ABANK2=0200h-02FFh -ABANK3=0300h-03EEh \
  -ABANK4=0400h-04FFh -ABANK5=0500h-05FFh -ABANK6=0600h-06FFh \
  -ABANK7=0700h-07FFh \
  -ASFR=0F60h-0F9Bh,0F9Dh-0FD3h,0FD5h-0FDAh,0FE0h-0FE2h,0FE8h-0FEAh,0FF0h-0FFBh \
  -preset_vec=00h,intcode=08h,intcodelo=018h,powerup,init -pramtop=0800h \
  -psmallconst=SMALLCONST -pmediumconst=MEDIUMCONST -pconst=CONST \
  -AFARRAM=00h-00h -ACONFIG=0300000h-030000Dh -pconfig=CONFIG \
  -AIDLOC=0200000h-0200007h -pidloc=IDLOC -AEEDATA=0F00000h-0F000FFh \
  -peeprom_data=EEDATA \
  -prdata=COMRAM,nvrram=COMRAM,nvbit=COMRAM,rbss=COMRAM,rbit=COMRAM \
  -pfarbss=FARRAM,fardata=FARRAM,nvFARRAM=FARRAM \
  -pintsave_regs=BIGRAM,bigbss=BIGRAM,bigdata=BIGRAM -pbss=RAM \
  -pidata=CODE,irdata=CODE,ibigdata=CODE,ifardata=CODE -prparam=COMRAM \
  /tmp/xc5kePutT.obj dist/C18_18F87K22/debug/cronometro.X.debug.obj 

Object code version is 3.11

Machine type is 18F2550

Call graph: (short form)




                Name                               Link     Load   Length Selector   Space Scale
/tmp/xc5kePutT.obj
                init                                 A6       A6        4        C       0
                reset_vec                             0        0        6        0       0
                idloc                            200000   200000        8   200000       0
                config                           300000   300000        E   300000       0
dist/C18_18F87K22/debug/cronometro.X.debug.obj
                intcodelo                            18       18       8E        C       0
                intcode                               8        8        6        4       0
                temp                                 4D       4D        1        1       1
                text21                              5D8      5D8       F2        C       0
                text20                              496      496      142        C       0
                intcode_body                        336      336      160        C       0
                text17                              B18      B18        2        C       0
                text16                              AA8      AA8       30        C       0
                text15                              AFE      AFE        6        C       0
                text14                              B14      B14        4        C       0
                text13                              B10      B10        4        C       0
                text12                              B0C      B0C        4        C       0
                text11                              934      934       70        C       0
                text10                              82C      82C       8E        C       0
                text9                               6CA      6CA       B2        C       0
                text8                               9A4      9A4       6E        C       0
                text7                               B08      B08        4        C       0
                text6                               B04      B04        4        C       0
                text5                               AEE      AEE       10        C       0
                text4                               77C      77C       B0        C       0
                text3                               8BA      8BA       7A        C       0
                text2                               A60      A60       48        C       0
                text1                               A12      A12       4E        C       0
                text0                                AA       AA      28C        C       0
                cstackCOMRAM                          1        1       4A        1       1
                cstackBANK0                          60       60       2A       60       1
                bssBANK0                             8A       8A        3       60       1
                cinit                               AD8      AD8       16        C       0
                nvCOMRAM                             4B       4B        2        1       1

TOTAL           Name                               Link     Load   Length     Space
        CLASS   STACK          

        CLASS   CODE           
                intcodelo                            18       18       8E         0
                intcode                               8        8        6         0
                init                                 A6       A6        4         0
                reset_vec                             0        0        6         0
                text21                              5D8      5D8       F2         0
                text20                              496      496      142         0
                intcode_body                        336      336      160         0
                text17                              B18      B18        2         0
                text16                              AA8      AA8       30         0
                text15                              AFE      AFE        6         0
                text14                              B14      B14        4         0
                text13                              B10      B10        4         0
                text12                              B0C      B0C        4         0
                text11                              934      934       70         0
                text10                              82C      82C       8E         0
                text9                               6CA      6CA       B2         0
                text8                               9A4      9A4       6E         0
                text7                               B08      B08        4         0
                text6                               B04      B04        4         0
                text5                               AEE      AEE       10         0
                text4                               77C      77C       B0         0
                text3                               8BA      8BA       7A         0
                text2                               A60      A60       48         0
                text1                               A12      A12       4E         0
                text0                                AA       AA      28C         0
                cinit                               AD8      AD8       16         0

        CLASS   CONST          

        CLASS   SMALLCONST     

        CLASS   MEDIUMCONST    

        CLASS   COMRAM         
                temp                                 4D       4D        1         1
                cstackCOMRAM                          1        1       4A         1
                nvCOMRAM                             4B       4B        2         1

        CLASS   ABS1           

        CLASS   BIGRAM         

        CLASS   RAM            

        CLASS   BANK0          
                cstackBANK0                          60       60       2A         1
                bssBANK0                             8A       8A        3         1

        CLASS   BANK1          

        CLASS   BANK2          

        CLASS   BANK3          

        CLASS   BANK4          

        CLASS   BANK5          

        CLASS   BANK6          

        CLASS   BANK7          

        CLASS   SFR            

        CLASS   FARRAM         

        CLASS   CONFIG         
                config                           300000   300000        E         0

        CLASS   IDLOC          
                idloc                            200000   200000        8         0

        CLASS   EEDATA         



SEGMENTS        Name                           Load    Length   Top    Selector   Space  Class

                reset_vec                      000000  000006  000006         0       0  CODE    
                cstackCOMRAM                   000001  00004D  00004E         1       1  COMRAM  
                intcode                        000008  000006  00000E         4       0  CODE    
                intcodelo                      000018  000B02  000B1A         C       0  CODE    
                cstackBANK0                    000060  00002D  00008D        60       1  BANK0   
                idloc                          200000  000008  200008    200000       0  IDLOC   
                config                         300000  00000E  30000E    300000       0  CONFIG  


UNUSED ADDRESS RANGES

        Name                Unused          Largest block    Delta
        BANK0            00008D-0000FF               73
        BANK1            000100-0001FF              100
        BANK2            000200-0002FF              100
        BANK3            000300-0003EE               EF
        BANK4            000400-0004FF              100
        BANK5            000500-0005FF              100
        BANK6            000600-0006FF              100
        BANK7            000700-0007FF              100
        BIGRAM           00004E-00005F               12
                         00008D-0003EE              362
                         000400-0007FF              400
        CODE             000006-000007                2
                         00000E-000017                A
                         000B1A-007CFF             71E6
        COMRAM           00004E-00005F               12
        CONST            000006-000007                2
                         00000E-000017                A
                         000B1A-007CFF             71E6
        EEDATA           F00000-F000FF              100
        MEDIUMCONST      000B1A-007CFF             71E6
        RAM              00008D-0003EE              100
                         000400-0007FF              100
        SFR              000F60-000F9B               3C
                         000F9D-000FD3               37
                         000FD5-000FDA                6
                         000FE0-000FE2                3
                         000FE8-000FEA                3
                         000FF0-000FFB                C
        SMALLCONST       000B1A-007CFF              100
        STACK            000400-0007FF              400

                                  Symbol Table

_ADCON1                           (abs)        000FC1
_CCP2CON                          (abs)        000FBA
_ConfigureOscillator              text17       000B18
_INTCON                           (abs)        000FF2
_INTCONbits                       (abs)        000FF2
_InitApp                          text16       000AA8
_RA2                              (abs)        007C02
_RA3                              (abs)        007C03
_RA5                              (abs)        007C05
_RB0                              (abs)        007C08
_RB1                              (abs)        007C09
_RB3                              (abs)        007C0B
_RB4                              (abs)        007C0C
_RB5                              (abs)        007C0D
_RBIF                             (abs)        007F90
_SSPCON1                          (abs)        000FC6
_TRISA2                           (abs)        007C92
_TRISA3                           (abs)        007C93
_TRISA5                           (abs)        007C95
_TRISB1                           (abs)        007C99
_TRISB3                           (abs)        007C9B
_TRISB4                           (abs)        007C9C
__CFG_BOR$ON                      (abs)        000000
__CFG_BORV$3                      (abs)        000000
__CFG_CCP2MX$ON                   (abs)        000000
__CFG_CP0$OFF                     (abs)        000000
__CFG_CP1$OFF                     (abs)        000000
__CFG_CP2$OFF                     (abs)        000000
__CFG_CP3$OFF                     (abs)        000000
__CFG_CPB$OFF                     (abs)        000000
__CFG_CPD$OFF                     (abs)        000000
__CFG_CPUDIV$OSC1_PLL2            (abs)        000000
__CFG_EBTR0$OFF                   (abs)        000000
__CFG_EBTR1$OFF                   (abs)        000000
__CFG_EBTR2$OFF                   (abs)        000000
__CFG_EBTR3$OFF                   (abs)        000000
__CFG_EBTRB$OFF                   (abs)        000000
__CFG_FCMEN$OFF                   (abs)        000000
__CFG_FOSC$HS                     (abs)        000000
__CFG_IESO$OFF                    (abs)        000000
__CFG_LPT1OSC$OFF                 (abs)        000000
__CFG_LVP$ON                      (abs)        000000
__CFG_MCLRE$ON                    (abs)        000000
__CFG_PBADEN$OFF                  (abs)        000000
__CFG_PLLDIV$1                    (abs)        000000
__CFG_PWRT$OFF                    (abs)        000000
__CFG_STVREN$ON                   (abs)        000000
__CFG_USBDIV$1                    (abs)        000000
__CFG_VREGEN$OFF                  (abs)        000000
__CFG_WDT$ON                      (abs)        000000
__CFG_WDTPS$32768                 (abs)        000000
__CFG_WRT0$OFF                    (abs)        000000
__CFG_WRT1$OFF                    (abs)        000000
__CFG_WRT2$OFF                    (abs)        000000
__CFG_WRT3$OFF                    (abs)        000000
__CFG_WRTB$OFF                    (abs)        000000
__CFG_WRTC$OFF                    (abs)        000000
__CFG_WRTD$OFF                    (abs)        000000
__CFG_XINST$OFF                   (abs)        000000
__HRAM                            (abs)        000000
__Habs1                           abs1         000000
__Hbank0                          bank0        000000
__Hbank1                          bank1        000000
__Hbank2                          bank2        000000
__Hbank3                          bank3        000000
__Hbank4                          bank4        000000
__Hbank5                          bank5        000000
__Hbank6                          bank6        000000
__Hbank7                          bank7        000000
__Hbigbss                         bigbss       000000
__Hbigdata                        bigdata      000000
__Hbigram                         bigram       000000
__Hbss                            bss          000000
__HbssBANK0                       bssBANK0     000000
__Hcinit                          cinit        000000
__Hclrtext                        clrtext      000000
__Hcomram                         comram       000000
__Hconfig                         config       30000E
__Hconst                          const        000000
__HcstackBANK0                    cstackBANK0  000000
__HcstackCOMRAM                   cstackCOMRAM 000000
__Hdata                           data         000000
__Heeprom_data                    eeprom_data  000000
__Hfarbss                         farbss       000000
__Hfardata                        fardata      000000
__Hibigdata                       ibigdata     000000
__Hidata                          idata        000000
__Hidloc                          idloc        200008
__Hifardata                       ifardata     000000
__Hinit                           init         0000AA
__Hintcode                        intcode      00000E
__Hintcode_body                   intcode_body 000000
__Hintcodelo                      intcodelo    0000A6
__Hintentry                       intentry     000000
__Hintret                         intret       000000
__Hintsave_regs                   intsave_regs 000000
__Hirdata                         irdata       000000
__Hmediumconst                    mediumconst  000000
__HnvCOMRAM                       nvCOMRAM     000000
__HnvFARRAM                       nvFARRAM     000000
__Hnvbit                          nvbit        000000
__Hnvrram                         nvrram       000000
__Hparam                          rparam       000000
__Hpowerup                        powerup      0000A6
__Hram                            ram          000000
__Hramtop                         ramtop       000800
__Hrbit                           rbit         000000
__Hrbss                           rbss         000000
__Hrdata                          rdata        000000
__Hreset_vec                      reset_vec    000006
__Hrparam                         rparam       000000
__Hsfr                            sfr          000000
__Hsmallconst                     smallconst   000000
__Hspace_0                        (abs)        30000E
__Hspace_1                        (abs)        00008D
__Hspace_2                        (abs)        000000
__Hstack                          stack        000000
__Hstruct                         struct       000000
__Htemp                           temp         00004E
__Htext                           text         000000
__Htext0                          text0        000000
__Htext1                          text1        000000
__Htext10                         text10       000000
__Htext11                         text11       000000
__Htext12                         text12       000000
__Htext13                         text13       000000
__Htext14                         text14       000000
__Htext15                         text15       000000
__Htext16                         text16       000000
__Htext17                         text17       000000
__Htext2                          text2        000000
__Htext20                         text20       000000
__Htext21                         text21       000000
__Htext3                          text3        000000
__Htext4                          text4        000000
__Htext5                          text5        000000
__Htext6                          text6        000000
__Htext7                          text7        000000
__Htext8                          text8        000000
__Htext9                          text9        000000
__LRAM                            (abs)        000001
__Labs1                           abs1         000000
__Lbank0                          bank0        000000
__Lbank1                          bank1        000000
__Lbank2                          bank2        000000
__Lbank3                          bank3        000000
__Lbank4                          bank4        000000
__Lbank5                          bank5        000000
__Lbank6                          bank6        000000
__Lbank7                          bank7        000000
__Lbigbss                         bigbss       000000
__Lbigdata                        bigdata      000000
__Lbigram                         bigram       000000
__Lbss                            bss          000000
__LbssBANK0                       bssBANK0     000000
__Lcinit                          cinit        000000
__Lclrtext                        clrtext      000000
__Lcomram                         comram       000000
__Lconfig                         config       300000
__Lconst                          const        000000
__LcstackBANK0                    cstackBANK0  000000
__LcstackCOMRAM                   cstackCOMRAM 000000
__Ldata                           data         000000
__Leeprom_data                    eeprom_data  000000
__Lfarbss                         farbss       000000
__Lfardata                        fardata      000000
__Libigdata                       ibigdata     000000
__Lidata                          idata        000000
__Lidloc                          idloc        200000
__Lifardata                       ifardata     000000
__Linit                           init         0000A6
__Lintcode                        intcode      000008
__Lintcode_body                   intcode_body 000000
__Lintcodelo                      intcodelo    000018
__Lintentry                       intentry     000000
__Lintret                         intret       000000
__Lintsave_regs                   intsave_regs 000000
__Lirdata                         irdata       000000
__Lmediumconst                    mediumconst  000000
__LnvCOMRAM                       nvCOMRAM     000000
__LnvFARRAM                       nvFARRAM     000000
__Lnvbit                          nvbit        000000
__Lnvrram                         nvrram       000000
__Lparam                          rparam       000000
__Lpowerup                        powerup      0000A6
__Lram                            ram          000000
__Lramtop                         ramtop       000800
__Lrbit                           rbit         000000
__Lrbss                           rbss         000000
__Lrdata                          rdata        000000
__Lreset_vec                      reset_vec    000000
__Lrparam                         rparam       000000
__Lsfr                            sfr          000000
__Lsmallconst                     smallconst   000000
__Lspace_0                        (abs)        000000
__Lspace_1                        (abs)        000000
__Lspace_2                        (abs)        000000
__Lstack                          stack        000000
__Lstruct                         struct       000000
__Ltemp                           temp         00004D
__Ltext                           text         000000
__Ltext0                          text0        000000
__Ltext1                          text1        000000
__Ltext10                         text10       000000
__Ltext11                         text11       000000
__Ltext12                         text12       000000
__Ltext13                         text13       000000
__Ltext14                         text14       000000
__Ltext15                         text15       000000
__Ltext16                         text16       000000
__Ltext17                         text17       000000
__Ltext2                          text2        000000
__Ltext20                         text20       000000
__Ltext21                         text21       000000
__Ltext3                          text3        000000
__Ltext4                          text4        000000
__Ltext5                          text5        000000
__Ltext6                          text6        000000
__Ltext7                          text7        000000
__Ltext8                          text8        000000
__Ltext9                          text9        000000
__S0                              (abs)        30000E
__S1                              (abs)        00008D
__S2                              (abs)        000000
___inthi_sp                       stack        000000
___intlo_sp                       stack        000000
___param_bank                     (abs)        000000
___rparam_used                    (abs)        000001
___sp                             stack        000000
__accesstop                       (abs)        000060
__activetblptr                    (abs)        000002
__end_of_ConfigureOscillator      text17       000B1A
__end_of_InitApp                  text16       000AD8
__end_of__initialization          cinit        000AE0
__end_of_byte_read                text10       0008BA
__end_of_ce_disable               text15       000B04
__end_of_ce_enable                text14       000B18
__end_of_get_next_state           text21       0006CA
__end_of_get_num                  text4        00082C
__end_of_get_time                 text9        00077C
__end_of_high_isr                 intcode_body 000496
__end_of_io_as_input              text13       000B14
__end_of_io_as_output             text12       000B10
__end_of_ir_get_human_code        text20       0005D8
__end_of_ir_is_code_number        text8        000A12
__end_of_low_isr                  intcodelo    0000A6
__end_of_main                     text0        000336
__end_of_point_disable            text7        000B0C
__end_of_point_enable             text6        000B08
__end_of_point_toggle             text5        000AFE
__end_of_put_num                  text3        000934
__end_of_put_nums                 text2        000AA8
__end_of_put_nums_individual      text1        000A60
__end_of_send_command             text11       0009A4
__initialization                  cinit        000AD8
__mediumconst                     mediumconst  000000
__pbssBANK0                       bssBANK0     00008A
__pcinit                          cinit        000AD8
__pcstackBANK0                    cstackBANK0  000060
__pcstackCOMRAM                   cstackCOMRAM 000001
__pintcode                        intcode      000008
__pintcode_body                   intcode_body 000336
__pintcodelo                      intcodelo    000018
__pnvCOMRAM                       nvCOMRAM     00004B
__ptext0                          text0        0000AA
__ptext1                          text1        000A12
__ptext10                         text10       00082C
__ptext11                         text11       000934
__ptext12                         text12       000B0C
__ptext13                         text13       000B10
__ptext14                         text14       000B14
__ptext15                         text15       000AFE
__ptext16                         text16       000AA8
__ptext17                         text17       000B18
__ptext2                          text2        000A60
__ptext20                         text20       000496
__ptext21                         text21       0005D8
__ptext3                          text3        0008BA
__ptext4                          text4        00077C
__ptext5                          text5        000AEE
__ptext6                          text6        000B04
__ptext7                          text7        000B08
__ptext8                          text8        0009A4
__ptext9                          text9        0006CA
__ramtop                          ramtop       000800
__size_of_ConfigureOscillator     (abs)        000000
__size_of_InitApp                 (abs)        000000
__size_of_byte_read               (abs)        000000
__size_of_ce_disable              (abs)        000000
__size_of_ce_enable               (abs)        000000
__size_of_get_next_state          (abs)        000000
__size_of_get_num                 (abs)        000000
__size_of_get_time                (abs)        000000
__size_of_high_isr                (abs)        000000
__size_of_io_as_input             (abs)        000000
__size_of_io_as_output            (abs)        000000
__size_of_ir_get_human_code       (abs)        000000
__size_of_ir_is_code_number       (abs)        000000
__size_of_low_isr                 (abs)        000000
__size_of_main                    (abs)        000000
__size_of_point_disable           (abs)        000000
__size_of_point_enable            (abs)        000000
__size_of_point_toggle            (abs)        000000
__size_of_put_num                 (abs)        000000
__size_of_put_nums                (abs)        000000
__size_of_put_nums_individual     (abs)        000000
__size_of_send_command            (abs)        000000
__smallconst                      smallconst   000000
_byte_read                        text10       00082C
_ce_disable                       text15       000AFE
_ce_enable                        text14       000B14
_get_next_state                   text21       0005D8
_get_num                          text4        00077C
_get_time                         text9        0006CA
_high_isr                         intcode      000008
_human_code                       bssBANK0     00008C
_io_as_input                      text13       000B10
_io_as_output                     text12       000B0C
_ir_get_human_code                text20       000496
_ir_is_code_number                text8        0009A4
_low_isr                          intcodelo    000018
_main                             text0        0000AA
_next                             bssBANK0     00008A
_point_disable                    text7        000B08
_point_enable                     text6        000B04
_point_toggle                     text5        000AEE
_put_num                          text3        0008BA
_put_num$849                      cstackBANK0  000075
_put_nums                         text2        000A60
_put_nums_individual              text1        000A12
_send_command                     text11       000934
_state                            nvCOMRAM     00004B
btemp                             temp         00004D
byte_read@address                 cstackBANK0  000078
byte_read@i                       cstackBANK0  00007A
byte_read@res                     cstackBANK0  000079
end_of_initialization             cinit        000AE0
get_next_state@code               cstackCOMRAM 000003
get_next_state@state              cstackCOMRAM 000001
get_num@num                       cstackBANK0  000071
get_time@aux                      cstackBANK0  000081
get_time@data                     cstackBANK0  00007C
get_time@hours                    cstackBANK0  000080
get_time@minutes                  cstackBANK0  00007F
get_time@seconds                  cstackBANK0  00007E
high_isr@aux                      cstackCOMRAM 000046
high_isr@code                     cstackCOMRAM 000017
high_isr@final_code               cstackCOMRAM 000047
high_isr@i                        cstackCOMRAM 000049
int$flags                         temp         00004D
int_func                          intcode_body 000336
intlevel0                         text         000000
intlevel1                         text         000000
intlevel2                         text         000000
intlevel3                         text         000000
ir_get_human_code@code            cstackCOMRAM 000001
ir_get_human_code@human_read_code cstackCOMRAM 000005
ir_is_code_number@human_code      cstackBANK0  000071
main@aux1                         cstackBANK0  000084
put_num@i                         cstackBANK0  000076
put_num@mask                      cstackBANK0  000074
put_num@num                       cstackBANK0  000073
put_nums@i                        cstackBANK0  00007A
put_nums@nums                     cstackBANK0  000078
put_nums_individual@num0          cstackBANK0  00007C
put_nums_individual@num1          cstackBANK0  00007B
put_nums_individual@num2          cstackBANK0  00007A
put_nums_individual@num3          cstackBANK0  000079
put_nums_individual@num4          cstackBANK0  000078
put_nums_individual@num5          cstackBANK0  00007D
send_command@command              cstackBANK0  000073
send_command@i                    cstackBANK0  000074
stackhi                           (abs)        0007FF
stacklo                           (abs)        000400
start                             init         0000A6
start_initialization              cinit        000AD8


FUNCTION INFORMATION:

 *************** function _main *****************
 Defined at:
		line 37 in file "main.c"
 Parameters:    Size  Location     Type
		None
 Auto vars:     Size  Location     Type
  aux1            6   36[BANK0 ] unsigned char [6]
  temp            1    0        unsigned char 
 Return value:  Size  Location     Type
                  1    wreg      void 
 Registers used:
		wreg, fsr2l, fsr2h, status,2, status,0, cstack
 Tracked objects:
		On entry : 
		On exit  : 
		Unchanged: 
 Data sizes:     COMRAM   BANK0   BANK1   BANK2   BANK3   BANK4   BANK5   BANK6   BANK7
      Params:         0       0       0       0       0       0       0       0       0
      Locals:         0       6       0       0       0       0       0       0       0
      Temps:          0       2       0       0       0       0       0       0       0
      Totals:         0       8       0       0       0       0       0       0       0
Total ram usage:        8 bytes
 Hardware stack levels required when called:    7
 This function calls:
		_ConfigureOscillator
		_InitApp
		_get_time
		_ir_is_code_number
		_point_toggle
		_put_nums
		_put_nums_individual
 This function is called by:
		Startup code after reset
 This function uses a non-reentrant model


 *************** function _put_nums_individual *****************
 Defined at:
		line 72 in file "user.c"
 Parameters:    Size  Location     Type
  num5            1    wreg     unsigned char 
  num4            1   24[BANK0 ] unsigned char 
  num3            1   25[BANK0 ] unsigned char 
  num2            1   26[BANK0 ] unsigned char 
  num1            1   27[BANK0 ] unsigned char 
  num0            1   28[BANK0 ] unsigned char 
 Auto vars:     Size  Location     Type
  num5            1   29[BANK0 ] unsigned char 
 Return value:  Size  Location     Type
                  1    wreg      void 
 Registers used:
		wreg, status,2, status,0, cstack
 Tracked objects:
		On entry : 
		On exit  : 
		Unchanged: 
 Data sizes:     COMRAM   BANK0   BANK1   BANK2   BANK3   BANK4   BANK5   BANK6   BANK7
      Params:         0       5       0       0       0       0       0       0       0
      Locals:         0       1       0       0       0       0       0       0       0
      Temps:          0       0       0       0       0       0       0       0       0
      Totals:         0       6       0       0       0       0       0       0       0
Total ram usage:        6 bytes
 Hardware stack levels used:    1
 Hardware stack levels required when called:    4
 This function calls:
		_get_num
		_put_num
 This function is called by:
		_main
 This function uses a non-reentrant model


 *************** function _put_nums *****************
 Defined at:
		line 63 in file "user.c"
 Parameters:    Size  Location     Type
  nums            2   24[BANK0 ] PTR unsigned char 
		 -> main@aux1(6), 
 Auto vars:     Size  Location     Type
  i               2   26[BANK0 ] int 
 Return value:  Size  Location     Type
                  1    wreg      void 
 Registers used:
		wreg, fsr2l, fsr2h, status,2, status,0, cstack
 Tracked objects:
		On entry : 
		On exit  : 
		Unchanged: 
 Data sizes:     COMRAM   BANK0   BANK1   BANK2   BANK3   BANK4   BANK5   BANK6   BANK7
      Params:         0       2       0       0       0       0       0       0       0
      Locals:         0       2       0       0       0       0       0       0       0
      Temps:          0       0       0       0       0       0       0       0       0
      Totals:         0       4       0       0       0       0       0       0       0
Total ram usage:        4 bytes
 Hardware stack levels used:    1
 Hardware stack levels required when called:    4
 This function calls:
		_get_num
		_put_num
 This function is called by:
		_main
 This function uses a non-reentrant model


 *************** function _put_num *****************
 Defined at:
		line 51 in file "user.c"
 Parameters:    Size  Location     Type
  num             1    wreg     unsigned char 
 Auto vars:     Size  Location     Type
  num             1   19[BANK0 ] unsigned char 
  i               2   22[BANK0 ] int 
  mask            1   20[BANK0 ] unsigned char 
 Return value:  Size  Location     Type
                  1    wreg      void 
 Registers used:
		wreg, status,2, status,0
 Tracked objects:
		On entry : 
		On exit  : 
		Unchanged: 
 Data sizes:     COMRAM   BANK0   BANK1   BANK2   BANK3   BANK4   BANK5   BANK6   BANK7
      Params:         0       0       0       0       0       0       0       0       0
      Locals:         0       5       0       0       0       0       0       0       0
      Temps:          0       2       0       0       0       0       0       0       0
      Totals:         0       7       0       0       0       0       0       0       0
Total ram usage:        7 bytes
 Hardware stack levels used:    1
 Hardware stack levels required when called:    3
 This function calls:
		Nothing
 This function is called by:
		_put_nums
		_put_nums_individual
 This function uses a non-reentrant model


 *************** function _get_num *****************
 Defined at:
		line 82 in file "user.c"
 Parameters:    Size  Location     Type
  num             1    wreg     unsigned char 
 Auto vars:     Size  Location     Type
  num             1   17[BANK0 ] unsigned char 
 Return value:  Size  Location     Type
                  1    wreg      unsigned char 
 Registers used:
		wreg, status,2, status,0
 Tracked objects:
		On entry : 
		On exit  : 
		Unchanged: 
 Data sizes:     COMRAM   BANK0   BANK1   BANK2   BANK3   BANK4   BANK5   BANK6   BANK7
      Params:         0       0       0       0       0       0       0       0       0
      Locals:         0       1       0       0       0       0       0       0       0
      Temps:          0       0       0       0       0       0       0       0       0
      Totals:         0       1       0       0       0       0       0       0       0
Total ram usage:        1 bytes
 Hardware stack levels used:    1
 Hardware stack levels required when called:    3
 This function calls:
		Nothing
 This function is called by:
		_put_nums
		_put_nums_individual
 This function uses a non-reentrant model


 *************** function _point_toggle *****************
 Defined at:
		line 116 in file "user.c"
 Parameters:    Size  Location     Type
		None
 Auto vars:     Size  Location     Type
		None
 Return value:  Size  Location     Type
                  1    wreg      void 
 Registers used:
		cstack
 Tracked objects:
		On entry : 
		On exit  : 
		Unchanged: 
 Data sizes:     COMRAM   BANK0   BANK1   BANK2   BANK3   BANK4   BANK5   BANK6   BANK7
      Params:         0       0       0       0       0       0       0       0       0
      Locals:         0       0       0       0       0       0       0       0       0
      Temps:          0       0       0       0       0       0       0       0       0
      Totals:         0       0       0       0       0       0       0       0       0
Total ram usage:        0 bytes
 Hardware stack levels used:    1
 Hardware stack levels required when called:    4
 This function calls:
		_point_disable
		_point_enable
 This function is called by:
		_main
 This function uses a non-reentrant model


 *************** function _point_enable *****************
 Defined at:
		line 106 in file "user.c"
 Parameters:    Size  Location     Type
		None
 Auto vars:     Size  Location     Type
		None
 Return value:  Size  Location     Type
                  1    wreg      void 
 Registers used:
		None
 Tracked objects:
		On entry : 
		On exit  : 
		Unchanged: 
 Data sizes:     COMRAM   BANK0   BANK1   BANK2   BANK3   BANK4   BANK5   BANK6   BANK7
      Params:         0       0       0       0       0       0       0       0       0
      Locals:         0       0       0       0       0       0       0       0       0
      Temps:          0       0       0       0       0       0       0       0       0
      Totals:         0       0       0       0       0       0       0       0       0
Total ram usage:        0 bytes
 Hardware stack levels used:    1
 Hardware stack levels required when called:    3
 This function calls:
		Nothing
 This function is called by:
		_point_toggle
 This function uses a non-reentrant model


 *************** function _point_disable *****************
 Defined at:
		line 111 in file "user.c"
 Parameters:    Size  Location     Type
		None
 Auto vars:     Size  Location     Type
		None
 Return value:  Size  Location     Type
                  1    wreg      void 
 Registers used:
		None
 Tracked objects:
		On entry : 
		On exit  : 
		Unchanged: 
 Data sizes:     COMRAM   BANK0   BANK1   BANK2   BANK3   BANK4   BANK5   BANK6   BANK7
      Params:         0       0       0       0       0       0       0       0       0
      Locals:         0       0       0       0       0       0       0       0       0
      Temps:          0       0       0       0       0       0       0       0       0
      Totals:         0       0       0       0       0       0       0       0       0
Total ram usage:        0 bytes
 Hardware stack levels used:    1
 Hardware stack levels required when called:    3
 This function calls:
		Nothing
 This function is called by:
		_point_toggle
 This function uses a non-reentrant model


 *************** function _ir_is_code_number *****************
 Defined at:
		line 314 in file "user.c"
 Parameters:    Size  Location     Type
  human_code      1    wreg     unsigned char 
 Auto vars:     Size  Location     Type
  human_code      1   17[BANK0 ] unsigned char 
 Return value:  Size  Location     Type
                  1    wreg      unsigned char 
 Registers used:
		wreg, status,2, status,0
 Tracked objects:
		On entry : 
		On exit  : 
		Unchanged: 
 Data sizes:     COMRAM   BANK0   BANK1   BANK2   BANK3   BANK4   BANK5   BANK6   BANK7
      Params:         0       0       0       0       0       0       0       0       0
      Locals:         0       1       0       0       0       0       0       0       0
      Temps:          0       0       0       0       0       0       0       0       0
      Totals:         0       1       0       0       0       0       0       0       0
Total ram usage:        1 bytes
 Hardware stack levels used:    1
 Hardware stack levels required when called:    3
 This function calls:
		Nothing
 This function is called by:
		_main
 This function uses a non-reentrant model


 *************** function _get_time *****************
 Defined at:
		line 199 in file "user.c"
 Parameters:    Size  Location     Type
  data            2   28[BANK0 ] PTR unsigned char 
		 -> main@aux1(6), 
 Auto vars:     Size  Location     Type
  aux             1   33[BANK0 ] unsigned char 
  hours           1   32[BANK0 ] unsigned char 
  minutes         1   31[BANK0 ] unsigned char 
  seconds         1   30[BANK0 ] unsigned char 
 Return value:  Size  Location     Type
                  1    wreg      void 
 Registers used:
		wreg, fsr2l, fsr2h, status,2, status,0, cstack
 Tracked objects:
		On entry : 
		On exit  : 
		Unchanged: 
 Data sizes:     COMRAM   BANK0   BANK1   BANK2   BANK3   BANK4   BANK5   BANK6   BANK7
      Params:         0       2       0       0       0       0       0       0       0
      Locals:         0       4       0       0       0       0       0       0       0
      Temps:          0       0       0       0       0       0       0       0       0
      Totals:         0       6       0       0       0       0       0       0       0
Total ram usage:        6 bytes
 Hardware stack levels used:    1
 Hardware stack levels required when called:    6
 This function calls:
		_byte_read
 This function is called by:
		_main
 This function uses a non-reentrant model


 *************** function _byte_read *****************
 Defined at:
		line 150 in file "user.c"
 Parameters:    Size  Location     Type
  address         1    wreg     unsigned char 
 Auto vars:     Size  Location     Type
  address         1   24[BANK0 ] unsigned char 
  i               2   26[BANK0 ] int 
  res             1   25[BANK0 ] unsigned char 
 Return value:  Size  Location     Type
                  1    wreg      unsigned char 
 Registers used:
		wreg, status,2, status,0, cstack
 Tracked objects:
		On entry : 
		On exit  : 
		Unchanged: 
 Data sizes:     COMRAM   BANK0   BANK1   BANK2   BANK3   BANK4   BANK5   BANK6   BANK7
      Params:         0       0       0       0       0       0       0       0       0
      Locals:         0       4       0       0       0       0       0       0       0
      Temps:          0       2       0       0       0       0       0       0       0
      Totals:         0       6       0       0       0       0       0       0       0
Total ram usage:        6 bytes
 Hardware stack levels used:    1
 Hardware stack levels required when called:    5
 This function calls:
		_ce_disable
		_ce_enable
		_io_as_input
		_send_command
 This function is called by:
		_get_time
 This function uses a non-reentrant model


 *************** function _send_command *****************
 Defined at:
		line 265 in file "user.c"
 Parameters:    Size  Location     Type
  command         1    wreg     unsigned char 
 Auto vars:     Size  Location     Type
  command         1   19[BANK0 ] unsigned char 
  i               2   20[BANK0 ] int 
 Return value:  Size  Location     Type
                  1    wreg      void 
 Registers used:
		wreg, status,2, status,0, cstack
 Tracked objects:
		On entry : 
		On exit  : 
		Unchanged: 
 Data sizes:     COMRAM   BANK0   BANK1   BANK2   BANK3   BANK4   BANK5   BANK6   BANK7
      Params:         0       0       0       0       0       0       0       0       0
      Locals:         0       3       0       0       0       0       0       0       0
      Temps:          0       2       0       0       0       0       0       0       0
      Totals:         0       5       0       0       0       0       0       0       0
Total ram usage:        5 bytes
 Hardware stack levels used:    1
 Hardware stack levels required when called:    4
 This function calls:
		_io_as_output
 This function is called by:
		_byte_read
		_byte_write
 This function uses a non-reentrant model


 *************** function _io_as_output *****************
 Defined at:
		line 285 in file "user.c"
 Parameters:    Size  Location     Type
		None
 Auto vars:     Size  Location     Type
		None
 Return value:  Size  Location     Type
                  1    wreg      void 
 Registers used:
		None
 Tracked objects:
		On entry : 
		On exit  : 
		Unchanged: 
 Data sizes:     COMRAM   BANK0   BANK1   BANK2   BANK3   BANK4   BANK5   BANK6   BANK7
      Params:         0       0       0       0       0       0       0       0       0
      Locals:         0       0       0       0       0       0       0       0       0
      Temps:          0       0       0       0       0       0       0       0       0
      Totals:         0       0       0       0       0       0       0       0       0
Total ram usage:        0 bytes
 Hardware stack levels used:    1
 Hardware stack levels required when called:    3
 This function calls:
		Nothing
 This function is called by:
		_send_command
 This function uses a non-reentrant model


 *************** function _io_as_input *****************
 Defined at:
		line 280 in file "user.c"
 Parameters:    Size  Location     Type
		None
 Auto vars:     Size  Location     Type
		None
 Return value:  Size  Location     Type
                  1    wreg      void 
 Registers used:
		None
 Tracked objects:
		On entry : 
		On exit  : 
		Unchanged: 
 Data sizes:     COMRAM   BANK0   BANK1   BANK2   BANK3   BANK4   BANK5   BANK6   BANK7
      Params:         0       0       0       0       0       0       0       0       0
      Locals:         0       0       0       0       0       0       0       0       0
      Temps:          0       0       0       0       0       0       0       0       0
      Totals:         0       0       0       0       0       0       0       0       0
Total ram usage:        0 bytes
 Hardware stack levels used:    1
 Hardware stack levels required when called:    3
 This function calls:
		Nothing
 This function is called by:
		_byte_read
 This function uses a non-reentrant model


 *************** function _ce_enable *****************
 Defined at:
		line 142 in file "user.c"
 Parameters:    Size  Location     Type
		None
 Auto vars:     Size  Location     Type
		None
 Return value:  Size  Location     Type
                  1    wreg      void 
 Registers used:
		None
 Tracked objects:
		On entry : 
		On exit  : 
		Unchanged: 
 Data sizes:     COMRAM   BANK0   BANK1   BANK2   BANK3   BANK4   BANK5   BANK6   BANK7
      Params:         0       0       0       0       0       0       0       0       0
      Locals:         0       0       0       0       0       0       0       0       0
      Temps:          0       0       0       0       0       0       0       0       0
      Totals:         0       0       0       0       0       0       0       0       0
Total ram usage:        0 bytes
 Hardware stack levels used:    1
 Hardware stack levels required when called:    3
 This function calls:
		Nothing
 This function is called by:
		_byte_read
		_byte_write
 This function uses a non-reentrant model


 *************** function _ce_disable *****************
 Defined at:
		line 145 in file "user.c"
 Parameters:    Size  Location     Type
		None
 Auto vars:     Size  Location     Type
		None
 Return value:  Size  Location     Type
                  1    wreg      void 
 Registers used:
		None
 Tracked objects:
		On entry : 
		On exit  : 
		Unchanged: 
 Data sizes:     COMRAM   BANK0   BANK1   BANK2   BANK3   BANK4   BANK5   BANK6   BANK7
      Params:         0       0       0       0       0       0       0       0       0
      Locals:         0       0       0       0       0       0       0       0       0
      Temps:          0       0       0       0       0       0       0       0       0
      Totals:         0       0       0       0       0       0       0       0       0
Total ram usage:        0 bytes
 Hardware stack levels used:    1
 Hardware stack levels required when called:    3
 This function calls:
		Nothing
 This function is called by:
		_byte_read
		_byte_write
 This function uses a non-reentrant model


 *************** function _InitApp *****************
 Defined at:
		line 28 in file "user.c"
 Parameters:    Size  Location     Type
		None
 Auto vars:     Size  Location     Type
		None
 Return value:  Size  Location     Type
                  1    wreg      void 
 Registers used:
		wreg, status,2
 Tracked objects:
		On entry : 
		On exit  : 
		Unchanged: 
 Data sizes:     COMRAM   BANK0   BANK1   BANK2   BANK3   BANK4   BANK5   BANK6   BANK7
      Params:         0       0       0       0       0       0       0       0       0
      Locals:         0       0       0       0       0       0       0       0       0
      Temps:          0       0       0       0       0       0       0       0       0
      Totals:         0       0       0       0       0       0       0       0       0
Total ram usage:        0 bytes
 Hardware stack levels used:    1
 Hardware stack levels required when called:    3
 This function calls:
		Nothing
 This function is called by:
		_main
 This function uses a non-reentrant model


 *************** function _ConfigureOscillator *****************
 Defined at:
		line 24 in file "system.c"
 Parameters:    Size  Location     Type
		None
 Auto vars:     Size  Location     Type
		None
 Return value:  Size  Location     Type
                  1    wreg      void 
 Registers used:
		None
 Tracked objects:
		On entry : 
		On exit  : 
		Unchanged: 
 Data sizes:     COMRAM   BANK0   BANK1   BANK2   BANK3   BANK4   BANK5   BANK6   BANK7
      Params:         0       0       0       0       0       0       0       0       0
      Locals:         0       0       0       0       0       0       0       0       0
      Temps:          0       0       0       0       0       0       0       0       0
      Totals:         0       0       0       0       0       0       0       0       0
Total ram usage:        0 bytes
 Hardware stack levels used:    1
 Hardware stack levels required when called:    3
 This function calls:
		Nothing
 This function is called by:
		_main
 This function uses a non-reentrant model


 *************** function _low_isr *****************
 Defined at:
		line 105 in file "interrupts.c"
 Parameters:    Size  Location     Type
		None
 Auto vars:     Size  Location     Type
		None
 Return value:  Size  Location     Type
                  1    wreg      void 
 Registers used:
		None
 Tracked objects:
		On entry : 
		On exit  : 
		Unchanged: 
 Data sizes:     COMRAM   BANK0   BANK1   BANK2   BANK3   BANK4   BANK5   BANK6   BANK7
      Params:         0       0       0       0       0       0       0       0       0
      Locals:         0       0       0       0       0       0       0       0       0
      Temps:          0      17       0       0       0       0       0       0       0
      Totals:         0      17       0       0       0       0       0       0       0
Total ram usage:       17 bytes
 Hardware stack levels used:    1
 Hardware stack levels required when called:    2
 This function calls:
		Nothing
 This function is called by:
		Interrupt level 1
 This function uses a non-reentrant model


 *************** function _high_isr *****************
 Defined at:
		line 30 in file "interrupts.c"
 Parameters:    Size  Location     Type
		None
 Auto vars:     Size  Location     Type
  code           47   22[COMRAM] unsigned char [47]
  i               2   72[COMRAM] int 
  final_code      2   70[COMRAM] int 
  aux             1   69[COMRAM] unsigned char 
 Return value:  Size  Location     Type
                  1    wreg      void 
 Registers used:
		wreg, fsr2l, fsr2h, status,2, status,0, cstack
 Tracked objects:
		On entry : 
		On exit  : 
		Unchanged: 
 Data sizes:     COMRAM   BANK0   BANK1   BANK2   BANK3   BANK4   BANK5   BANK6   BANK7
      Params:         0       0       0       0       0       0       0       0       0
      Locals:        52       0       0       0       0       0       0       0       0
      Temps:         17       0       0       0       0       0       0       0       0
      Totals:        69       0       0       0       0       0       0       0       0
Total ram usage:       69 bytes
 Hardware stack levels used:    1
 Hardware stack levels required when called:    1
 This function calls:
		_get_next_state
		_ir_get_human_code
 This function is called by:
		Interrupt level 2
 This function uses a non-reentrant model


 *************** function _ir_get_human_code *****************
 Defined at:
		line 324 in file "user.c"
 Parameters:    Size  Location     Type
  code            2    0[COMRAM] int 
 Auto vars:     Size  Location     Type
  human_read_c    1    4[COMRAM] unsigned char 
 Return value:  Size  Location     Type
                  1    wreg      unsigned char 
 Registers used:
		wreg, status,2, status,0
 Tracked objects:
		On entry : 
		On exit  : 
		Unchanged: 
 Data sizes:     COMRAM   BANK0   BANK1   BANK2   BANK3   BANK4   BANK5   BANK6   BANK7
      Params:         2       0       0       0       0       0       0       0       0
      Locals:         1       0       0       0       0       0       0       0       0
      Temps:          2       0       0       0       0       0       0       0       0
      Totals:         5       0       0       0       0       0       0       0       0
Total ram usage:        5 bytes
 Hardware stack levels used:    1
 This function calls:
		Nothing
 This function is called by:
		_high_isr
 This function uses a non-reentrant model


 *************** function _get_next_state *****************
 Defined at:
		line 295 in file "user.c"
 Parameters:    Size  Location     Type
  state           2    0[COMRAM] int 
  code            2    2[COMRAM] int 
 Auto vars:     Size  Location     Type
		None
 Return value:  Size  Location     Type
                  2    0[COMRAM] int 
 Registers used:
		wreg, status,2, status,0
 Tracked objects:
		On entry : 
		On exit  : 
		Unchanged: 
 Data sizes:     COMRAM   BANK0   BANK1   BANK2   BANK3   BANK4   BANK5   BANK6   BANK7
      Params:         4       0       0       0       0       0       0       0       0
      Locals:         0       0       0       0       0       0       0       0       0
      Temps:          0       0       0       0       0       0       0       0       0
      Totals:         4       0       0       0       0       0       0       0       0
Total ram usage:        4 bytes
 Hardware stack levels used:    1
 This function calls:
		Nothing
 This function is called by:
		_high_isr
 This function uses a non-reentrant model



MODULE INFORMATION

Module		Function		Class		Link	Load	Size
interrupts.c
		_high_isr      		CODE           	0008	0000	359
		_low_isr       		CODE           	0018	0000	143

interrupts.c estimated size: 502

shared
		__initialization		CODE           	0AD8	0000	9

shared estimated size: 9

user.c
		_get_next_state		CODE           	05D8	0000	243
		_put_num       		CODE           	08BA	0000	123
		_put_nums      		CODE           	0A60	0000	73
		_point_toggle  		CODE           	0AEE	0000	17
		_point_disable 		CODE           	0B08	0000	5
		_put_nums_individual		CODE           	0A12	0000	79
		_ce_disable    		CODE           	0AFE	0000	7
		_ir_get_human_code		CODE           	0496	0000	323
		_byte_read     		CODE           	082C	0000	143
		_InitApp       		CODE           	0AA8	0000	49
		_get_time      		CODE           	06CA	0000	179
		_send_command  		CODE           	0934	0000	113
		_ir_is_code_number		CODE           	09A4	0000	111
		_get_num       		CODE           	077C	0000	177
		_io_as_input   		CODE           	0B10	0000	5
		_ce_enable     		CODE           	0B14	0000	5
		_point_enable  		CODE           	0B04	0000	5
		_io_as_output  		CODE           	0B0C	0000	5

user.c estimated size: 1662

main.c
		_main          		CODE           	00AA	0000	653

main.c estimated size: 653

system.c
		_ConfigureOscillator		CODE           	0B18	0000	3

system.c estimated size: 3

