Microchip MPLAB XC8 Compiler V1.42 ()

Linker command line:

-W-3 --edf=/Applications/microchip/xc8/v1.42/dat/en_msgs.txt -cs \
  -h+dist/C18_18F87K22/production/cronometro.X.production.sym \
  --cmf=dist/C18_18F87K22/production/cronometro.X.production.cmf -z \
  -Q18F2550 -o/tmp/xcqJ9IqSS \
  -Mdist/C18_18F87K22/production/cronometro.X.production.map -E1 -ver=XC8 \
  -ASTACK=0B3h-07ffh -pstack=STACK -ACODE=00h-07FFFh -ACONST=00h-07FFFh \
  -ASMALLCONST=0800h-08FFhx120 -AMEDIUMCONST=0800h-07FFFh -ACOMRAM=01h-05Fh \
  -AABS1=00h-07FFh -ABIGRAM=01h-07FFh -ARAM=060h-0FFh,0100h-01FFhx7 \
  -ABANK0=060h-0FFh -ABANK1=0100h-01FFh -ABANK2=0200h-02FFh \
  -ABANK3=0300h-03FFh -ABANK4=0400h-04FFh -ABANK5=0500h-05FFh \
  -ABANK6=0600h-06FFh -ABANK7=0700h-07FFh -ASFR=0F60h-0FFFh \
  -preset_vec=00h,intcode=08h,intcodelo,powerup,init -pramtop=0800h \
  -psmallconst=SMALLCONST -pmediumconst=MEDIUMCONST -pconst=CONST \
  -AFARRAM=00h-00h -ACONFIG=0300000h-030000Dh -pconfig=CONFIG \
  -AIDLOC=0200000h-0200007h -pidloc=IDLOC -AEEDATA=0F00000h-0F000FFh \
  -peeprom_data=EEDATA \
  -prdata=COMRAM,nvrram=COMRAM,nvbit=COMRAM,rbss=COMRAM,rbit=COMRAM \
  -pfarbss=FARRAM,fardata=FARRAM,nvFARRAM=FARRAM \
  -pintsave_regs=BIGRAM,bigbss=BIGRAM,bigdata=BIGRAM -pbss=RAM \
  -pidata=CODE,irdata=CODE,ibigdata=CODE,ifardata=CODE -prparam=COMRAM \
  /tmp/xcbkSPaQT.obj \
  dist/C18_18F87K22/production/cronometro.X.production.obj 

Object code version is 3.11

Machine type is 18F2550

Call graph: (short form)




                Name                               Link     Load   Length Selector   Space Scale
/tmp/xcbkSPaQT.obj
                init                                  E        E        4        4       0
                reset_vec                             0        0        4        0       0
                idloc                            200000   200000        8   200000       0
                config                           300000   300000        E   300000       0
dist/C18_18F87K22/production/cronometro.X.production.obj
                intcode                               8        8        6        4       0
                temp                                 39       39        1        1       1
                text30                              B54      B54        4        4       0
                text29                              B2A      B2A        6        4       0
                text28                              B50      B50        4        4       0
                text27                              B4C      B4C        4        4       0
                text26                              8A4      8A4       5A        4       0
                text25                              AFE      AFE       18        4       0
                text24                              AB8      AB8       2C        4       0
                text23                              9AC      9AC       56        4       0
                text22                              A48      A48       3A        4       0
                text21                              528      528      114        4       0
                text20                              3FA      3FA      12E        4       0
                text19                              B48      B48        4        4       0
                text18                              B44      B44        4        4       0
                text17                              730      730       AC        4       0
                text16                              8FE      8FE       58        4       0
                text15                              A82      A82       36        4       0
                text14                              B16      B16        E        4       0
                text13                              B40      B40        4        4       0
                intcode_body                         12       12      2B8        4       0
                text11                              B58      B58        2        4       0
                text10                              A02      A02       46        4       0
                text9                               B3C      B3C        4        4       0
                text8                               B24      B24        6        4       0
                text7                               B38      B38        4        4       0
                text6                               B34      B34        4        4       0
                text5                               B30      B30        4        4       0
                text4                               84A      84A       5A        4       0
                text3                               7DC      7DC       6E        4       0
                text2                               63C      63C       F4        4       0
                text1                               956      956       56        4       0
                text0                               2CA      2CA      130        4       0
                cstackCOMRAM                          1        1       38        1       1
                cstackBANK0                          60       60       41       60       1
                bssBANK0                             A1       A1       10       60       1
                cinit                               AE4      AE4       1A        4       0
                nvBANK0                              B1       B1        2       60       1

TOTAL           Name                               Link     Load   Length     Space
        CLASS   STACK          

        CLASS   CODE           
                intcode                               8        8        6         0
                init                                  E        E        4         0
                reset_vec                             0        0        4         0
                text30                              B54      B54        4         0
                text29                              B2A      B2A        6         0
                text28                              B50      B50        4         0
                text27                              B4C      B4C        4         0
                text26                              8A4      8A4       5A         0
                text25                              AFE      AFE       18         0
                text24                              AB8      AB8       2C         0
                text23                              9AC      9AC       56         0
                text22                              A48      A48       3A         0
                text21                              528      528      114         0
                text20                              3FA      3FA      12E         0
                text19                              B48      B48        4         0
                text18                              B44      B44        4         0
                text17                              730      730       AC         0
                text16                              8FE      8FE       58         0
                text15                              A82      A82       36         0
                text14                              B16      B16        E         0
                text13                              B40      B40        4         0
                intcode_body                         12       12      2B8         0
                text11                              B58      B58        2         0
                text10                              A02      A02       46         0
                text9                               B3C      B3C        4         0
                text8                               B24      B24        6         0
                text7                               B38      B38        4         0
                text6                               B34      B34        4         0
                text5                               B30      B30        4         0
                text4                               84A      84A       5A         0
                text3                               7DC      7DC       6E         0
                text2                               63C      63C       F4         0
                text1                               956      956       56         0
                text0                               2CA      2CA      130         0
                cinit                               AE4      AE4       1A         0

        CLASS   CONST          

        CLASS   SMALLCONST     

        CLASS   MEDIUMCONST    

        CLASS   COMRAM         
                temp                                 39       39        1         1
                cstackCOMRAM                          1        1       38         1

        CLASS   ABS1           

        CLASS   BIGRAM         

        CLASS   RAM            

        CLASS   BANK0          
                cstackBANK0                          60       60       41         1
                bssBANK0                             A1       A1       10         1
                nvBANK0                              B1       B1        2         1

        CLASS   BANK1          

        CLASS   BANK2          

        CLASS   BANK3          

        CLASS   BANK4          

        CLASS   BANK5          

        CLASS   BANK6          

        CLASS   BANK7          

        CLASS   SFR            

        CLASS   FARRAM         

        CLASS   CONFIG         
                config                           300000   300000        E         0

        CLASS   IDLOC          
                idloc                            200000   200000        8         0

        CLASS   EEDATA         



SEGMENTS        Name                           Load    Length   Top    Selector   Space  Class

                reset_vec                      000000  000004  000004         0       0  CODE    
                cstackCOMRAM                   000001  000039  00003A         1       1  COMRAM  
                intcode                        000008  000B52  000B5A         4       0  CODE    
                cstackBANK0                    000060  000053  0000B3        60       1  BANK0   
                idloc                          200000  000008  200008    200000       0  IDLOC   
                config                         300000  00000E  30000E    300000       0  CONFIG  


UNUSED ADDRESS RANGES

        Name                Unused          Largest block    Delta
        BANK0            0000B3-0000FF               4D
        BANK1            000100-0001FF              100
        BANK2            000200-0002FF              100
        BANK3            000300-0003FF              100
        BANK4            000400-0004FF              100
        BANK5            000500-0005FF              100
        BANK6            000600-0006FF              100
        BANK7            000700-0007FF              100
        BIGRAM           00003A-00005F               26
                         0000B3-0007FF              74D
        CODE             000004-000007                4
                         000B5A-007FFF             74A6
        COMRAM           00003A-00005F               26
        CONST            000004-000007                4
                         000B5A-007FFF             74A6
        EEDATA           F00000-F000FF              100
        MEDIUMCONST      000B5A-007FFF             74A6
        RAM              0000B3-0007FF              100
        SFR              000F60-000FFF               A0
        SMALLCONST       000B5A-007FFF              100
        STACK            0000B3-0007FF              74D

                                  Symbol Table

?_get_next_state                  cstackCOMRAM 00000E
_ADCON1                           (abs)        000FC1
_CCP2CON                          (abs)        000FBA
_ConfigureOscillator              text11       000B58
_INTCON                           (abs)        000FF2
_INTCON2                          (abs)        000FF1
_INTCONbits                       (abs)        000FF2
_InitApp                          text10       000A02
_RA2                              (abs)        007C02
_RA3                              (abs)        007C03
_RA5                              (abs)        007C05
_RB0                              (abs)        007C08
_RB1                              (abs)        007C09
_RB3                              (abs)        007C0B
_RB4                              (abs)        007C0C
_RB5                              (abs)        007C0D
_RBIF                             (abs)        007F90
_SSPCON1                          (abs)        000FC6
_T0CON                            (abs)        000FD5
_TMR0IF                           (abs)        007F92
_TRISA2                           (abs)        007C92
_TRISA3                           (abs)        007C93
_TRISA5                           (abs)        007C95
_TRISB1                           (abs)        007C99
_TRISB3                           (abs)        007C9B
_TRISB4                           (abs)        007C9C
__CFG_BOR$ON                      (abs)        000000
__CFG_BORV$3                      (abs)        000000
__CFG_CCP2MX$ON                   (abs)        000000
__CFG_CP0$OFF                     (abs)        000000
__CFG_CP1$OFF                     (abs)        000000
__CFG_CP2$OFF                     (abs)        000000
__CFG_CP3$OFF                     (abs)        000000
__CFG_CPB$OFF                     (abs)        000000
__CFG_CPD$OFF                     (abs)        000000
__CFG_CPUDIV$OSC1_PLL2            (abs)        000000
__CFG_EBTR0$OFF                   (abs)        000000
__CFG_EBTR1$OFF                   (abs)        000000
__CFG_EBTR2$OFF                   (abs)        000000
__CFG_EBTR3$OFF                   (abs)        000000
__CFG_EBTRB$OFF                   (abs)        000000
__CFG_FCMEN$OFF                   (abs)        000000
__CFG_FOSC$HS                     (abs)        000000
__CFG_IESO$OFF                    (abs)        000000
__CFG_LPT1OSC$OFF                 (abs)        000000
__CFG_LVP$ON                      (abs)        000000
__CFG_MCLRE$ON                    (abs)        000000
__CFG_PBADEN$OFF                  (abs)        000000
__CFG_PLLDIV$1                    (abs)        000000
__CFG_PWRT$OFF                    (abs)        000000
__CFG_STVREN$ON                   (abs)        000000
__CFG_USBDIV$1                    (abs)        000000
__CFG_VREGEN$OFF                  (abs)        000000
__CFG_WDT$ON                      (abs)        000000
__CFG_WDTPS$32768                 (abs)        000000
__CFG_WRT0$OFF                    (abs)        000000
__CFG_WRT1$OFF                    (abs)        000000
__CFG_WRT2$OFF                    (abs)        000000
__CFG_WRT3$OFF                    (abs)        000000
__CFG_WRTB$OFF                    (abs)        000000
__CFG_WRTC$OFF                    (abs)        000000
__CFG_WRTD$OFF                    (abs)        000000
__CFG_XINST$OFF                   (abs)        000000
__HRAM                            (abs)        000000
__Habs1                           abs1         000000
__Hbank0                          bank0        000000
__Hbank1                          bank1        000000
__Hbank2                          bank2        000000
__Hbank3                          bank3        000000
__Hbank4                          bank4        000000
__Hbank5                          bank5        000000
__Hbank6                          bank6        000000
__Hbank7                          bank7        000000
__Hbigbss                         bigbss       000000
__Hbigdata                        bigdata      000000
__Hbigram                         bigram       000000
__Hbss                            bss          000000
__HbssBANK0                       bssBANK0     000000
__Hcinit                          cinit        000000
__Hclrtext                        clrtext      000000
__Hcomram                         comram       000000
__Hconfig                         config       30000E
__Hconst                          const        000000
__HcstackBANK0                    cstackBANK0  000000
__HcstackCOMRAM                   cstackCOMRAM 000000
__Hdata                           data         000000
__Heeprom_data                    eeprom_data  000000
__Hfarbss                         farbss       000000
__Hfardata                        fardata      000000
__Hibigdata                       ibigdata     000000
__Hidata                          idata        000000
__Hidloc                          idloc        200008
__Hifardata                       ifardata     000000
__Hinit                           init         000012
__Hintcode                        intcode      00000E
__Hintcode_body                   intcode_body 000000
__Hintcodelo                      intcodelo    00000E
__Hintentry                       intentry     000000
__Hintret                         intret       000000
__Hintsave_regs                   intsave_regs 000000
__Hirdata                         irdata       000000
__Hmediumconst                    mediumconst  000000
__HnvBANK0                        nvBANK0      000000
__HnvFARRAM                       nvFARRAM     000000
__Hnvbit                          nvbit        000000
__Hnvrram                         nvrram       000000
__Hparam                          rparam       000000
__Hpowerup                        powerup      00000E
__Hram                            ram          000000
__Hramtop                         ramtop       000800
__Hrbit                           rbit         000000
__Hrbss                           rbss         000000
__Hrdata                          rdata        000000
__Hreset_vec                      reset_vec    000004
__Hrparam                         rparam       000000
__Hsfr                            sfr          000000
__Hsmallconst                     smallconst   000000
__Hspace_0                        (abs)        30000E
__Hspace_1                        (abs)        0000B3
__Hspace_2                        (abs)        000000
__Hstack                          stack        000000
__Hstruct                         struct       000000
__Htemp                           temp         00003A
__Htext                           text         000000
__Htext0                          text0        000000
__Htext1                          text1        000000
__Htext10                         text10       000000
__Htext11                         text11       000000
__Htext13                         text13       000000
__Htext14                         text14       000000
__Htext15                         text15       000000
__Htext16                         text16       000000
__Htext17                         text17       000000
__Htext18                         text18       000000
__Htext19                         text19       000000
__Htext2                          text2        000000
__Htext20                         text20       000000
__Htext21                         text21       000000
__Htext22                         text22       000000
__Htext23                         text23       000000
__Htext24                         text24       000000
__Htext25                         text25       000000
__Htext26                         text26       000000
__Htext27                         text27       000000
__Htext28                         text28       000000
__Htext29                         text29       000000
__Htext3                          text3        000000
__Htext30                         text30       000000
__Htext4                          text4        000000
__Htext5                          text5        000000
__Htext6                          text6        000000
__Htext7                          text7        000000
__Htext8                          text8        000000
__Htext9                          text9        000000
__LRAM                            (abs)        000001
__Labs1                           abs1         000000
__Lbank0                          bank0        000000
__Lbank1                          bank1        000000
__Lbank2                          bank2        000000
__Lbank3                          bank3        000000
__Lbank4                          bank4        000000
__Lbank5                          bank5        000000
__Lbank6                          bank6        000000
__Lbank7                          bank7        000000
__Lbigbss                         bigbss       000000
__Lbigdata                        bigdata      000000
__Lbigram                         bigram       000000
__Lbss                            bss          000000
__LbssBANK0                       bssBANK0     000000
__Lcinit                          cinit        000000
__Lclrtext                        clrtext      000000
__Lcomram                         comram       000000
__Lconfig                         config       300000
__Lconst                          const        000000
__LcstackBANK0                    cstackBANK0  000000
__LcstackCOMRAM                   cstackCOMRAM 000000
__Ldata                           data         000000
__Leeprom_data                    eeprom_data  000000
__Lfarbss                         farbss       000000
__Lfardata                        fardata      000000
__Libigdata                       ibigdata     000000
__Lidata                          idata        000000
__Lidloc                          idloc        200000
__Lifardata                       ifardata     000000
__Linit                           init         00000E
__Lintcode                        intcode      000008
__Lintcode_body                   intcode_body 000000
__Lintcodelo                      intcodelo    00000E
__Lintentry                       intentry     000000
__Lintret                         intret       000000
__Lintsave_regs                   intsave_regs 000000
__Lirdata                         irdata       000000
__Lmediumconst                    mediumconst  000000
__LnvBANK0                        nvBANK0      000000
__LnvFARRAM                       nvFARRAM     000000
__Lnvbit                          nvbit        000000
__Lnvrram                         nvrram       000000
__Lparam                          rparam       000000
__Lpowerup                        powerup      00000E
__Lram                            ram          000000
__Lramtop                         ramtop       000800
__Lrbit                           rbit         000000
__Lrbss                           rbss         000000
__Lrdata                          rdata        000000
__Lreset_vec                      reset_vec    000000
__Lrparam                         rparam       000000
__Lsfr                            sfr          000000
__Lsmallconst                     smallconst   000000
__Lspace_0                        (abs)        000000
__Lspace_1                        (abs)        000000
__Lspace_2                        (abs)        000000
__Lstack                          stack        000000
__Lstruct                         struct       000000
__Ltemp                           temp         000039
__Ltext                           text         000000
__Ltext0                          text0        000000
__Ltext1                          text1        000000
__Ltext10                         text10       000000
__Ltext11                         text11       000000
__Ltext13                         text13       000000
__Ltext14                         text14       000000
__Ltext15                         text15       000000
__Ltext16                         text16       000000
__Ltext17                         text17       000000
__Ltext18                         text18       000000
__Ltext19                         text19       000000
__Ltext2                          text2        000000
__Ltext20                         text20       000000
__Ltext21                         text21       000000
__Ltext22                         text22       000000
__Ltext23                         text23       000000
__Ltext24                         text24       000000
__Ltext25                         text25       000000
__Ltext26                         text26       000000
__Ltext27                         text27       000000
__Ltext28                         text28       000000
__Ltext29                         text29       000000
__Ltext3                          text3        000000
__Ltext30                         text30       000000
__Ltext4                          text4        000000
__Ltext5                          text5        000000
__Ltext6                          text6        000000
__Ltext7                          text7        000000
__Ltext8                          text8        000000
__Ltext9                          text9        000000
__S0                              (abs)        30000E
__S1                              (abs)        0000B3
__S2                              (abs)        000000
___inthi_sp                       stack        000000
___intlo_sp                       stack        000000
___param_bank                     (abs)        000000
___rparam_used                    (abs)        000001
___sp                             stack        000000
__accesstop                       (abs)        000060
__activetblptr                    (abs)        000002
__end_of_ConfigureOscillator      text11       000B5A
__end_of_InitApp                  text10       000A48
__end_of__initialization          cinit        000AF0
__end_of_buzzer_disable           text9        000B40
__end_of_buzzer_enable            text30       000B58
__end_of_byte_read                text3        00084A
__end_of_byte_write               text25       000B16
__end_of_ce_disable               text8        000B2A
__end_of_ce_enable                text7        000B3C
__end_of_get_hour_reg             text24       000AE4
__end_of_get_next_state           text21       00063C
__end_of_get_num                  text17       0007DC
__end_of_get_seconds_reg          text23       000A02
__end_of_get_time                 text2        000730
__end_of_high_isr                 intcode_body 0002CA
__end_of_io_as_input              text6        000B38
__end_of_io_as_output             text5        000B34
__end_of_ir_get_human_code        text20       000528
__end_of_ir_is_code_number        text1        0009AC
__end_of_main                     text0        0003FA
__end_of_point_disable            text19       000B4C
__end_of_point_enable             text18       000B48
__end_of_put_num                  text16       000956
__end_of_put_nums                 text15       000AB8
__end_of_send_command             text4        0008A4
__end_of_set_time                 text22       000A82
__end_of_update_display           text14       000B24
__end_ofi2_buzzer_disable         text13       000B44
__end_ofi2_ce_disable             text29       000B30
__end_ofi2_ce_enable              text28       000B54
__end_ofi2_io_as_output           text27       000B50
__end_ofi2_send_command           text26       0008FE
__initialization                  cinit        000AE4
__mediumconst                     mediumconst  000000
__pbssBANK0                       bssBANK0     0000A1
__pcinit                          cinit        000AE4
__pcstackBANK0                    cstackBANK0  000060
__pcstackCOMRAM                   cstackCOMRAM 000001
__pintcode                        intcode      000008
__pintcode_body                   intcode_body 000012
__pnvBANK0                        nvBANK0      0000B1
__ptext0                          text0        0002CA
__ptext1                          text1        000956
__ptext10                         text10       000A02
__ptext11                         text11       000B58
__ptext13                         text13       000B40
__ptext14                         text14       000B16
__ptext15                         text15       000A82
__ptext16                         text16       0008FE
__ptext17                         text17       000730
__ptext18                         text18       000B44
__ptext19                         text19       000B48
__ptext2                          text2        00063C
__ptext20                         text20       0003FA
__ptext21                         text21       000528
__ptext22                         text22       000A48
__ptext23                         text23       0009AC
__ptext24                         text24       000AB8
__ptext25                         text25       000AFE
__ptext26                         text26       0008A4
__ptext27                         text27       000B4C
__ptext28                         text28       000B50
__ptext29                         text29       000B2A
__ptext3                          text3        0007DC
__ptext30                         text30       000B54
__ptext4                          text4        00084A
__ptext5                          text5        000B30
__ptext6                          text6        000B34
__ptext7                          text7        000B38
__ptext8                          text8        000B24
__ptext9                          text9        000B3C
__ramtop                          ramtop       000800
__size_of_ConfigureOscillator     (abs)        000000
__size_of_InitApp                 (abs)        000000
__size_of_buzzer_disable          (abs)        000000
__size_of_buzzer_enable           (abs)        000000
__size_of_byte_read               (abs)        000000
__size_of_byte_write              (abs)        000000
__size_of_ce_disable              (abs)        000000
__size_of_ce_enable               (abs)        000000
__size_of_get_hour_reg            (abs)        000000
__size_of_get_next_state          (abs)        000000
__size_of_get_num                 (abs)        000000
__size_of_get_seconds_reg         (abs)        000000
__size_of_get_time                (abs)        000000
__size_of_high_isr                (abs)        000000
__size_of_io_as_input             (abs)        000000
__size_of_io_as_output            (abs)        000000
__size_of_ir_get_human_code       (abs)        000000
__size_of_ir_is_code_number       (abs)        000000
__size_of_main                    (abs)        000000
__size_of_point_disable           (abs)        000000
__size_of_point_enable            (abs)        000000
__size_of_put_num                 (abs)        000000
__size_of_put_nums                (abs)        000000
__size_of_send_command            (abs)        000000
__size_of_set_time                (abs)        000000
__size_of_update_display          (abs)        000000
__size_ofi2_buzzer_disable        (abs)        000000
__size_ofi2_ce_disable            (abs)        000000
__size_ofi2_ce_enable             (abs)        000000
__size_ofi2_io_as_output          (abs)        000000
__size_ofi2_send_command          (abs)        000000
__smallconst                      smallconst   000000
_aux1                             bssBANK0     0000AA
_buzzer_disable                   text9        000B3C
_buzzer_enable                    text30       000B54
_byte_read                        text3        0007DC
_byte_write                       text25       000AFE
_ce_disable                       text8        000B24
_ce_enable                        text7        000B38
_counter                          bssBANK0     0000B0
_get_hour_reg                     text24       000AB8
_get_next_state                   text21       000528
_get_num                          text17       000730
_get_seconds_reg                  text23       0009AC
_get_time                         text2        00063C
_high_isr                         intcode      000008
_human_code                       bssBANK0     0000A3
_io_as_input                      text6        000B34
_io_as_output                     text5        000B30
_ir_get_human_code                text20       0003FA
_ir_is_code_number                text1        000956
_main                             text0        0002CA
_masked_digits                    bssBANK0     0000A4
_next                             bssBANK0     0000A1
_point_disable                    text19       000B48
_point_enable                     text18       000B44
_put_num                          text16       0008FE
_put_num$857                      cstackCOMRAM 000005
_put_nums                         text15       000A82
_send_command                     text4        00084A
_set_time                         text22       000A48
_state                            nvBANK0      0000B1
_update_display                   text14       000B16
btemp                             temp         000039
byte_read@address                 cstackCOMRAM 00002D
byte_read@i                       cstackCOMRAM 00002F
byte_read@res                     cstackCOMRAM 00002E
byte_write@address                cstackCOMRAM 000007
byte_write@value                  cstackCOMRAM 000006
end_of_initialization             cinit        000AF0
get_hour_reg@hour                 cstackCOMRAM 000002
get_hour_reg@res                  cstackCOMRAM 000001
get_next_state@code               cstackCOMRAM 000010
get_next_state@hour               cstackCOMRAM 000014
get_next_state@minutes            cstackCOMRAM 000013
get_next_state@seconds            cstackCOMRAM 000012
get_next_state@state              cstackCOMRAM 00000E
get_num@num                       cstackCOMRAM 000001
get_seconds_reg@res               cstackCOMRAM 000001
get_seconds_reg@seconds           cstackCOMRAM 000002
get_time@aux                      cstackCOMRAM 000037
get_time@aux_hour                 cstackCOMRAM 000035
get_time@data                     cstackBANK0  00009C
get_time@format                   cstackBANK0  00009E
get_time@hours                    cstackCOMRAM 000038
get_time@minutes                  cstackCOMRAM 000036
get_time@seconds                  cstackCOMRAM 000034
high_isr@aux                      cstackBANK0  000095
high_isr@code                     cstackBANK0  000060
high_isr@digits                   cstackBANK0  00008F
high_isr@final_code               cstackBANK0  000096
high_isr@i                        cstackBANK0  000098
high_isr@i_136                    cstackBANK0  00009A
i2_buzzer_disable                 text13       000B40
i2_ce_disable                     text29       000B2A
i2_ce_enable                      text28       000B50
i2_io_as_output                   text27       000B4C
i2_send_command                   text26       0008A4
i2send_command@command            cstackCOMRAM 000003
i2send_command@i                  cstackCOMRAM 000004
int$flags                         temp         000039
int_func                          intcode_body 000012
intlevel0                         text         000000
intlevel1                         text         000000
intlevel2                         text         000000
intlevel3                         text         000000
ir_get_human_code@code            cstackCOMRAM 000001
ir_get_human_code@human_read_code cstackCOMRAM 000005
ir_is_code_number@human_code      cstackCOMRAM 000026
put_num@i                         cstackCOMRAM 000006
put_num@mask                      cstackCOMRAM 000004
put_num@num                       cstackCOMRAM 000003
put_nums@i                        cstackCOMRAM 00000A
put_nums@nums                     cstackCOMRAM 000008
send_command@command              cstackCOMRAM 000028
send_command@i                    cstackCOMRAM 000029
set_time@hour                     cstackCOMRAM 000009
set_time@hour_reg                 cstackCOMRAM 00000D
set_time@min_reg                  cstackCOMRAM 00000C
set_time@minutes                  cstackCOMRAM 000008
set_time@sec_reg                  cstackCOMRAM 00000B
set_time@seconds                  cstackCOMRAM 00000A
stackhi                           (abs)        0007FF
stacklo                           (abs)        0000B3
start                             init         00000E
start_initialization              cinit        000AE4
update_display@counter            cstackCOMRAM 00000E
update_display@digits             cstackCOMRAM 00000C


FUNCTION INFORMATION:

 *************** function _main *****************
 Defined at:
		line 37 in file "main.c"
 Parameters:    Size  Location     Type
		None
 Auto vars:     Size  Location     Type
  temp            1    0        unsigned char 
 Return value:  Size  Location     Type
                  1    wreg      void 
 Registers used:
		wreg, fsr2l, fsr2h, status,2, status,0, cstack
 Tracked objects:
		On entry : 
		On exit  : 
		Unchanged: 
 Data sizes:     COMRAM   BANK0   BANK1   BANK2   BANK3   BANK4   BANK5   BANK6   BANK7
      Params:         0       0       0       0       0       0       0       0       0
      Locals:         0       0       0       0       0       0       0       0       0
      Temps:          0       2       0       0       0       0       0       0       0
      Totals:         0       2       0       0       0       0       0       0       0
Total ram usage:        2 bytes
 Hardware stack levels required when called:   10
 This function calls:
		_ConfigureOscillator
		_InitApp
		_buzzer_disable
		_get_time
		_ir_is_code_number
 This function is called by:
		Startup code after reset
 This function uses a non-reentrant model


 *************** function _ir_is_code_number *****************
 Defined at:
		line 356 in file "user.c"
 Parameters:    Size  Location     Type
  human_code      1    wreg     unsigned char 
 Auto vars:     Size  Location     Type
  human_code      1   37[COMRAM] unsigned char 
 Return value:  Size  Location     Type
                  1    wreg      unsigned char 
 Registers used:
		wreg, status,2, status,0
 Tracked objects:
		On entry : 
		On exit  : 
		Unchanged: 
 Data sizes:     COMRAM   BANK0   BANK1   BANK2   BANK3   BANK4   BANK5   BANK6   BANK7
      Params:         0       0       0       0       0       0       0       0       0
      Locals:         1       0       0       0       0       0       0       0       0
      Temps:          0       0       0       0       0       0       0       0       0
      Totals:         1       0       0       0       0       0       0       0       0
Total ram usage:        1 bytes
 Hardware stack levels used:    1
 Hardware stack levels required when called:    6
 This function calls:
		Nothing
 This function is called by:
		_main
 This function uses a non-reentrant model


 *************** function _get_time *****************
 Defined at:
		line 208 in file "user.c"
 Parameters:    Size  Location     Type
  data            2   60[BANK0 ] PTR unsigned char 
		 -> aux1(6), 
  format          1   62[BANK0 ] unsigned char 
 Auto vars:     Size  Location     Type
  aux_hour        1   52[COMRAM] unsigned char 
  hours           1   55[COMRAM] unsigned char 
  aux             1   54[COMRAM] unsigned char 
  minutes         1   53[COMRAM] unsigned char 
  seconds         1   51[COMRAM] unsigned char 
 Return value:  Size  Location     Type
                  1    wreg      void 
 Registers used:
		wreg, fsr2l, fsr2h, status,2, status,0, cstack
 Tracked objects:
		On entry : 
		On exit  : 
		Unchanged: 
 Data sizes:     COMRAM   BANK0   BANK1   BANK2   BANK3   BANK4   BANK5   BANK6   BANK7
      Params:         0       3       0       0       0       0       0       0       0
      Locals:         5       0       0       0       0       0       0       0       0
      Temps:          3       0       0       0       0       0       0       0       0
      Totals:         8       3       0       0       0       0       0       0       0
Total ram usage:       11 bytes
 Hardware stack levels used:    1
 Hardware stack levels required when called:    9
 This function calls:
		_byte_read
 This function is called by:
		_main
 This function uses a non-reentrant model


 *************** function _byte_read *****************
 Defined at:
		line 158 in file "user.c"
 Parameters:    Size  Location     Type
  address         1    wreg     unsigned char 
 Auto vars:     Size  Location     Type
  address         1   44[COMRAM] unsigned char 
  i               2   46[COMRAM] int 
  res             1   45[COMRAM] unsigned char 
 Return value:  Size  Location     Type
                  1    wreg      unsigned char 
 Registers used:
		wreg, status,2, status,0, cstack
 Tracked objects:
		On entry : 
		On exit  : 
		Unchanged: 
 Data sizes:     COMRAM   BANK0   BANK1   BANK2   BANK3   BANK4   BANK5   BANK6   BANK7
      Params:         0       0       0       0       0       0       0       0       0
      Locals:         4       0       0       0       0       0       0       0       0
      Temps:          2       0       0       0       0       0       0       0       0
      Totals:         6       0       0       0       0       0       0       0       0
Total ram usage:        6 bytes
 Hardware stack levels used:    1
 Hardware stack levels required when called:    8
 This function calls:
		_ce_disable
		_ce_enable
		_io_as_input
		_send_command
 This function is called by:
		_get_time
 This function uses a non-reentrant model


 *************** function _send_command *****************
 Defined at:
		line 299 in file "user.c"
 Parameters:    Size  Location     Type
  command         1    wreg     unsigned char 
 Auto vars:     Size  Location     Type
  command         1   39[COMRAM] unsigned char 
  i               2   40[COMRAM] int 
 Return value:  Size  Location     Type
                  1    wreg      void 
 Registers used:
		wreg, status,2, status,0, cstack
 Tracked objects:
		On entry : 
		On exit  : 
		Unchanged: 
 Data sizes:     COMRAM   BANK0   BANK1   BANK2   BANK3   BANK4   BANK5   BANK6   BANK7
      Params:         0       0       0       0       0       0       0       0       0
      Locals:         3       0       0       0       0       0       0       0       0
      Temps:          2       0       0       0       0       0       0       0       0
      Totals:         5       0       0       0       0       0       0       0       0
Total ram usage:        5 bytes
 Hardware stack levels used:    1
 Hardware stack levels required when called:    7
 This function calls:
		_io_as_output
 This function is called by:
		_byte_read
 This function uses a non-reentrant model


 *************** function _io_as_output *****************
 Defined at:
		line 319 in file "user.c"
 Parameters:    Size  Location     Type
		None
 Auto vars:     Size  Location     Type
		None
 Return value:  Size  Location     Type
                  1    wreg      void 
 Registers used:
		None
 Tracked objects:
		On entry : 
		On exit  : 
		Unchanged: 
 Data sizes:     COMRAM   BANK0   BANK1   BANK2   BANK3   BANK4   BANK5   BANK6   BANK7
      Params:         0       0       0       0       0       0       0       0       0
      Locals:         0       0       0       0       0       0       0       0       0
      Temps:          0       0       0       0       0       0       0       0       0
      Totals:         0       0       0       0       0       0       0       0       0
Total ram usage:        0 bytes
 Hardware stack levels used:    1
 Hardware stack levels required when called:    6
 This function calls:
		Nothing
 This function is called by:
		_send_command
 This function uses a non-reentrant model


 *************** function _io_as_input *****************
 Defined at:
		line 314 in file "user.c"
 Parameters:    Size  Location     Type
		None
 Auto vars:     Size  Location     Type
		None
 Return value:  Size  Location     Type
                  1    wreg      void 
 Registers used:
		None
 Tracked objects:
		On entry : 
		On exit  : 
		Unchanged: 
 Data sizes:     COMRAM   BANK0   BANK1   BANK2   BANK3   BANK4   BANK5   BANK6   BANK7
      Params:         0       0       0       0       0       0       0       0       0
      Locals:         0       0       0       0       0       0       0       0       0
      Temps:          0       0       0       0       0       0       0       0       0
      Totals:         0       0       0       0       0       0       0       0       0
Total ram usage:        0 bytes
 Hardware stack levels used:    1
 Hardware stack levels required when called:    6
 This function calls:
		Nothing
 This function is called by:
		_byte_read
 This function uses a non-reentrant model


 *************** function _ce_enable *****************
 Defined at:
		line 150 in file "user.c"
 Parameters:    Size  Location     Type
		None
 Auto vars:     Size  Location     Type
		None
 Return value:  Size  Location     Type
                  1    wreg      void 
 Registers used:
		None
 Tracked objects:
		On entry : 
		On exit  : 
		Unchanged: 
 Data sizes:     COMRAM   BANK0   BANK1   BANK2   BANK3   BANK4   BANK5   BANK6   BANK7
      Params:         0       0       0       0       0       0       0       0       0
      Locals:         0       0       0       0       0       0       0       0       0
      Temps:          0       0       0       0       0       0       0       0       0
      Totals:         0       0       0       0       0       0       0       0       0
Total ram usage:        0 bytes
 Hardware stack levels used:    1
 Hardware stack levels required when called:    6
 This function calls:
		Nothing
 This function is called by:
		_byte_read
 This function uses a non-reentrant model


 *************** function _ce_disable *****************
 Defined at:
		line 153 in file "user.c"
 Parameters:    Size  Location     Type
		None
 Auto vars:     Size  Location     Type
		None
 Return value:  Size  Location     Type
                  1    wreg      void 
 Registers used:
		None
 Tracked objects:
		On entry : 
		On exit  : 
		Unchanged: 
 Data sizes:     COMRAM   BANK0   BANK1   BANK2   BANK3   BANK4   BANK5   BANK6   BANK7
      Params:         0       0       0       0       0       0       0       0       0
      Locals:         0       0       0       0       0       0       0       0       0
      Temps:          0       0       0       0       0       0       0       0       0
      Totals:         0       0       0       0       0       0       0       0       0
Total ram usage:        0 bytes
 Hardware stack levels used:    1
 Hardware stack levels required when called:    6
 This function calls:
		Nothing
 This function is called by:
		_byte_read
 This function uses a non-reentrant model


 *************** function _buzzer_disable *****************
 Defined at:
		line 137 in file "user.c"
 Parameters:    Size  Location     Type
		None
 Auto vars:     Size  Location     Type
		None
 Return value:  Size  Location     Type
                  1    wreg      void 
 Registers used:
		None
 Tracked objects:
		On entry : 
		On exit  : 
		Unchanged: 
 Data sizes:     COMRAM   BANK0   BANK1   BANK2   BANK3   BANK4   BANK5   BANK6   BANK7
      Params:         0       0       0       0       0       0       0       0       0
      Locals:         0       0       0       0       0       0       0       0       0
      Temps:          0       0       0       0       0       0       0       0       0
      Totals:         0       0       0       0       0       0       0       0       0
Total ram usage:        0 bytes
 Hardware stack levels used:    1
 Hardware stack levels required when called:    6
 This function calls:
		Nothing
 This function is called by:
		_main
		_buzzer_toggle
 This function uses a non-reentrant model


 *************** function _InitApp *****************
 Defined at:
		line 28 in file "user.c"
 Parameters:    Size  Location     Type
		None
 Auto vars:     Size  Location     Type
		None
 Return value:  Size  Location     Type
                  1    wreg      void 
 Registers used:
		wreg, status,2, status,0
 Tracked objects:
		On entry : 
		On exit  : 
		Unchanged: 
 Data sizes:     COMRAM   BANK0   BANK1   BANK2   BANK3   BANK4   BANK5   BANK6   BANK7
      Params:         0       0       0       0       0       0       0       0       0
      Locals:         0       0       0       0       0       0       0       0       0
      Temps:          0       0       0       0       0       0       0       0       0
      Totals:         0       0       0       0       0       0       0       0       0
Total ram usage:        0 bytes
 Hardware stack levels used:    1
 Hardware stack levels required when called:    6
 This function calls:
		Nothing
 This function is called by:
		_main
 This function uses a non-reentrant model


 *************** function _ConfigureOscillator *****************
 Defined at:
		line 24 in file "system.c"
 Parameters:    Size  Location     Type
		None
 Auto vars:     Size  Location     Type
		None
 Return value:  Size  Location     Type
                  1    wreg      void 
 Registers used:
		None
 Tracked objects:
		On entry : 
		On exit  : 
		Unchanged: 
 Data sizes:     COMRAM   BANK0   BANK1   BANK2   BANK3   BANK4   BANK5   BANK6   BANK7
      Params:         0       0       0       0       0       0       0       0       0
      Locals:         0       0       0       0       0       0       0       0       0
      Temps:          0       0       0       0       0       0       0       0       0
      Totals:         0       0       0       0       0       0       0       0       0
Total ram usage:        0 bytes
 Hardware stack levels used:    1
 Hardware stack levels required when called:    6
 This function calls:
		Nothing
 This function is called by:
		_main
 This function uses a non-reentrant model


 *************** function _high_isr *****************
 Defined at:
		line 32 in file "interrupts.c"
 Parameters:    Size  Location     Type
		None
 Auto vars:     Size  Location     Type
  digits          6   47[BANK0 ] unsigned char [6]
  i               2   58[BANK0 ] int 
  code           47    0[BANK0 ] unsigned char [47]
  i               2   56[BANK0 ] int 
  final_code      2   54[BANK0 ] int 
  aux             1   53[BANK0 ] unsigned char 
 Return value:  Size  Location     Type
                  1    wreg      void 
 Registers used:
		wreg, fsr1l, fsr1h, fsr2l, fsr2h, status,2, status,0, prodl, prodh, cstack
 Tracked objects:
		On entry : 
		On exit  : 
		Unchanged: 
 Data sizes:     COMRAM   BANK0   BANK1   BANK2   BANK3   BANK4   BANK5   BANK6   BANK7
      Params:         0       0       0       0       0       0       0       0       0
      Locals:         0      60       0       0       0       0       0       0       0
      Temps:         17       0       0       0       0       0       0       0       0
      Totals:        17      60       0       0       0       0       0       0       0
Total ram usage:       77 bytes
 Hardware stack levels used:    1
 Hardware stack levels required when called:    5
 This function calls:
		_buzzer_enable
		_get_next_state
		_ir_get_human_code
		_point_disable
		_point_enable
		_update_display
		i2_buzzer_disable
 This function is called by:
		Interrupt level 2
 This function uses a non-reentrant model


 *************** function i2_buzzer_disable *****************
 Defined at:
		line 137 in file "user.c"
 Parameters:    Size  Location     Type
		None
 Auto vars:     Size  Location     Type
		None
 Return value:  Size  Location     Type
                  1    wreg      void 
 Registers used:
		None
 Tracked objects:
		On entry : 
		On exit  : 
		Unchanged: 
 Data sizes:     COMRAM   BANK0   BANK1   BANK2   BANK3   BANK4   BANK5   BANK6   BANK7
      Params:         0       0       0       0       0       0       0       0       0
      Locals:         0       0       0       0       0       0       0       0       0
      Temps:          0       0       0       0       0       0       0       0       0
      Totals:         0       0       0       0       0       0       0       0       0
Total ram usage:        0 bytes
 Hardware stack levels used:    1
 This function calls:
		Nothing
 This function is called by:
		_high_isr
 This function uses a non-reentrant model


 *************** function _update_display *****************
 Defined at:
		line 430 in file "user.c"
 Parameters:    Size  Location     Type
  digits          2   11[COMRAM] PTR unsigned char 
		 -> masked_digits(6), 
  counter         2   13[COMRAM] PTR unsigned char 
		 -> counter(1), 
 Auto vars:     Size  Location     Type
		None
 Return value:  Size  Location     Type
                  1    wreg      void 
 Registers used:
		wreg, fsr2l, fsr2h, status,2, status,0, cstack
 Tracked objects:
		On entry : 
		On exit  : 
		Unchanged: 
 Data sizes:     COMRAM   BANK0   BANK1   BANK2   BANK3   BANK4   BANK5   BANK6   BANK7
      Params:         4       0       0       0       0       0       0       0       0
      Locals:         0       0       0       0       0       0       0       0       0
      Temps:          0       0       0       0       0       0       0       0       0
      Totals:         4       0       0       0       0       0       0       0       0
Total ram usage:        4 bytes
 Hardware stack levels used:    1
 Hardware stack levels required when called:    2
 This function calls:
		_put_nums
 This function is called by:
		_high_isr
 This function uses a non-reentrant model


 *************** function _put_nums *****************
 Defined at:
		line 71 in file "user.c"
 Parameters:    Size  Location     Type
  nums            2    7[COMRAM] PTR unsigned char 
		 -> masked_digits(6), 
 Auto vars:     Size  Location     Type
  i               2    9[COMRAM] int 
 Return value:  Size  Location     Type
                  1    wreg      void 
 Registers used:
		wreg, fsr2l, fsr2h, status,2, status,0, cstack
 Tracked objects:
		On entry : 
		On exit  : 
		Unchanged: 
 Data sizes:     COMRAM   BANK0   BANK1   BANK2   BANK3   BANK4   BANK5   BANK6   BANK7
      Params:         2       0       0       0       0       0       0       0       0
      Locals:         2       0       0       0       0       0       0       0       0
      Temps:          0       0       0       0       0       0       0       0       0
      Totals:         4       0       0       0       0       0       0       0       0
Total ram usage:        4 bytes
 Hardware stack levels used:    1
 Hardware stack levels required when called:    1
 This function calls:
		_get_num
		_put_num
 This function is called by:
		_update_display
 This function uses a non-reentrant model


 *************** function _put_num *****************
 Defined at:
		line 59 in file "user.c"
 Parameters:    Size  Location     Type
  num             1    wreg     unsigned char 
 Auto vars:     Size  Location     Type
  num             1    2[COMRAM] unsigned char 
  i               2    5[COMRAM] int 
  mask            1    3[COMRAM] unsigned char 
 Return value:  Size  Location     Type
                  1    wreg      void 
 Registers used:
		wreg, status,2, status,0
 Tracked objects:
		On entry : 
		On exit  : 
		Unchanged: 
 Data sizes:     COMRAM   BANK0   BANK1   BANK2   BANK3   BANK4   BANK5   BANK6   BANK7
      Params:         0       0       0       0       0       0       0       0       0
      Locals:         5       0       0       0       0       0       0       0       0
      Temps:          2       0       0       0       0       0       0       0       0
      Totals:         7       0       0       0       0       0       0       0       0
Total ram usage:        7 bytes
 Hardware stack levels used:    1
 This function calls:
		Nothing
 This function is called by:
		_put_nums
		_put_nums_individual
 This function uses a non-reentrant model


 *************** function _get_num *****************
 Defined at:
		line 90 in file "user.c"
 Parameters:    Size  Location     Type
  num             1    wreg     unsigned char 
 Auto vars:     Size  Location     Type
  num             1    0[COMRAM] unsigned char 
 Return value:  Size  Location     Type
                  1    wreg      unsigned char 
 Registers used:
		wreg, status,2, status,0
 Tracked objects:
		On entry : 
		On exit  : 
		Unchanged: 
 Data sizes:     COMRAM   BANK0   BANK1   BANK2   BANK3   BANK4   BANK5   BANK6   BANK7
      Params:         0       0       0       0       0       0       0       0       0
      Locals:         1       0       0       0       0       0       0       0       0
      Temps:          0       0       0       0       0       0       0       0       0
      Totals:         1       0       0       0       0       0       0       0       0
Total ram usage:        1 bytes
 Hardware stack levels used:    1
 This function calls:
		Nothing
 This function is called by:
		_put_nums
		_put_nums_individual
 This function uses a non-reentrant model


 *************** function _point_enable *****************
 Defined at:
		line 114 in file "user.c"
 Parameters:    Size  Location     Type
		None
 Auto vars:     Size  Location     Type
		None
 Return value:  Size  Location     Type
                  1    wreg      void 
 Registers used:
		None
 Tracked objects:
		On entry : 
		On exit  : 
		Unchanged: 
 Data sizes:     COMRAM   BANK0   BANK1   BANK2   BANK3   BANK4   BANK5   BANK6   BANK7
      Params:         0       0       0       0       0       0       0       0       0
      Locals:         0       0       0       0       0       0       0       0       0
      Temps:          0       0       0       0       0       0       0       0       0
      Totals:         0       0       0       0       0       0       0       0       0
Total ram usage:        0 bytes
 Hardware stack levels used:    1
 This function calls:
		Nothing
 This function is called by:
		_high_isr
		_point_toggle
 This function uses a non-reentrant model


 *************** function _point_disable *****************
 Defined at:
		line 119 in file "user.c"
 Parameters:    Size  Location     Type
		None
 Auto vars:     Size  Location     Type
		None
 Return value:  Size  Location     Type
                  1    wreg      void 
 Registers used:
		None
 Tracked objects:
		On entry : 
		On exit  : 
		Unchanged: 
 Data sizes:     COMRAM   BANK0   BANK1   BANK2   BANK3   BANK4   BANK5   BANK6   BANK7
      Params:         0       0       0       0       0       0       0       0       0
      Locals:         0       0       0       0       0       0       0       0       0
      Temps:          0       0       0       0       0       0       0       0       0
      Totals:         0       0       0       0       0       0       0       0       0
Total ram usage:        0 bytes
 Hardware stack levels used:    1
 This function calls:
		Nothing
 This function is called by:
		_high_isr
		_point_toggle
 This function uses a non-reentrant model


 *************** function _ir_get_human_code *****************
 Defined at:
		line 366 in file "user.c"
 Parameters:    Size  Location     Type
  code            2    0[COMRAM] int 
 Auto vars:     Size  Location     Type
  human_read_c    1    4[COMRAM] unsigned char 
 Return value:  Size  Location     Type
                  1    wreg      unsigned char 
 Registers used:
		wreg, status,2, status,0
 Tracked objects:
		On entry : 
		On exit  : 
		Unchanged: 
 Data sizes:     COMRAM   BANK0   BANK1   BANK2   BANK3   BANK4   BANK5   BANK6   BANK7
      Params:         2       0       0       0       0       0       0       0       0
      Locals:         1       0       0       0       0       0       0       0       0
      Temps:          2       0       0       0       0       0       0       0       0
      Totals:         5       0       0       0       0       0       0       0       0
Total ram usage:        5 bytes
 Hardware stack levels used:    1
 This function calls:
		Nothing
 This function is called by:
		_high_isr
 This function uses a non-reentrant model


 *************** function _get_next_state *****************
 Defined at:
		line 329 in file "user.c"
 Parameters:    Size  Location     Type
  state           2   13[COMRAM] int 
  code            2   15[COMRAM] int 
 Auto vars:     Size  Location     Type
  hour            1   19[COMRAM] unsigned char 
  minutes         1   18[COMRAM] unsigned char 
  seconds         1   17[COMRAM] unsigned char 
 Return value:  Size  Location     Type
                  2   13[COMRAM] int 
 Registers used:
		wreg, status,2, status,0, prodl, prodh, cstack
 Tracked objects:
		On entry : 
		On exit  : 
		Unchanged: 
 Data sizes:     COMRAM   BANK0   BANK1   BANK2   BANK3   BANK4   BANK5   BANK6   BANK7
      Params:         4       0       0       0       0       0       0       0       0
      Locals:         3       0       0       0       0       0       0       0       0
      Temps:          0       0       0       0       0       0       0       0       0
      Totals:         7       0       0       0       0       0       0       0       0
Total ram usage:        7 bytes
 Hardware stack levels used:    1
 Hardware stack levels required when called:    4
 This function calls:
		_set_time
 This function is called by:
		_high_isr
 This function uses a non-reentrant model


 *************** function _set_time *****************
 Defined at:
		line 194 in file "user.c"
 Parameters:    Size  Location     Type
  seconds         1    wreg     unsigned char 
  minutes         1    7[COMRAM] unsigned char 
  hour            1    8[COMRAM] unsigned char 
 Auto vars:     Size  Location     Type
  seconds         1    9[COMRAM] unsigned char 
  hour_reg        1   12[COMRAM] unsigned char 
  min_reg         1   11[COMRAM] unsigned char 
  sec_reg         1   10[COMRAM] unsigned char 
 Return value:  Size  Location     Type
                  1    wreg      void 
 Registers used:
		wreg, status,2, status,0, cstack
 Tracked objects:
		On entry : 
		On exit  : 
		Unchanged: 
 Data sizes:     COMRAM   BANK0   BANK1   BANK2   BANK3   BANK4   BANK5   BANK6   BANK7
      Params:         2       0       0       0       0       0       0       0       0
      Locals:         4       0       0       0       0       0       0       0       0
      Temps:          0       0       0       0       0       0       0       0       0
      Totals:         6       0       0       0       0       0       0       0       0
Total ram usage:        6 bytes
 Hardware stack levels used:    1
 Hardware stack levels required when called:    3
 This function calls:
		_byte_write
		_get_hour_reg
		_get_seconds_reg
 This function is called by:
		_get_next_state
 This function uses a non-reentrant model


 *************** function _get_seconds_reg *****************
 Defined at:
		line 250 in file "user.c"
 Parameters:    Size  Location     Type
  seconds         1    wreg     unsigned char 
 Auto vars:     Size  Location     Type
  seconds         1    1[COMRAM] unsigned char 
  res             1    0[COMRAM] unsigned char 
 Return value:  Size  Location     Type
                  1    wreg      unsigned char 
 Registers used:
		wreg, status,2, status,0
 Tracked objects:
		On entry : 
		On exit  : 
		Unchanged: 
 Data sizes:     COMRAM   BANK0   BANK1   BANK2   BANK3   BANK4   BANK5   BANK6   BANK7
      Params:         0       0       0       0       0       0       0       0       0
      Locals:         2       0       0       0       0       0       0       0       0
      Temps:          0       0       0       0       0       0       0       0       0
      Totals:         2       0       0       0       0       0       0       0       0
Total ram usage:        2 bytes
 Hardware stack levels used:    1
 This function calls:
		Nothing
 This function is called by:
		_set_time
 This function uses a non-reentrant model


 *************** function _get_hour_reg *****************
 Defined at:
		line 280 in file "user.c"
 Parameters:    Size  Location     Type
  hour            1    wreg     unsigned char 
 Auto vars:     Size  Location     Type
  hour            1    1[COMRAM] unsigned char 
  res             1    0[COMRAM] unsigned char 
 Return value:  Size  Location     Type
                  1    wreg      unsigned char 
 Registers used:
		wreg, status,2, status,0
 Tracked objects:
		On entry : 
		On exit  : 
		Unchanged: 
 Data sizes:     COMRAM   BANK0   BANK1   BANK2   BANK3   BANK4   BANK5   BANK6   BANK7
      Params:         0       0       0       0       0       0       0       0       0
      Locals:         2       0       0       0       0       0       0       0       0
      Temps:          0       0       0       0       0       0       0       0       0
      Totals:         2       0       0       0       0       0       0       0       0
Total ram usage:        2 bytes
 Hardware stack levels used:    1
 This function calls:
		Nothing
 This function is called by:
		_set_time
 This function uses a non-reentrant model


 *************** function _byte_write *****************
 Defined at:
		line 183 in file "user.c"
 Parameters:    Size  Location     Type
  address         1    wreg     unsigned char 
  value           1    5[COMRAM] unsigned char 
 Auto vars:     Size  Location     Type
  address         1    6[COMRAM] unsigned char 
 Return value:  Size  Location     Type
                  1    wreg      void 
 Registers used:
		wreg, status,2, status,0, cstack
 Tracked objects:
		On entry : 
		On exit  : 
		Unchanged: 
 Data sizes:     COMRAM   BANK0   BANK1   BANK2   BANK3   BANK4   BANK5   BANK6   BANK7
      Params:         1       0       0       0       0       0       0       0       0
      Locals:         1       0       0       0       0       0       0       0       0
      Temps:          0       0       0       0       0       0       0       0       0
      Totals:         2       0       0       0       0       0       0       0       0
Total ram usage:        2 bytes
 Hardware stack levels used:    1
 Hardware stack levels required when called:    2
 This function calls:
		i2_ce_disable
		i2_ce_enable
		i2_send_command
 This function is called by:
		_set_time
 This function uses a non-reentrant model


 *************** function i2_send_command *****************
 Defined at:
		line 299 in file "user.c"
 Parameters:    Size  Location     Type
  command         1    wreg     unsigned char 
 Auto vars:     Size  Location     Type
  command         1    2[COMRAM] unsigned char 
  send_command    2    3[COMRAM] int 
 Return value:  Size  Location     Type
                  1    wreg      void 
 Registers used:
		wreg, status,2, status,0, cstack
 Tracked objects:
		On entry : 
		On exit  : 
		Unchanged: 
 Data sizes:     COMRAM   BANK0   BANK1   BANK2   BANK3   BANK4   BANK5   BANK6   BANK7
      Params:         0       0       0       0       0       0       0       0       0
      Locals:         3       0       0       0       0       0       0       0       0
      Temps:          2       0       0       0       0       0       0       0       0
      Totals:         5       0       0       0       0       0       0       0       0
Total ram usage:        5 bytes
 Hardware stack levels used:    1
 Hardware stack levels required when called:    1
 This function calls:
		i2_io_as_output
 This function is called by:
		_byte_write
 This function uses a non-reentrant model


 *************** function i2_io_as_output *****************
 Defined at:
		line 319 in file "user.c"
 Parameters:    Size  Location     Type
		None
 Auto vars:     Size  Location     Type
		None
 Return value:  Size  Location     Type
                  1    wreg      void 
 Registers used:
		None
 Tracked objects:
		On entry : 
		On exit  : 
		Unchanged: 
 Data sizes:     COMRAM   BANK0   BANK1   BANK2   BANK3   BANK4   BANK5   BANK6   BANK7
      Params:         0       0       0       0       0       0       0       0       0
      Locals:         0       0       0       0       0       0       0       0       0
      Temps:          0       0       0       0       0       0       0       0       0
      Totals:         0       0       0       0       0       0       0       0       0
Total ram usage:        0 bytes
 Hardware stack levels used:    1
 This function calls:
		Nothing
 This function is called by:
		i2_send_command
 This function uses a non-reentrant model


 *************** function i2_ce_enable *****************
 Defined at:
		line 150 in file "user.c"
 Parameters:    Size  Location     Type
		None
 Auto vars:     Size  Location     Type
		None
 Return value:  Size  Location     Type
                  1    wreg      void 
 Registers used:
		None
 Tracked objects:
		On entry : 
		On exit  : 
		Unchanged: 
 Data sizes:     COMRAM   BANK0   BANK1   BANK2   BANK3   BANK4   BANK5   BANK6   BANK7
      Params:         0       0       0       0       0       0       0       0       0
      Locals:         0       0       0       0       0       0       0       0       0
      Temps:          0       0       0       0       0       0       0       0       0
      Totals:         0       0       0       0       0       0       0       0       0
Total ram usage:        0 bytes
 Hardware stack levels used:    1
 This function calls:
		Nothing
 This function is called by:
		_byte_write
 This function uses a non-reentrant model


 *************** function i2_ce_disable *****************
 Defined at:
		line 153 in file "user.c"
 Parameters:    Size  Location     Type
		None
 Auto vars:     Size  Location     Type
		None
 Return value:  Size  Location     Type
                  1    wreg      void 
 Registers used:
		None
 Tracked objects:
		On entry : 
		On exit  : 
		Unchanged: 
 Data sizes:     COMRAM   BANK0   BANK1   BANK2   BANK3   BANK4   BANK5   BANK6   BANK7
      Params:         0       0       0       0       0       0       0       0       0
      Locals:         0       0       0       0       0       0       0       0       0
      Temps:          0       0       0       0       0       0       0       0       0
      Totals:         0       0       0       0       0       0       0       0       0
Total ram usage:        0 bytes
 Hardware stack levels used:    1
 This function calls:
		Nothing
 This function is called by:
		_byte_write
 This function uses a non-reentrant model


 *************** function _buzzer_enable *****************
 Defined at:
		line 132 in file "user.c"
 Parameters:    Size  Location     Type
		None
 Auto vars:     Size  Location     Type
		None
 Return value:  Size  Location     Type
                  1    wreg      void 
 Registers used:
		None
 Tracked objects:
		On entry : 
		On exit  : 
		Unchanged: 
 Data sizes:     COMRAM   BANK0   BANK1   BANK2   BANK3   BANK4   BANK5   BANK6   BANK7
      Params:         0       0       0       0       0       0       0       0       0
      Locals:         0       0       0       0       0       0       0       0       0
      Temps:          0       0       0       0       0       0       0       0       0
      Totals:         0       0       0       0       0       0       0       0       0
Total ram usage:        0 bytes
 Hardware stack levels used:    1
 This function calls:
		Nothing
 This function is called by:
		_high_isr
		_buzzer_toggle
 This function uses a non-reentrant model



MODULE INFORMATION

Module		Function		Class		Link	Load	Size
interrupts.c
		_high_isr      		CODE           	0008	0000	703

interrupts.c estimated size: 703

shared
		i2_send_command		CODE           	08A4	0000	91
		i2_ce_enable   		CODE           	0B50	0000	5
		__initialization		CODE           	0AE4	0000	13
		i2_buzzer_disable		CODE           	0B40	0000	5
		i2_ce_disable  		CODE           	0B2A	0000	7
		i2_io_as_output		CODE           	0B4C	0000	5

shared estimated size: 126

user.c
		_get_next_state		CODE           	0528	0000	277
		_put_num       		CODE           	08FE	0000	89
		_put_nums      		CODE           	0A82	0000	55
		_byte_write    		CODE           	0AFE	0000	25
		_get_hour_reg  		CODE           	0AB8	0000	45
		_point_disable 		CODE           	0B48	0000	5
		_ce_disable    		CODE           	0B24	0000	7
		_ir_get_human_code		CODE           	03FA	0000	303
		_byte_read     		CODE           	07DC	0000	111
		_buzzer_enable 		CODE           	0B54	0000	5
		_InitApp       		CODE           	0A02	0000	71
		_get_time      		CODE           	063C	0000	245
		_buzzer_disable		CODE           	0B3C	0000	5
		_send_command  		CODE           	084A	0000	91
		_ir_is_code_number		CODE           	0956	0000	87
		_get_num       		CODE           	0730	0000	173
		_get_seconds_reg		CODE           	09AC	0000	87
		_set_time      		CODE           	0A48	0000	59
		_update_display		CODE           	0B16	0000	15
		_io_as_input   		CODE           	0B34	0000	5
		_ce_enable     		CODE           	0B38	0000	5
		_point_enable  		CODE           	0B44	0000	5
		_io_as_output  		CODE           	0B30	0000	5

user.c estimated size: 1775

main.c
		_main          		CODE           	02CA	0000	305

main.c estimated size: 305

system.c
		_ConfigureOscillator		CODE           	0B58	0000	3

system.c estimated size: 3

