Microchip MPLAB XC8 Compiler V1.42 ()

Linker command line:

-W-3 --edf=/Applications/microchip/xc8/v1.42/dat/en_msgs.txt -cs \
  -h+dist/C18_18F87K22/production/cronometro.X.production.sym \
  --cmf=dist/C18_18F87K22/production/cronometro.X.production.cmf -z \
  -Q18F2550 -o/tmp/xcPCMA9bh \
  -Mdist/C18_18F87K22/production/cronometro.X.production.map -E1 -ver=XC8 \
  -ASTACK=0B4h-07ffh -pstack=STACK -ACODE=00h-07FFFh -ACONST=00h-07FFFh \
  -ASMALLCONST=0800h-08FFhx120 -AMEDIUMCONST=0800h-07FFFh -ACOMRAM=01h-05Fh \
  -AABS1=00h-07FFh -ABIGRAM=01h-07FFh -ARAM=060h-0FFh,0100h-01FFhx7 \
  -ABANK0=060h-0FFh -ABANK1=0100h-01FFh -ABANK2=0200h-02FFh \
  -ABANK3=0300h-03FFh -ABANK4=0400h-04FFh -ABANK5=0500h-05FFh \
  -ABANK6=0600h-06FFh -ABANK7=0700h-07FFh -ASFR=0F60h-0FFFh \
  -preset_vec=00h,intcode=08h,intcodelo,powerup,init -pramtop=0800h \
  -psmallconst=SMALLCONST -pmediumconst=MEDIUMCONST -pconst=CONST \
  -AFARRAM=00h-00h -ACONFIG=0300000h-030000Dh -pconfig=CONFIG \
  -AIDLOC=0200000h-0200007h -pidloc=IDLOC -AEEDATA=0F00000h-0F000FFh \
  -peeprom_data=EEDATA \
  -prdata=COMRAM,nvrram=COMRAM,nvbit=COMRAM,rbss=COMRAM,rbit=COMRAM \
  -pfarbss=FARRAM,fardata=FARRAM,nvFARRAM=FARRAM \
  -pintsave_regs=BIGRAM,bigbss=BIGRAM,bigdata=BIGRAM -pbss=RAM \
  -pidata=CODE,irdata=CODE,ibigdata=CODE,ifardata=CODE -prparam=COMRAM \
  /tmp/xcTvDtPuy.obj \
  dist/C18_18F87K22/production/cronometro.X.production.obj 

Object code version is 3.11

Machine type is 18F2550

Call graph: (short form)




                Name                               Link     Load   Length Selector   Space Scale
/tmp/xcTvDtPuy.obj
                init                                  E        E        4        4       0
                reset_vec                             0        0        4        0       0
                idloc                            200000   200000        8   200000       0
                config                           300000   300000        E   300000       0
dist/C18_18F87K22/production/cronometro.X.production.obj
                intcode                               8        8        6        4       0
                temp                                 3A       3A        1        1       1
                text35                              E8E      E8E        6        4       0
                text34                              EB0      EB0        4        4       0
                text33                              EAC      EAC        4        4       0
                text32                              B58      B58       5A        4       0
                text31                              E58      E58       18        4       0
                text30                              E0C      E0C       2C        4       0
                text29                              CB6      CB6       56        4       0
                text28                              D9C      D9C       3A        4       0
                text27                              EA8      EA8        4        4       0
                text26                              49A      49A      186        4       0
                text25                              620      620      12E        4       0
                text24                              854      854       AC        4       0
                text23                              BB2      BB2       58        4       0
                text22                              DD6      DD6       36        4       0
                text21                              E80      E80        8        4       0
                text20                              E78      E78        8        4       0
                text19                              D54      D54       48        4       0
                text18                              EA4      EA4        4        4       0
                text17                              EA0      EA0        4        4       0
                text16                              D0C      D0C       48        4       0
                text15                              9A2      9A2       92        4       0
                intcode_body                         12       12      302        4       0
                text13                              EB4      EB4        2        4       0
                text12                              AA2      AA2       5C        4       0
                text11                              E70      E70        8        4       0
                text10                              E88      E88        6        4       0
                text9                               E9C      E9C        4        4       0
                text8                               E98      E98        4        4       0
                text7                               E94      E94        4        4       0
                text6                               AFE      AFE       5A        4       0
                text5                               A34      A34       6E        4       0
                text4                               74E      74E      106        4       0
                text3                               C60      C60       56        4       0
                text2                               900      900       A2        4       0
                text1                               C0A      C0A       56        4       0
                text0                               314      314      186        4       0
                cstackCOMRAM                          1        1       36        1       1
                cstackBANK0                          60       60       42       60       1
                bssBANK0                             A2       A2       10       60       1
                bssCOMRAM                            37       37        3        1       1
                cinit                               E38      E38       20        4       0
                nvBANK0                              B2       B2        2       60       1

TOTAL           Name                               Link     Load   Length     Space
        CLASS   STACK          

        CLASS   CODE           
                intcode                               8        8        6         0
                init                                  E        E        4         0
                reset_vec                             0        0        4         0
                text35                              E8E      E8E        6         0
                text34                              EB0      EB0        4         0
                text33                              EAC      EAC        4         0
                text32                              B58      B58       5A         0
                text31                              E58      E58       18         0
                text30                              E0C      E0C       2C         0
                text29                              CB6      CB6       56         0
                text28                              D9C      D9C       3A         0
                text27                              EA8      EA8        4         0
                text26                              49A      49A      186         0
                text25                              620      620      12E         0
                text24                              854      854       AC         0
                text23                              BB2      BB2       58         0
                text22                              DD6      DD6       36         0
                text21                              E80      E80        8         0
                text20                              E78      E78        8         0
                text19                              D54      D54       48         0
                text18                              EA4      EA4        4         0
                text17                              EA0      EA0        4         0
                text16                              D0C      D0C       48         0
                text15                              9A2      9A2       92         0
                intcode_body                         12       12      302         0
                text13                              EB4      EB4        2         0
                text12                              AA2      AA2       5C         0
                text11                              E70      E70        8         0
                text10                              E88      E88        6         0
                text9                               E9C      E9C        4         0
                text8                               E98      E98        4         0
                text7                               E94      E94        4         0
                text6                               AFE      AFE       5A         0
                text5                               A34      A34       6E         0
                text4                               74E      74E      106         0
                text3                               C60      C60       56         0
                text2                               900      900       A2         0
                text1                               C0A      C0A       56         0
                text0                               314      314      186         0
                cinit                               E38      E38       20         0

        CLASS   CONST          

        CLASS   SMALLCONST     

        CLASS   MEDIUMCONST    

        CLASS   COMRAM         
                temp                                 3A       3A        1         1
                cstackCOMRAM                          1        1       36         1
                bssCOMRAM                            37       37        3         1

        CLASS   ABS1           

        CLASS   BIGRAM         

        CLASS   RAM            

        CLASS   BANK0          
                cstackBANK0                          60       60       42         1
                bssBANK0                             A2       A2       10         1
                nvBANK0                              B2       B2        2         1

        CLASS   BANK1          

        CLASS   BANK2          

        CLASS   BANK3          

        CLASS   BANK4          

        CLASS   BANK5          

        CLASS   BANK6          

        CLASS   BANK7          

        CLASS   SFR            

        CLASS   FARRAM         

        CLASS   CONFIG         
                config                           300000   300000        E         0

        CLASS   IDLOC          
                idloc                            200000   200000        8         0

        CLASS   EEDATA         



SEGMENTS        Name                           Load    Length   Top    Selector   Space  Class

                reset_vec                      000000  000004  000004         0       0  CODE    
                cstackCOMRAM                   000001  00003A  00003B         1       1  COMRAM  
                intcode                        000008  000EAE  000EB6         4       0  CODE    
                cstackBANK0                    000060  000054  0000B4        60       1  BANK0   
                idloc                          200000  000008  200008    200000       0  IDLOC   
                config                         300000  00000E  30000E    300000       0  CONFIG  


UNUSED ADDRESS RANGES

        Name                Unused          Largest block    Delta
        BANK0            0000B4-0000FF               4C
        BANK1            000100-0001FF              100
        BANK2            000200-0002FF              100
        BANK3            000300-0003FF              100
        BANK4            000400-0004FF              100
        BANK5            000500-0005FF              100
        BANK6            000600-0006FF              100
        BANK7            000700-0007FF              100
        BIGRAM           00003B-00005F               25
                         0000B4-0007FF              74C
        CODE             000004-000007                4
                         000EB6-007FFF             714A
        COMRAM           00003B-00005F               25
        CONST            000004-000007                4
                         000EB6-007FFF             714A
        EEDATA           F00000-F000FF              100
        MEDIUMCONST      000EB6-007FFF             714A
        RAM              0000B4-0007FF              100
        SFR              000F60-000FFF               A0
        SMALLCONST       000EB6-007FFF              100
        STACK            0000B4-0007FF              74C

                                  Symbol Table

?_get_next_state                   cstackCOMRAM 00000E
_ADCON1                            (abs)        000FC1
_CCP2CON                           (abs)        000FBA
_ConfigureOscillator               text13       000EB4
_INTCON                            (abs)        000FF2
_INTCON2                           (abs)        000FF1
_INTCONbits                        (abs)        000FF2
_InitApp                           text12       000AA2
_PIE1                              (abs)        000F9D
_RA2                               (abs)        007C02
_RA3                               (abs)        007C03
_RA5                               (abs)        007C05
_RB0                               (abs)        007C08
_RB1                               (abs)        007C09
_RB3                               (abs)        007C0B
_RB4                               (abs)        007C0C
_RB5                               (abs)        007C0D
_RBIF                              (abs)        007F90
_SSPCON1                           (abs)        000FC6
_T0CON                             (abs)        000FD5
_T1CON                             (abs)        000FCD
_TMR0IF                            (abs)        007F92
_TMR1IF                            (abs)        007CF0
_TRISA2                            (abs)        007C92
_TRISA3                            (abs)        007C93
_TRISA5                            (abs)        007C95
_TRISB1                            (abs)        007C99
_TRISB3                            (abs)        007C9B
_TRISB4                            (abs)        007C9C
__CFG_BOR$ON                       (abs)        000000
__CFG_BORV$3                       (abs)        000000
__CFG_CCP2MX$ON                    (abs)        000000
__CFG_CP0$OFF                      (abs)        000000
__CFG_CP1$OFF                      (abs)        000000
__CFG_CP2$OFF                      (abs)        000000
__CFG_CP3$OFF                      (abs)        000000
__CFG_CPB$OFF                      (abs)        000000
__CFG_CPD$OFF                      (abs)        000000
__CFG_CPUDIV$OSC1_PLL2             (abs)        000000
__CFG_EBTR0$OFF                    (abs)        000000
__CFG_EBTR1$OFF                    (abs)        000000
__CFG_EBTR2$OFF                    (abs)        000000
__CFG_EBTR3$OFF                    (abs)        000000
__CFG_EBTRB$OFF                    (abs)        000000
__CFG_FCMEN$OFF                    (abs)        000000
__CFG_FOSC$HS                      (abs)        000000
__CFG_IESO$OFF                     (abs)        000000
__CFG_LPT1OSC$OFF                  (abs)        000000
__CFG_LVP$ON                       (abs)        000000
__CFG_MCLRE$ON                     (abs)        000000
__CFG_PBADEN$OFF                   (abs)        000000
__CFG_PLLDIV$1                     (abs)        000000
__CFG_PWRT$OFF                     (abs)        000000
__CFG_STVREN$ON                    (abs)        000000
__CFG_USBDIV$1                     (abs)        000000
__CFG_VREGEN$OFF                   (abs)        000000
__CFG_WDT$ON                       (abs)        000000
__CFG_WDTPS$32768                  (abs)        000000
__CFG_WRT0$OFF                     (abs)        000000
__CFG_WRT1$OFF                     (abs)        000000
__CFG_WRT2$OFF                     (abs)        000000
__CFG_WRT3$OFF                     (abs)        000000
__CFG_WRTB$OFF                     (abs)        000000
__CFG_WRTC$OFF                     (abs)        000000
__CFG_WRTD$OFF                     (abs)        000000
__CFG_XINST$OFF                    (abs)        000000
__HRAM                             (abs)        000000
__Habs1                            abs1         000000
__Hbank0                           bank0        000000
__Hbank1                           bank1        000000
__Hbank2                           bank2        000000
__Hbank3                           bank3        000000
__Hbank4                           bank4        000000
__Hbank5                           bank5        000000
__Hbank6                           bank6        000000
__Hbank7                           bank7        000000
__Hbigbss                          bigbss       000000
__Hbigdata                         bigdata      000000
__Hbigram                          bigram       000000
__Hbss                             bss          000000
__HbssBANK0                        bssBANK0     000000
__HbssCOMRAM                       bssCOMRAM    000000
__Hcinit                           cinit        000000
__Hclrtext                         clrtext      000000
__Hcomram                          comram       000000
__Hconfig                          config       30000E
__Hconst                           const        000000
__HcstackBANK0                     cstackBANK0  000000
__HcstackCOMRAM                    cstackCOMRAM 000000
__Hdata                            data         000000
__Heeprom_data                     eeprom_data  000000
__Hfarbss                          farbss       000000
__Hfardata                         fardata      000000
__Hibigdata                        ibigdata     000000
__Hidata                           idata        000000
__Hidloc                           idloc        200008
__Hifardata                        ifardata     000000
__Hinit                            init         000012
__Hintcode                         intcode      00000E
__Hintcode_body                    intcode_body 000000
__Hintcodelo                       intcodelo    00000E
__Hintentry                        intentry     000000
__Hintret                          intret       000000
__Hintsave_regs                    intsave_regs 000000
__Hirdata                          irdata       000000
__Hmediumconst                     mediumconst  000000
__HnvBANK0                         nvBANK0      000000
__HnvFARRAM                        nvFARRAM     000000
__Hnvbit                           nvbit        000000
__Hnvrram                          nvrram       000000
__Hparam                           rparam       000000
__Hpowerup                         powerup      00000E
__Hram                             ram          000000
__Hramtop                          ramtop       000800
__Hrbit                            rbit         000000
__Hrbss                            rbss         000000
__Hrdata                           rdata        000000
__Hreset_vec                       reset_vec    000004
__Hrparam                          rparam       000000
__Hsfr                             sfr          000000
__Hsmallconst                      smallconst   000000
__Hspace_0                         (abs)        30000E
__Hspace_1                         (abs)        0000B4
__Hspace_2                         (abs)        000000
__Hstack                           stack        000000
__Hstruct                          struct       000000
__Htemp                            temp         00003B
__Htext                            text         000000
__Htext0                           text0        000000
__Htext1                           text1        000000
__Htext10                          text10       000000
__Htext11                          text11       000000
__Htext12                          text12       000000
__Htext13                          text13       000000
__Htext15                          text15       000000
__Htext16                          text16       000000
__Htext17                          text17       000000
__Htext18                          text18       000000
__Htext19                          text19       000000
__Htext2                           text2        000000
__Htext20                          text20       000000
__Htext21                          text21       000000
__Htext22                          text22       000000
__Htext23                          text23       000000
__Htext24                          text24       000000
__Htext25                          text25       000000
__Htext26                          text26       000000
__Htext27                          text27       000000
__Htext28                          text28       000000
__Htext29                          text29       000000
__Htext3                           text3        000000
__Htext30                          text30       000000
__Htext31                          text31       000000
__Htext32                          text32       000000
__Htext33                          text33       000000
__Htext34                          text34       000000
__Htext35                          text35       000000
__Htext4                           text4        000000
__Htext5                           text5        000000
__Htext6                           text6        000000
__Htext7                           text7        000000
__Htext8                           text8        000000
__Htext9                           text9        000000
__LRAM                             (abs)        000001
__Labs1                            abs1         000000
__Lbank0                           bank0        000000
__Lbank1                           bank1        000000
__Lbank2                           bank2        000000
__Lbank3                           bank3        000000
__Lbank4                           bank4        000000
__Lbank5                           bank5        000000
__Lbank6                           bank6        000000
__Lbank7                           bank7        000000
__Lbigbss                          bigbss       000000
__Lbigdata                         bigdata      000000
__Lbigram                          bigram       000000
__Lbss                             bss          000000
__LbssBANK0                        bssBANK0     000000
__LbssCOMRAM                       bssCOMRAM    000000
__Lcinit                           cinit        000000
__Lclrtext                         clrtext      000000
__Lcomram                          comram       000000
__Lconfig                          config       300000
__Lconst                           const        000000
__LcstackBANK0                     cstackBANK0  000000
__LcstackCOMRAM                    cstackCOMRAM 000000
__Ldata                            data         000000
__Leeprom_data                     eeprom_data  000000
__Lfarbss                          farbss       000000
__Lfardata                         fardata      000000
__Libigdata                        ibigdata     000000
__Lidata                           idata        000000
__Lidloc                           idloc        200000
__Lifardata                        ifardata     000000
__Linit                            init         00000E
__Lintcode                         intcode      000008
__Lintcode_body                    intcode_body 000000
__Lintcodelo                       intcodelo    00000E
__Lintentry                        intentry     000000
__Lintret                          intret       000000
__Lintsave_regs                    intsave_regs 000000
__Lirdata                          irdata       000000
__Lmediumconst                     mediumconst  000000
__LnvBANK0                         nvBANK0      000000
__LnvFARRAM                        nvFARRAM     000000
__Lnvbit                           nvbit        000000
__Lnvrram                          nvrram       000000
__Lparam                           rparam       000000
__Lpowerup                         powerup      00000E
__Lram                             ram          000000
__Lramtop                          ramtop       000800
__Lrbit                            rbit         000000
__Lrbss                            rbss         000000
__Lrdata                           rdata        000000
__Lreset_vec                       reset_vec    000000
__Lrparam                          rparam       000000
__Lsfr                             sfr          000000
__Lsmallconst                      smallconst   000000
__Lspace_0                         (abs)        000000
__Lspace_1                         (abs)        000000
__Lspace_2                         (abs)        000000
__Lstack                           stack        000000
__Lstruct                          struct       000000
__Ltemp                            temp         00003A
__Ltext                            text         000000
__Ltext0                           text0        000000
__Ltext1                           text1        000000
__Ltext10                          text10       000000
__Ltext11                          text11       000000
__Ltext12                          text12       000000
__Ltext13                          text13       000000
__Ltext15                          text15       000000
__Ltext16                          text16       000000
__Ltext17                          text17       000000
__Ltext18                          text18       000000
__Ltext19                          text19       000000
__Ltext2                           text2        000000
__Ltext20                          text20       000000
__Ltext21                          text21       000000
__Ltext22                          text22       000000
__Ltext23                          text23       000000
__Ltext24                          text24       000000
__Ltext25                          text25       000000
__Ltext26                          text26       000000
__Ltext27                          text27       000000
__Ltext28                          text28       000000
__Ltext29                          text29       000000
__Ltext3                           text3        000000
__Ltext30                          text30       000000
__Ltext31                          text31       000000
__Ltext32                          text32       000000
__Ltext33                          text33       000000
__Ltext34                          text34       000000
__Ltext35                          text35       000000
__Ltext4                           text4        000000
__Ltext5                           text5        000000
__Ltext6                           text6        000000
__Ltext7                           text7        000000
__Ltext8                           text8        000000
__Ltext9                           text9        000000
__S0                               (abs)        30000E
__S1                               (abs)        0000B4
__S2                               (abs)        000000
___inthi_sp                        stack        000000
___intlo_sp                        stack        000000
___param_bank                      (abs)        000000
___rparam_used                     (abs)        000001
___sp                              stack        000000
__accesstop                        (abs)        000060
__activetblptr                     (abs)        000002
__end_of_ConfigureOscillator       text13       000EB6
__end_of_InitApp                   text12       000AFE
__end_of__initialization           cinit        000E4A
__end_of_buzzer_disable            text11       000E78
__end_of_buzzer_enable             text21       000E88
__end_of_byte_read                 text5        000AA2
__end_of_byte_write                text31       000E70
__end_of_ce_disable                text10       000E8E
__end_of_ce_enable                 text9        000EA0
__end_of_get_hour_reg              text30       000E38
__end_of_get_next_state            text26       000620
__end_of_get_num                   text24       000900
__end_of_get_seconds_reg           text3        000CB6
__end_of_get_time                  text4        000854
__end_of_get_timer1_counter        text2        0009A2
__end_of_high_isr                  intcode_body 000314
__end_of_io_as_input               text8        000E9C
__end_of_io_as_output              text7        000E98
__end_of_ir_get_human_code         text25       00074E
__end_of_ir_is_code_number         text1        000C60
__end_of_main                      text0        00049A
__end_of_point_disable             text18       000EA8
__end_of_point_enable              text17       000EA4
__end_of_put_num                   text23       000C0A
__end_of_put_nums                  text22       000E0C
__end_of_send_command              text6        000B58
__end_of_set_time                  text28       000DD6
__end_of_timer1_enable             text27       000EAC
__end_of_update_buzzer             text19       000D9C
__end_of_update_point              text16       000D54
__end_of_update_timer1_counter_10  text15       000A34
__end_ofi2_buzzer_disable          text20       000E80
__end_ofi2_ce_disable              text35       000E94
__end_ofi2_ce_enable               text34       000EB4
__end_ofi2_get_seconds_reg         text29       000D0C
__end_ofi2_io_as_output            text33       000EB0
__end_ofi2_send_command            text32       000BB2
__initialization                   cinit        000E38
__mediumconst                      mediumconst  000000
__pbssBANK0                        bssBANK0     0000A2
__pbssCOMRAM                       bssCOMRAM    000037
__pcinit                           cinit        000E38
__pcstackBANK0                     cstackBANK0  000060
__pcstackCOMRAM                    cstackCOMRAM 000001
__pintcode                         intcode      000008
__pintcode_body                    intcode_body 000012
__pnvBANK0                         nvBANK0      0000B2
__ptext0                           text0        000314
__ptext1                           text1        000C0A
__ptext10                          text10       000E88
__ptext11                          text11       000E70
__ptext12                          text12       000AA2
__ptext13                          text13       000EB4
__ptext15                          text15       0009A2
__ptext16                          text16       000D0C
__ptext17                          text17       000EA0
__ptext18                          text18       000EA4
__ptext19                          text19       000D54
__ptext2                           text2        000900
__ptext20                          text20       000E78
__ptext21                          text21       000E80
__ptext22                          text22       000DD6
__ptext23                          text23       000BB2
__ptext24                          text24       000854
__ptext25                          text25       000620
__ptext26                          text26       00049A
__ptext27                          text27       000EA8
__ptext28                          text28       000D9C
__ptext29                          text29       000CB6
__ptext3                           text3        000C60
__ptext30                          text30       000E0C
__ptext31                          text31       000E58
__ptext32                          text32       000B58
__ptext33                          text33       000EAC
__ptext34                          text34       000EB0
__ptext35                          text35       000E8E
__ptext4                           text4        00074E
__ptext5                           text5        000A34
__ptext6                           text6        000AFE
__ptext7                           text7        000E94
__ptext8                           text8        000E98
__ptext9                           text9        000E9C
__ramtop                           ramtop       000800
__size_of_ConfigureOscillator      (abs)        000000
__size_of_InitApp                  (abs)        000000
__size_of_buzzer_disable           (abs)        000000
__size_of_buzzer_enable            (abs)        000000
__size_of_byte_read                (abs)        000000
__size_of_byte_write               (abs)        000000
__size_of_ce_disable               (abs)        000000
__size_of_ce_enable                (abs)        000000
__size_of_get_hour_reg             (abs)        000000
__size_of_get_next_state           (abs)        000000
__size_of_get_num                  (abs)        000000
__size_of_get_seconds_reg          (abs)        000000
__size_of_get_time                 (abs)        000000
__size_of_get_timer1_counter       (abs)        000000
__size_of_high_isr                 (abs)        000000
__size_of_io_as_input              (abs)        000000
__size_of_io_as_output             (abs)        000000
__size_of_ir_get_human_code        (abs)        000000
__size_of_ir_is_code_number        (abs)        000000
__size_of_main                     (abs)        000000
__size_of_point_disable            (abs)        000000
__size_of_point_enable             (abs)        000000
__size_of_put_num                  (abs)        000000
__size_of_put_nums                 (abs)        000000
__size_of_send_command             (abs)        000000
__size_of_set_time                 (abs)        000000
__size_of_timer1_enable            (abs)        000000
__size_of_update_buzzer            (abs)        000000
__size_of_update_point             (abs)        000000
__size_of_update_timer1_counter_10 (abs)        000000
__size_ofi2_buzzer_disable         (abs)        000000
__size_ofi2_ce_disable             (abs)        000000
__size_ofi2_ce_enable              (abs)        000000
__size_ofi2_get_seconds_reg        (abs)        000000
__size_ofi2_io_as_output           (abs)        000000
__size_ofi2_send_command           (abs)        000000
__smallconst                       smallconst   000000
_aux1                              bssBANK0     0000AB
_buzzer_disable                    text11       000E70
_buzzer_enable                     text21       000E80
_buzzer_status                     bssBANK0     0000A4
_byte_read                         text5        000A34
_byte_write                        text31       000E58
_ce_disable                        text10       000E88
_ce_enable                         text9        000E9C
_counter                           bssBANK0     0000A2
_get_hour_reg                      text30       000E0C
_get_next_state                    text26       00049A
_get_num                           text24       000854
_get_seconds_reg                   text3        000C60
_get_time                          text4        00074E
_get_timer1_counter                text2        000900
_high_isr                          intcode      000008
_human_code                        bssCOMRAM    000039
_io_as_input                       text8        000E98
_io_as_output                      text7        000E94
_ir_get_human_code                 text25       000620
_ir_is_code_number                 text1        000C0A
_main                              text0        000314
_masked_digits                     bssBANK0     0000A5
_next                              bssCOMRAM    000037
_point_disable                     text18       000EA4
_point_enable                      text17       000EA0
_put_num                           text23       000BB2
_put_num$903                       cstackCOMRAM 000005
_put_nums                          text22       000DD6
_send_command                      text6        000AFE
_set_time                          text28       000D9C
_state                             nvBANK0      0000B2
_timer1_counter                    bssBANK0     0000A3
_timer1_counter_10                 bssBANK0     0000B1
_timer1_enable                     text27       000EA8
_update_buzzer                     text19       000D54
_update_point                      text16       000D0C
_update_timer1_counter_10          text15       0009A2
btemp                              temp         00003A
byte_read@address                  cstackCOMRAM 00002D
byte_read@i                        cstackCOMRAM 00002F
byte_read@res                      cstackCOMRAM 00002E
byte_write@address                 cstackCOMRAM 000007
byte_write@value                   cstackCOMRAM 000006
end_of_initialization              cinit        000E4A
get_hour_reg@hour                  cstackCOMRAM 000002
get_hour_reg@res                   cstackCOMRAM 000001
get_next_state@code                cstackCOMRAM 000010
get_next_state@hour                cstackCOMRAM 000014
get_next_state@minutes             cstackCOMRAM 000013
get_next_state@seconds             cstackCOMRAM 000012
get_next_state@state               cstackCOMRAM 00000E
get_num@num                        cstackCOMRAM 000001
get_seconds_reg@res                cstackCOMRAM 000026
get_seconds_reg@seconds            cstackCOMRAM 000027
get_time@aux                       cstackCOMRAM 000035
get_time@aux_hour                  cstackCOMRAM 000033
get_time@data                      cstackBANK0  00009C
get_time@format                    cstackBANK0  00009E
get_time@hours                     cstackCOMRAM 000036
get_time@minutes                   cstackCOMRAM 000034
get_time@seconds                   cstackCOMRAM 000032
get_timer1_counter@aux             cstackCOMRAM 000035
get_timer1_counter@data            cstackBANK0  00009C
get_timer1_counter@hours           cstackCOMRAM 000034
get_timer1_counter@minutes         cstackCOMRAM 000033
get_timer1_counter@seconds         cstackCOMRAM 000032
high_isr@aux                       cstackBANK0  000095
high_isr@code                      cstackBANK0  000060
high_isr@digits                    cstackBANK0  00008F
high_isr@final_code                cstackBANK0  000096
high_isr@i                         cstackBANK0  000098
high_isr@i_150                     cstackBANK0  00009A
i2_buzzer_disable                  text20       000E78
i2_ce_disable                      text35       000E8E
i2_ce_enable                       text34       000EB0
i2_get_seconds_reg                 text29       000CB6
i2_io_as_output                    text33       000EAC
i2_send_command                    text32       000B58
i2get_seconds_reg@res              cstackCOMRAM 000001
i2get_seconds_reg@seconds          cstackCOMRAM 000002
i2send_command@command             cstackCOMRAM 000003
i2send_command@i                   cstackCOMRAM 000004
int$flags                          temp         00003A
int_func                           intcode_body 000012
intlevel0                          text         000000
intlevel1                          text         000000
intlevel2                          text         000000
intlevel3                          text         000000
ir_get_human_code@code             cstackCOMRAM 000001
ir_get_human_code@human_read_code  cstackCOMRAM 000005
ir_is_code_number@human_code       cstackCOMRAM 000026
main@format                        cstackBANK0  0000A1
put_num@i                          cstackCOMRAM 000006
put_num@mask                       cstackCOMRAM 000004
put_num@num                        cstackCOMRAM 000003
put_nums@i                         cstackCOMRAM 00000A
put_nums@nums                      cstackCOMRAM 000008
send_command@command               cstackCOMRAM 000028
send_command@i                     cstackCOMRAM 000029
set_time@hour                      cstackCOMRAM 000009
set_time@hour_reg                  cstackCOMRAM 00000D
set_time@min_reg                   cstackCOMRAM 00000C
set_time@minutes                   cstackCOMRAM 000008
set_time@sec_reg                   cstackCOMRAM 00000B
set_time@seconds                   cstackCOMRAM 00000A
stackhi                            (abs)        0007FF
stacklo                            (abs)        0000B4
start                              init         00000E
start_initialization               cinit        000E38
update_buzzer@counter              cstackCOMRAM 000003
update_buzzer@state                cstackCOMRAM 000001
update_point@counter               cstackCOMRAM 000003
update_point@state                 cstackCOMRAM 000001
update_timer1_counter_10@counter   cstackCOMRAM 000001
update_timer1_counter_10@state     cstackCOMRAM 000004


FUNCTION INFORMATION:

 *************** function _main *****************
 Defined at:
		line 37 in file "main.c"
 Parameters:    Size  Location     Type
		None
 Auto vars:     Size  Location     Type
  format          1   65[BANK0 ] unsigned char 
  temp            1    0        unsigned char 
 Return value:  Size  Location     Type
                  1    wreg      void 
 Registers used:
		wreg, fsr2l, fsr2h, status,2, status,0, prodl, prodh, cstack
 Tracked objects:
		On entry : 
		On exit  : 
		Unchanged: 
 Data sizes:     COMRAM   BANK0   BANK1   BANK2   BANK3   BANK4   BANK5   BANK6   BANK7
      Params:         0       0       0       0       0       0       0       0       0
      Locals:         0       1       0       0       0       0       0       0       0
      Temps:          0       2       0       0       0       0       0       0       0
      Totals:         0       3       0       0       0       0       0       0       0
Total ram usage:        3 bytes
 Hardware stack levels required when called:   10
 This function calls:
		_ConfigureOscillator
		_InitApp
		_buzzer_disable
		_get_time
		_get_timer1_counter
		_ir_is_code_number
 This function is called by:
		Startup code after reset
 This function uses a non-reentrant model


 *************** function _ir_is_code_number *****************
 Defined at:
		line 407 in file "user.c"
 Parameters:    Size  Location     Type
  human_code      1    wreg     unsigned char 
 Auto vars:     Size  Location     Type
  human_code      1   37[COMRAM] unsigned char 
 Return value:  Size  Location     Type
                  1    wreg      unsigned char 
 Registers used:
		wreg, status,2, status,0
 Tracked objects:
		On entry : 
		On exit  : 
		Unchanged: 
 Data sizes:     COMRAM   BANK0   BANK1   BANK2   BANK3   BANK4   BANK5   BANK6   BANK7
      Params:         0       0       0       0       0       0       0       0       0
      Locals:         1       0       0       0       0       0       0       0       0
      Temps:          0       0       0       0       0       0       0       0       0
      Totals:         1       0       0       0       0       0       0       0       0
Total ram usage:        1 bytes
 Hardware stack levels used:    1
 Hardware stack levels required when called:    6
 This function calls:
		Nothing
 This function is called by:
		_main
 This function uses a non-reentrant model


 *************** function _get_timer1_counter *****************
 Defined at:
		line 506 in file "user.c"
 Parameters:    Size  Location     Type
  data            2   60[BANK0 ] PTR unsigned char 
		 -> aux1(6), 
 Auto vars:     Size  Location     Type
  aux             1   52[COMRAM] unsigned char 
  hours           1   51[COMRAM] unsigned char 
  minutes         1   50[COMRAM] unsigned char 
  seconds         1   49[COMRAM] unsigned char 
 Return value:  Size  Location     Type
                  1    wreg      void 
 Registers used:
		wreg, fsr2l, fsr2h, status,2, status,0, cstack
 Tracked objects:
		On entry : 
		On exit  : 
		Unchanged: 
 Data sizes:     COMRAM   BANK0   BANK1   BANK2   BANK3   BANK4   BANK5   BANK6   BANK7
      Params:         0       2       0       0       0       0       0       0       0
      Locals:         4       0       0       0       0       0       0       0       0
      Temps:          1       0       0       0       0       0       0       0       0
      Totals:         5       2       0       0       0       0       0       0       0
Total ram usage:        7 bytes
 Hardware stack levels used:    1
 Hardware stack levels required when called:    9
 This function calls:
		_byte_read
		_get_seconds_reg
 This function is called by:
		_main
 This function uses a non-reentrant model


 *************** function _get_seconds_reg *****************
 Defined at:
		line 286 in file "user.c"
 Parameters:    Size  Location     Type
  seconds         1    wreg     unsigned char 
 Auto vars:     Size  Location     Type
  seconds         1   38[COMRAM] unsigned char 
  res             1   37[COMRAM] unsigned char 
 Return value:  Size  Location     Type
                  1    wreg      unsigned char 
 Registers used:
		wreg, status,2, status,0
 Tracked objects:
		On entry : 
		On exit  : 
		Unchanged: 
 Data sizes:     COMRAM   BANK0   BANK1   BANK2   BANK3   BANK4   BANK5   BANK6   BANK7
      Params:         0       0       0       0       0       0       0       0       0
      Locals:         2       0       0       0       0       0       0       0       0
      Temps:          0       0       0       0       0       0       0       0       0
      Totals:         2       0       0       0       0       0       0       0       0
Total ram usage:        2 bytes
 Hardware stack levels used:    1
 Hardware stack levels required when called:    6
 This function calls:
		Nothing
 This function is called by:
		_get_timer1_counter
 This function uses a non-reentrant model


 *************** function _get_time *****************
 Defined at:
		line 242 in file "user.c"
 Parameters:    Size  Location     Type
  data            2   60[BANK0 ] PTR unsigned char 
		 -> aux1(6), 
  format          1   62[BANK0 ] unsigned char 
 Auto vars:     Size  Location     Type
  aux_hour        1   50[COMRAM] unsigned char 
  hours           1   53[COMRAM] unsigned char 
  aux             1   52[COMRAM] unsigned char 
  minutes         1   51[COMRAM] unsigned char 
  seconds         1   49[COMRAM] unsigned char 
 Return value:  Size  Location     Type
                  1    wreg      void 
 Registers used:
		wreg, fsr2l, fsr2h, status,2, status,0, prodl, prodh, cstack
 Tracked objects:
		On entry : 
		On exit  : 
		Unchanged: 
 Data sizes:     COMRAM   BANK0   BANK1   BANK2   BANK3   BANK4   BANK5   BANK6   BANK7
      Params:         0       3       0       0       0       0       0       0       0
      Locals:         5       0       0       0       0       0       0       0       0
      Temps:          1       0       0       0       0       0       0       0       0
      Totals:         6       3       0       0       0       0       0       0       0
Total ram usage:        9 bytes
 Hardware stack levels used:    1
 Hardware stack levels required when called:    9
 This function calls:
		_byte_read
 This function is called by:
		_main
 This function uses a non-reentrant model


 *************** function _byte_read *****************
 Defined at:
		line 186 in file "user.c"
 Parameters:    Size  Location     Type
  address         1    wreg     unsigned char 
 Auto vars:     Size  Location     Type
  address         1   44[COMRAM] unsigned char 
  i               2   46[COMRAM] int 
  res             1   45[COMRAM] unsigned char 
 Return value:  Size  Location     Type
                  1    wreg      unsigned char 
 Registers used:
		wreg, status,2, status,0, cstack
 Tracked objects:
		On entry : 
		On exit  : 
		Unchanged: 
 Data sizes:     COMRAM   BANK0   BANK1   BANK2   BANK3   BANK4   BANK5   BANK6   BANK7
      Params:         0       0       0       0       0       0       0       0       0
      Locals:         4       0       0       0       0       0       0       0       0
      Temps:          2       0       0       0       0       0       0       0       0
      Totals:         6       0       0       0       0       0       0       0       0
Total ram usage:        6 bytes
 Hardware stack levels used:    1
 Hardware stack levels required when called:    8
 This function calls:
		_ce_disable
		_ce_enable
		_io_as_input
		_send_command
 This function is called by:
		_get_time
		_get_timer1_counter
 This function uses a non-reentrant model


 *************** function _send_command *****************
 Defined at:
		line 339 in file "user.c"
 Parameters:    Size  Location     Type
  command         1    wreg     unsigned char 
 Auto vars:     Size  Location     Type
  command         1   39[COMRAM] unsigned char 
  i               2   40[COMRAM] int 
 Return value:  Size  Location     Type
                  1    wreg      void 
 Registers used:
		wreg, status,2, status,0, cstack
 Tracked objects:
		On entry : 
		On exit  : 
		Unchanged: 
 Data sizes:     COMRAM   BANK0   BANK1   BANK2   BANK3   BANK4   BANK5   BANK6   BANK7
      Params:         0       0       0       0       0       0       0       0       0
      Locals:         3       0       0       0       0       0       0       0       0
      Temps:          2       0       0       0       0       0       0       0       0
      Totals:         5       0       0       0       0       0       0       0       0
Total ram usage:        5 bytes
 Hardware stack levels used:    1
 Hardware stack levels required when called:    7
 This function calls:
		_io_as_output
 This function is called by:
		_byte_read
 This function uses a non-reentrant model


 *************** function _io_as_output *****************
 Defined at:
		line 361 in file "user.c"
 Parameters:    Size  Location     Type
		None
 Auto vars:     Size  Location     Type
		None
 Return value:  Size  Location     Type
                  1    wreg      void 
 Registers used:
		None
 Tracked objects:
		On entry : 
		On exit  : 
		Unchanged: 
 Data sizes:     COMRAM   BANK0   BANK1   BANK2   BANK3   BANK4   BANK5   BANK6   BANK7
      Params:         0       0       0       0       0       0       0       0       0
      Locals:         0       0       0       0       0       0       0       0       0
      Temps:          0       0       0       0       0       0       0       0       0
      Totals:         0       0       0       0       0       0       0       0       0
Total ram usage:        0 bytes
 Hardware stack levels used:    1
 Hardware stack levels required when called:    6
 This function calls:
		Nothing
 This function is called by:
		_send_command
 This function uses a non-reentrant model


 *************** function _io_as_input *****************
 Defined at:
		line 355 in file "user.c"
 Parameters:    Size  Location     Type
		None
 Auto vars:     Size  Location     Type
		None
 Return value:  Size  Location     Type
                  1    wreg      void 
 Registers used:
		None
 Tracked objects:
		On entry : 
		On exit  : 
		Unchanged: 
 Data sizes:     COMRAM   BANK0   BANK1   BANK2   BANK3   BANK4   BANK5   BANK6   BANK7
      Params:         0       0       0       0       0       0       0       0       0
      Locals:         0       0       0       0       0       0       0       0       0
      Temps:          0       0       0       0       0       0       0       0       0
      Totals:         0       0       0       0       0       0       0       0       0
Total ram usage:        0 bytes
 Hardware stack levels used:    1
 Hardware stack levels required when called:    6
 This function calls:
		Nothing
 This function is called by:
		_byte_read
 This function uses a non-reentrant model


 *************** function _ce_enable *****************
 Defined at:
		line 172 in file "user.c"
 Parameters:    Size  Location     Type
		None
 Auto vars:     Size  Location     Type
		None
 Return value:  Size  Location     Type
                  1    wreg      void 
 Registers used:
		None
 Tracked objects:
		On entry : 
		On exit  : 
		Unchanged: 
 Data sizes:     COMRAM   BANK0   BANK1   BANK2   BANK3   BANK4   BANK5   BANK6   BANK7
      Params:         0       0       0       0       0       0       0       0       0
      Locals:         0       0       0       0       0       0       0       0       0
      Temps:          0       0       0       0       0       0       0       0       0
      Totals:         0       0       0       0       0       0       0       0       0
Total ram usage:        0 bytes
 Hardware stack levels used:    1
 Hardware stack levels required when called:    6
 This function calls:
		Nothing
 This function is called by:
		_byte_read
 This function uses a non-reentrant model


 *************** function _ce_disable *****************
 Defined at:
		line 179 in file "user.c"
 Parameters:    Size  Location     Type
		None
 Auto vars:     Size  Location     Type
		None
 Return value:  Size  Location     Type
                  1    wreg      void 
 Registers used:
		None
 Tracked objects:
		On entry : 
		On exit  : 
		Unchanged: 
 Data sizes:     COMRAM   BANK0   BANK1   BANK2   BANK3   BANK4   BANK5   BANK6   BANK7
      Params:         0       0       0       0       0       0       0       0       0
      Locals:         0       0       0       0       0       0       0       0       0
      Temps:          0       0       0       0       0       0       0       0       0
      Totals:         0       0       0       0       0       0       0       0       0
Total ram usage:        0 bytes
 Hardware stack levels used:    1
 Hardware stack levels required when called:    6
 This function calls:
		Nothing
 This function is called by:
		_byte_read
 This function uses a non-reentrant model


 *************** function _buzzer_disable *****************
 Defined at:
		line 158 in file "user.c"
 Parameters:    Size  Location     Type
		None
 Auto vars:     Size  Location     Type
		None
 Return value:  Size  Location     Type
                  1    wreg      void 
 Registers used:
		wreg, status,2
 Tracked objects:
		On entry : 
		On exit  : 
		Unchanged: 
 Data sizes:     COMRAM   BANK0   BANK1   BANK2   BANK3   BANK4   BANK5   BANK6   BANK7
      Params:         0       0       0       0       0       0       0       0       0
      Locals:         0       0       0       0       0       0       0       0       0
      Temps:          0       0       0       0       0       0       0       0       0
      Totals:         0       0       0       0       0       0       0       0       0
Total ram usage:        0 bytes
 Hardware stack levels used:    1
 Hardware stack levels required when called:    6
 This function calls:
		Nothing
 This function is called by:
		_main
		_buzzer_toggle
 This function uses a non-reentrant model


 *************** function _InitApp *****************
 Defined at:
		line 28 in file "user.c"
 Parameters:    Size  Location     Type
		None
 Auto vars:     Size  Location     Type
		None
 Return value:  Size  Location     Type
                  1    wreg      void 
 Registers used:
		wreg, status,2, status,0
 Tracked objects:
		On entry : 
		On exit  : 
		Unchanged: 
 Data sizes:     COMRAM   BANK0   BANK1   BANK2   BANK3   BANK4   BANK5   BANK6   BANK7
      Params:         0       0       0       0       0       0       0       0       0
      Locals:         0       0       0       0       0       0       0       0       0
      Temps:          0       0       0       0       0       0       0       0       0
      Totals:         0       0       0       0       0       0       0       0       0
Total ram usage:        0 bytes
 Hardware stack levels used:    1
 Hardware stack levels required when called:    6
 This function calls:
		Nothing
 This function is called by:
		_main
 This function uses a non-reentrant model


 *************** function _ConfigureOscillator *****************
 Defined at:
		line 24 in file "system.c"
 Parameters:    Size  Location     Type
		None
 Auto vars:     Size  Location     Type
		None
 Return value:  Size  Location     Type
                  1    wreg      void 
 Registers used:
		None
 Tracked objects:
		On entry : 
		On exit  : 
		Unchanged: 
 Data sizes:     COMRAM   BANK0   BANK1   BANK2   BANK3   BANK4   BANK5   BANK6   BANK7
      Params:         0       0       0       0       0       0       0       0       0
      Locals:         0       0       0       0       0       0       0       0       0
      Temps:          0       0       0       0       0       0       0       0       0
      Totals:         0       0       0       0       0       0       0       0       0
Total ram usage:        0 bytes
 Hardware stack levels used:    1
 Hardware stack levels required when called:    6
 This function calls:
		Nothing
 This function is called by:
		_main
 This function uses a non-reentrant model


 *************** function _high_isr *****************
 Defined at:
		line 32 in file "interrupts.c"
 Parameters:    Size  Location     Type
		None
 Auto vars:     Size  Location     Type
  digits          6   47[BANK0 ] unsigned char [6]
  i               2   58[BANK0 ] int 
  code           47    0[BANK0 ] unsigned char [47]
  i               2   56[BANK0 ] int 
  final_code      2   54[BANK0 ] int 
  aux             1   53[BANK0 ] unsigned char 
 Return value:  Size  Location     Type
                  1    wreg      void 
 Registers used:
		wreg, fsr1l, fsr1h, fsr2l, fsr2h, status,2, status,0, prodl, prodh, cstack
 Tracked objects:
		On entry : 
		On exit  : 
		Unchanged: 
 Data sizes:     COMRAM   BANK0   BANK1   BANK2   BANK3   BANK4   BANK5   BANK6   BANK7
      Params:         0       0       0       0       0       0       0       0       0
      Locals:         0      60       0       0       0       0       0       0       0
      Temps:         17       0       0       0       0       0       0       0       0
      Totals:        17      60       0       0       0       0       0       0       0
Total ram usage:       77 bytes
 Hardware stack levels used:    1
 Hardware stack levels required when called:    5
 This function calls:
		_get_next_state
		_ir_get_human_code
		_point_disable
		_point_enable
		_put_nums
		_update_buzzer
		_update_point
		_update_timer1_counter_10
 This function is called by:
		Interrupt level 2
 This function uses a non-reentrant model


 *************** function _update_timer1_counter_10 *****************
 Defined at:
		line 536 in file "user.c"
 Parameters:    Size  Location     Type
  state           1    wreg     unsigned char 
  counter         2    0[COMRAM] PTR unsigned char 
		 -> timer1_counter_10(1), 
 Auto vars:     Size  Location     Type
  state           1    3[COMRAM] unsigned char 
 Return value:  Size  Location     Type
                  1    wreg      void 
 Registers used:
		wreg, fsr2l, fsr2h, status,2, status,0
 Tracked objects:
		On entry : 
		On exit  : 
		Unchanged: 
 Data sizes:     COMRAM   BANK0   BANK1   BANK2   BANK3   BANK4   BANK5   BANK6   BANK7
      Params:         2       0       0       0       0       0       0       0       0
      Locals:         1       0       0       0       0       0       0       0       0
      Temps:          1       0       0       0       0       0       0       0       0
      Totals:         4       0       0       0       0       0       0       0       0
Total ram usage:        4 bytes
 Hardware stack levels used:    1
 This function calls:
		Nothing
 This function is called by:
		_high_isr
 This function uses a non-reentrant model


 *************** function _update_point *****************
 Defined at:
		line 481 in file "user.c"
 Parameters:    Size  Location     Type
  state           2    0[COMRAM] int 
  counter         1    2[COMRAM] unsigned char 
 Auto vars:     Size  Location     Type
		None
 Return value:  Size  Location     Type
                  1    wreg      void 
 Registers used:
		wreg, status,2, status,0, cstack
 Tracked objects:
		On entry : 
		On exit  : 
		Unchanged: 
 Data sizes:     COMRAM   BANK0   BANK1   BANK2   BANK3   BANK4   BANK5   BANK6   BANK7
      Params:         3       0       0       0       0       0       0       0       0
      Locals:         0       0       0       0       0       0       0       0       0
      Temps:          0       0       0       0       0       0       0       0       0
      Totals:         3       0       0       0       0       0       0       0       0
Total ram usage:        3 bytes
 Hardware stack levels used:    1
 Hardware stack levels required when called:    1
 This function calls:
		_point_disable
		_point_enable
 This function is called by:
		_high_isr
 This function uses a non-reentrant model


 *************** function _point_enable *****************
 Defined at:
		line 132 in file "user.c"
 Parameters:    Size  Location     Type
		None
 Auto vars:     Size  Location     Type
		None
 Return value:  Size  Location     Type
                  1    wreg      void 
 Registers used:
		None
 Tracked objects:
		On entry : 
		On exit  : 
		Unchanged: 
 Data sizes:     COMRAM   BANK0   BANK1   BANK2   BANK3   BANK4   BANK5   BANK6   BANK7
      Params:         0       0       0       0       0       0       0       0       0
      Locals:         0       0       0       0       0       0       0       0       0
      Temps:          0       0       0       0       0       0       0       0       0
      Totals:         0       0       0       0       0       0       0       0       0
Total ram usage:        0 bytes
 Hardware stack levels used:    1
 This function calls:
		Nothing
 This function is called by:
		_high_isr
		_update_point
		_point_toggle
 This function uses a non-reentrant model


 *************** function _point_disable *****************
 Defined at:
		line 138 in file "user.c"
 Parameters:    Size  Location     Type
		None
 Auto vars:     Size  Location     Type
		None
 Return value:  Size  Location     Type
                  1    wreg      void 
 Registers used:
		None
 Tracked objects:
		On entry : 
		On exit  : 
		Unchanged: 
 Data sizes:     COMRAM   BANK0   BANK1   BANK2   BANK3   BANK4   BANK5   BANK6   BANK7
      Params:         0       0       0       0       0       0       0       0       0
      Locals:         0       0       0       0       0       0       0       0       0
      Temps:          0       0       0       0       0       0       0       0       0
      Totals:         0       0       0       0       0       0       0       0       0
Total ram usage:        0 bytes
 Hardware stack levels used:    1
 This function calls:
		Nothing
 This function is called by:
		_high_isr
		_update_point
		_point_toggle
 This function uses a non-reentrant model


 *************** function _update_buzzer *****************
 Defined at:
		line 494 in file "user.c"
 Parameters:    Size  Location     Type
  state           2    0[COMRAM] int 
  counter         1    2[COMRAM] unsigned char 
 Auto vars:     Size  Location     Type
		None
 Return value:  Size  Location     Type
                  1    wreg      void 
 Registers used:
		wreg, status,2, status,0, cstack
 Tracked objects:
		On entry : 
		On exit  : 
		Unchanged: 
 Data sizes:     COMRAM   BANK0   BANK1   BANK2   BANK3   BANK4   BANK5   BANK6   BANK7
      Params:         3       0       0       0       0       0       0       0       0
      Locals:         0       0       0       0       0       0       0       0       0
      Temps:          0       0       0       0       0       0       0       0       0
      Totals:         3       0       0       0       0       0       0       0       0
Total ram usage:        3 bytes
 Hardware stack levels used:    1
 Hardware stack levels required when called:    1
 This function calls:
		_buzzer_enable
		i2_buzzer_disable
 This function is called by:
		_high_isr
 This function uses a non-reentrant model


 *************** function i2_buzzer_disable *****************
 Defined at:
		line 158 in file "user.c"
 Parameters:    Size  Location     Type
		None
 Auto vars:     Size  Location     Type
		None
 Return value:  Size  Location     Type
                  1    wreg      void 
 Registers used:
		wreg, status,2
 Tracked objects:
		On entry : 
		On exit  : 
		Unchanged: 
 Data sizes:     COMRAM   BANK0   BANK1   BANK2   BANK3   BANK4   BANK5   BANK6   BANK7
      Params:         0       0       0       0       0       0       0       0       0
      Locals:         0       0       0       0       0       0       0       0       0
      Temps:          0       0       0       0       0       0       0       0       0
      Totals:         0       0       0       0       0       0       0       0       0
Total ram usage:        0 bytes
 Hardware stack levels used:    1
 This function calls:
		Nothing
 This function is called by:
		_update_buzzer
 This function uses a non-reentrant model


 *************** function _buzzer_enable *****************
 Defined at:
		line 153 in file "user.c"
 Parameters:    Size  Location     Type
		None
 Auto vars:     Size  Location     Type
		None
 Return value:  Size  Location     Type
                  1    wreg      void 
 Registers used:
		wreg, status,2
 Tracked objects:
		On entry : 
		On exit  : 
		Unchanged: 
 Data sizes:     COMRAM   BANK0   BANK1   BANK2   BANK3   BANK4   BANK5   BANK6   BANK7
      Params:         0       0       0       0       0       0       0       0       0
      Locals:         0       0       0       0       0       0       0       0       0
      Temps:          0       0       0       0       0       0       0       0       0
      Totals:         0       0       0       0       0       0       0       0       0
Total ram usage:        0 bytes
 Hardware stack levels used:    1
 This function calls:
		Nothing
 This function is called by:
		_update_buzzer
		_buzzer_toggle
 This function uses a non-reentrant model


 *************** function _put_nums *****************
 Defined at:
		line 87 in file "user.c"
 Parameters:    Size  Location     Type
  nums            2    7[COMRAM] PTR unsigned char 
		 -> masked_digits(6), 
 Auto vars:     Size  Location     Type
  i               2    9[COMRAM] int 
 Return value:  Size  Location     Type
                  1    wreg      void 
 Registers used:
		wreg, fsr2l, fsr2h, status,2, status,0, cstack
 Tracked objects:
		On entry : 
		On exit  : 
		Unchanged: 
 Data sizes:     COMRAM   BANK0   BANK1   BANK2   BANK3   BANK4   BANK5   BANK6   BANK7
      Params:         2       0       0       0       0       0       0       0       0
      Locals:         2       0       0       0       0       0       0       0       0
      Temps:          0       0       0       0       0       0       0       0       0
      Totals:         4       0       0       0       0       0       0       0       0
Total ram usage:        4 bytes
 Hardware stack levels used:    1
 Hardware stack levels required when called:    1
 This function calls:
		_get_num
		_put_num
 This function is called by:
		_high_isr
 This function uses a non-reentrant model


 *************** function _put_num *****************
 Defined at:
		line 74 in file "user.c"
 Parameters:    Size  Location     Type
  num             1    wreg     unsigned char 
 Auto vars:     Size  Location     Type
  num             1    2[COMRAM] unsigned char 
  i               2    5[COMRAM] int 
  mask            1    3[COMRAM] unsigned char 
 Return value:  Size  Location     Type
                  1    wreg      void 
 Registers used:
		wreg, status,2, status,0
 Tracked objects:
		On entry : 
		On exit  : 
		Unchanged: 
 Data sizes:     COMRAM   BANK0   BANK1   BANK2   BANK3   BANK4   BANK5   BANK6   BANK7
      Params:         0       0       0       0       0       0       0       0       0
      Locals:         5       0       0       0       0       0       0       0       0
      Temps:          2       0       0       0       0       0       0       0       0
      Totals:         7       0       0       0       0       0       0       0       0
Total ram usage:        7 bytes
 Hardware stack levels used:    1
 This function calls:
		Nothing
 This function is called by:
		_put_nums
		_put_nums_individual
 This function uses a non-reentrant model


 *************** function _get_num *****************
 Defined at:
		line 107 in file "user.c"
 Parameters:    Size  Location     Type
  num             1    wreg     unsigned char 
 Auto vars:     Size  Location     Type
  num             1    0[COMRAM] unsigned char 
 Return value:  Size  Location     Type
                  1    wreg      unsigned char 
 Registers used:
		wreg, status,2, status,0
 Tracked objects:
		On entry : 
		On exit  : 
		Unchanged: 
 Data sizes:     COMRAM   BANK0   BANK1   BANK2   BANK3   BANK4   BANK5   BANK6   BANK7
      Params:         0       0       0       0       0       0       0       0       0
      Locals:         1       0       0       0       0       0       0       0       0
      Temps:          0       0       0       0       0       0       0       0       0
      Totals:         1       0       0       0       0       0       0       0       0
Total ram usage:        1 bytes
 Hardware stack levels used:    1
 This function calls:
		Nothing
 This function is called by:
		_put_nums
		_put_nums_individual
 This function uses a non-reentrant model


 *************** function _ir_get_human_code *****************
 Defined at:
		line 417 in file "user.c"
 Parameters:    Size  Location     Type
  code            2    0[COMRAM] int 
 Auto vars:     Size  Location     Type
  human_read_c    1    4[COMRAM] unsigned char 
 Return value:  Size  Location     Type
                  1    wreg      unsigned char 
 Registers used:
		wreg, status,2, status,0
 Tracked objects:
		On entry : 
		On exit  : 
		Unchanged: 
 Data sizes:     COMRAM   BANK0   BANK1   BANK2   BANK3   BANK4   BANK5   BANK6   BANK7
      Params:         2       0       0       0       0       0       0       0       0
      Locals:         1       0       0       0       0       0       0       0       0
      Temps:          2       0       0       0       0       0       0       0       0
      Totals:         5       0       0       0       0       0       0       0       0
Total ram usage:        5 bytes
 Hardware stack levels used:    1
 This function calls:
		Nothing
 This function is called by:
		_high_isr
 This function uses a non-reentrant model


 *************** function _get_next_state *****************
 Defined at:
		line 368 in file "user.c"
 Parameters:    Size  Location     Type
  state           2   13[COMRAM] int 
  code            2   15[COMRAM] int 
 Auto vars:     Size  Location     Type
  hour            1   19[COMRAM] unsigned char 
  minutes         1   18[COMRAM] unsigned char 
  seconds         1   17[COMRAM] unsigned char 
 Return value:  Size  Location     Type
                  2   13[COMRAM] int 
 Registers used:
		wreg, status,2, status,0, prodl, prodh, cstack
 Tracked objects:
		On entry : 
		On exit  : 
		Unchanged: 
 Data sizes:     COMRAM   BANK0   BANK1   BANK2   BANK3   BANK4   BANK5   BANK6   BANK7
      Params:         4       0       0       0       0       0       0       0       0
      Locals:         3       0       0       0       0       0       0       0       0
      Temps:          0       0       0       0       0       0       0       0       0
      Totals:         7       0       0       0       0       0       0       0       0
Total ram usage:        7 bytes
 Hardware stack levels used:    1
 Hardware stack levels required when called:    4
 This function calls:
		_set_time
		_timer1_enable
 This function is called by:
		_high_isr
 This function uses a non-reentrant model


 *************** function _timer1_enable *****************
 Defined at:
		line 525 in file "user.c"
 Parameters:    Size  Location     Type
		None
 Auto vars:     Size  Location     Type
		None
 Return value:  Size  Location     Type
                  1    wreg      void 
 Registers used:
		status,2, status,0
 Tracked objects:
		On entry : 
		On exit  : 
		Unchanged: 
 Data sizes:     COMRAM   BANK0   BANK1   BANK2   BANK3   BANK4   BANK5   BANK6   BANK7
      Params:         0       0       0       0       0       0       0       0       0
      Locals:         0       0       0       0       0       0       0       0       0
      Temps:          0       0       0       0       0       0       0       0       0
      Totals:         0       0       0       0       0       0       0       0       0
Total ram usage:        0 bytes
 Hardware stack levels used:    1
 This function calls:
		Nothing
 This function is called by:
		_get_next_state
 This function uses a non-reentrant model


 *************** function _set_time *****************
 Defined at:
		line 225 in file "user.c"
 Parameters:    Size  Location     Type
  seconds         1    wreg     unsigned char 
  minutes         1    7[COMRAM] unsigned char 
  hour            1    8[COMRAM] unsigned char 
 Auto vars:     Size  Location     Type
  seconds         1    9[COMRAM] unsigned char 
  hour_reg        1   12[COMRAM] unsigned char 
  min_reg         1   11[COMRAM] unsigned char 
  sec_reg         1   10[COMRAM] unsigned char 
 Return value:  Size  Location     Type
                  1    wreg      void 
 Registers used:
		wreg, status,2, status,0, cstack
 Tracked objects:
		On entry : 
		On exit  : 
		Unchanged: 
 Data sizes:     COMRAM   BANK0   BANK1   BANK2   BANK3   BANK4   BANK5   BANK6   BANK7
      Params:         2       0       0       0       0       0       0       0       0
      Locals:         4       0       0       0       0       0       0       0       0
      Temps:          0       0       0       0       0       0       0       0       0
      Totals:         6       0       0       0       0       0       0       0       0
Total ram usage:        6 bytes
 Hardware stack levels used:    1
 Hardware stack levels required when called:    3
 This function calls:
		_byte_write
		_get_hour_reg
		i2_get_seconds_reg
 This function is called by:
		_get_next_state
 This function uses a non-reentrant model


 *************** function i2_get_seconds_reg *****************
 Defined at:
		line 286 in file "user.c"
 Parameters:    Size  Location     Type
  seconds         1    wreg     unsigned char 
 Auto vars:     Size  Location     Type
  seconds         1    1[COMRAM] unsigned char 
  get_seconds_    1    0[COMRAM] unsigned char 
 Return value:  Size  Location     Type
                  1    wreg      unsigned char 
 Registers used:
		wreg, status,2, status,0
 Tracked objects:
		On entry : 
		On exit  : 
		Unchanged: 
 Data sizes:     COMRAM   BANK0   BANK1   BANK2   BANK3   BANK4   BANK5   BANK6   BANK7
      Params:         0       0       0       0       0       0       0       0       0
      Locals:         2       0       0       0       0       0       0       0       0
      Temps:          0       0       0       0       0       0       0       0       0
      Totals:         2       0       0       0       0       0       0       0       0
Total ram usage:        2 bytes
 Hardware stack levels used:    1
 This function calls:
		Nothing
 This function is called by:
		_set_time
 This function uses a non-reentrant model


 *************** function _get_hour_reg *****************
 Defined at:
		line 318 in file "user.c"
 Parameters:    Size  Location     Type
  hour            1    wreg     unsigned char 
 Auto vars:     Size  Location     Type
  hour            1    1[COMRAM] unsigned char 
  res             1    0[COMRAM] unsigned char 
 Return value:  Size  Location     Type
                  1    wreg      unsigned char 
 Registers used:
		wreg, status,2, status,0
 Tracked objects:
		On entry : 
		On exit  : 
		Unchanged: 
 Data sizes:     COMRAM   BANK0   BANK1   BANK2   BANK3   BANK4   BANK5   BANK6   BANK7
      Params:         0       0       0       0       0       0       0       0       0
      Locals:         2       0       0       0       0       0       0       0       0
      Temps:          0       0       0       0       0       0       0       0       0
      Totals:         2       0       0       0       0       0       0       0       0
Total ram usage:        2 bytes
 Hardware stack levels used:    1
 This function calls:
		Nothing
 This function is called by:
		_set_time
 This function uses a non-reentrant model


 *************** function _byte_write *****************
 Defined at:
		line 213 in file "user.c"
 Parameters:    Size  Location     Type
  address         1    wreg     unsigned char 
  value           1    5[COMRAM] unsigned char 
 Auto vars:     Size  Location     Type
  address         1    6[COMRAM] unsigned char 
 Return value:  Size  Location     Type
                  1    wreg      void 
 Registers used:
		wreg, status,2, status,0, cstack
 Tracked objects:
		On entry : 
		On exit  : 
		Unchanged: 
 Data sizes:     COMRAM   BANK0   BANK1   BANK2   BANK3   BANK4   BANK5   BANK6   BANK7
      Params:         1       0       0       0       0       0       0       0       0
      Locals:         1       0       0       0       0       0       0       0       0
      Temps:          0       0       0       0       0       0       0       0       0
      Totals:         2       0       0       0       0       0       0       0       0
Total ram usage:        2 bytes
 Hardware stack levels used:    1
 Hardware stack levels required when called:    2
 This function calls:
		i2_ce_disable
		i2_ce_enable
		i2_send_command
 This function is called by:
		_set_time
 This function uses a non-reentrant model


 *************** function i2_send_command *****************
 Defined at:
		line 339 in file "user.c"
 Parameters:    Size  Location     Type
  command         1    wreg     unsigned char 
 Auto vars:     Size  Location     Type
  command         1    2[COMRAM] unsigned char 
  send_command    2    3[COMRAM] int 
 Return value:  Size  Location     Type
                  1    wreg      void 
 Registers used:
		wreg, status,2, status,0, cstack
 Tracked objects:
		On entry : 
		On exit  : 
		Unchanged: 
 Data sizes:     COMRAM   BANK0   BANK1   BANK2   BANK3   BANK4   BANK5   BANK6   BANK7
      Params:         0       0       0       0       0       0       0       0       0
      Locals:         3       0       0       0       0       0       0       0       0
      Temps:          2       0       0       0       0       0       0       0       0
      Totals:         5       0       0       0       0       0       0       0       0
Total ram usage:        5 bytes
 Hardware stack levels used:    1
 Hardware stack levels required when called:    1
 This function calls:
		i2_io_as_output
 This function is called by:
		_byte_write
 This function uses a non-reentrant model


 *************** function i2_io_as_output *****************
 Defined at:
		line 361 in file "user.c"
 Parameters:    Size  Location     Type
		None
 Auto vars:     Size  Location     Type
		None
 Return value:  Size  Location     Type
                  1    wreg      void 
 Registers used:
		None
 Tracked objects:
		On entry : 
		On exit  : 
		Unchanged: 
 Data sizes:     COMRAM   BANK0   BANK1   BANK2   BANK3   BANK4   BANK5   BANK6   BANK7
      Params:         0       0       0       0       0       0       0       0       0
      Locals:         0       0       0       0       0       0       0       0       0
      Temps:          0       0       0       0       0       0       0       0       0
      Totals:         0       0       0       0       0       0       0       0       0
Total ram usage:        0 bytes
 Hardware stack levels used:    1
 This function calls:
		Nothing
 This function is called by:
		i2_send_command
 This function uses a non-reentrant model


 *************** function i2_ce_enable *****************
 Defined at:
		line 172 in file "user.c"
 Parameters:    Size  Location     Type
		None
 Auto vars:     Size  Location     Type
		None
 Return value:  Size  Location     Type
                  1    wreg      void 
 Registers used:
		None
 Tracked objects:
		On entry : 
		On exit  : 
		Unchanged: 
 Data sizes:     COMRAM   BANK0   BANK1   BANK2   BANK3   BANK4   BANK5   BANK6   BANK7
      Params:         0       0       0       0       0       0       0       0       0
      Locals:         0       0       0       0       0       0       0       0       0
      Temps:          0       0       0       0       0       0       0       0       0
      Totals:         0       0       0       0       0       0       0       0       0
Total ram usage:        0 bytes
 Hardware stack levels used:    1
 This function calls:
		Nothing
 This function is called by:
		_byte_write
 This function uses a non-reentrant model


 *************** function i2_ce_disable *****************
 Defined at:
		line 179 in file "user.c"
 Parameters:    Size  Location     Type
		None
 Auto vars:     Size  Location     Type
		None
 Return value:  Size  Location     Type
                  1    wreg      void 
 Registers used:
		None
 Tracked objects:
		On entry : 
		On exit  : 
		Unchanged: 
 Data sizes:     COMRAM   BANK0   BANK1   BANK2   BANK3   BANK4   BANK5   BANK6   BANK7
      Params:         0       0       0       0       0       0       0       0       0
      Locals:         0       0       0       0       0       0       0       0       0
      Temps:          0       0       0       0       0       0       0       0       0
      Totals:         0       0       0       0       0       0       0       0       0
Total ram usage:        0 bytes
 Hardware stack levels used:    1
 This function calls:
		Nothing
 This function is called by:
		_byte_write
 This function uses a non-reentrant model



MODULE INFORMATION

Module		Function		Class		Link	Load	Size
interrupts.c
		_high_isr      		CODE           	0008	0000	777

interrupts.c estimated size: 777

shared
		i2_send_command		CODE           	0B58	0000	91
		i2_ce_enable   		CODE           	0EB0	0000	5
		__initialization		CODE           	0E38	0000	19
		i2_buzzer_disable		CODE           	0E78	0000	9
		i2_ce_disable  		CODE           	0E8E	0000	7
		i2_get_seconds_reg		CODE           	0CB6	0000	87
		i2_io_as_output		CODE           	0EAC	0000	5

shared estimated size: 223

user.c
		_get_next_state		CODE           	049A	0000	391
		_put_num       		CODE           	0BB2	0000	89
		_put_nums      		CODE           	0DD6	0000	55
		_byte_write    		CODE           	0E58	0000	25
		_get_hour_reg  		CODE           	0E0C	0000	45
		_point_disable 		CODE           	0EA4	0000	5
		_get_timer1_counter		CODE           	0900	0000	163
		_ce_disable    		CODE           	0E88	0000	7
		_ir_get_human_code		CODE           	0620	0000	303
		_byte_read     		CODE           	0A34	0000	111
		_buzzer_enable 		CODE           	0E80	0000	9
		_InitApp       		CODE           	0AA2	0000	93
		_update_point  		CODE           	0D0C	0000	73
		_get_time      		CODE           	074E	0000	263
		_update_buzzer 		CODE           	0D54	0000	73
		_buzzer_disable		CODE           	0E70	0000	9
		_send_command  		CODE           	0AFE	0000	91
		_ir_is_code_number		CODE           	0C0A	0000	87
		_get_num       		CODE           	0854	0000	173
		_get_seconds_reg		CODE           	0C60	0000	87
		_set_time      		CODE           	0D9C	0000	59
		_io_as_input   		CODE           	0E98	0000	5
		_ce_enable     		CODE           	0E9C	0000	5
		_point_enable  		CODE           	0EA0	0000	5
		_update_timer1_counter_10		CODE           	09A2	0000	147
		_timer1_enable 		CODE           	0EA8	0000	5
		_io_as_output  		CODE           	0E94	0000	5

user.c estimated size: 2383

main.c
		_main          		CODE           	0314	0000	391

main.c estimated size: 391

system.c
		_ConfigureOscillator		CODE           	0EB4	0000	3

system.c estimated size: 3

